[INFO] Scanning for projects...
[INFO] 
[INFO] --------------------< com.payment-app:Api-Gateway >---------------------
[INFO] Building Api-Gateway 0.0.1-SNAPSHOT
[INFO]   from pom.xml
[INFO] --------------------------------[ jar ]---------------------------------
[INFO] 
[INFO] >>> spring-boot:3.3.5:run (default-cli) > test-compile @ Api-Gateway >>>
[INFO] 
[INFO] --- resources:3.3.1:resources (default-resources) @ Api-Gateway ---
[INFO] Copying 1 resource from src\main\resources to target\classes
[INFO] Copying 0 resource from src\main\resources to target\classes
[INFO] 
[INFO] --- compiler:3.13.0:compile (default-compile) @ Api-Gateway ---
[INFO] Nothing to compile - all classes are up to date.
[INFO] 
[INFO] --- resources:3.3.1:testResources (default-testResources) @ Api-Gateway ---
[INFO] skip non existing resourceDirectory C:\Users\Asus\Desktop\Payment-wallet\Api-Gateway\src\test\resources
[INFO] 
[INFO] --- compiler:3.13.0:testCompile (default-testCompile) @ Api-Gateway ---
[INFO] Nothing to compile - all classes are up to date.
[INFO] 
[INFO] <<< spring-boot:3.3.5:run (default-cli) < test-compile @ Api-Gateway <<<
[INFO] 
[INFO] 
[INFO] --- spring-boot:3.3.5:run (default-cli) @ Api-Gateway ---
[INFO] Attaching agents: []
09:47:04.781 [main] INFO com.admin.ApiGatewayApplication -- Starting Api-Gateway...

  .   ____          _            __ _ _
 /\\ / ___'_ __ _ _(_)_ __  __ _ \ \ \ \
( ( )\___ | '_ | '_| | '_ \/ _` | \ \ \ \
 \\/  ___)| |_)| | | | | || (_| |  ) ) ) )
  '  |____| .__|_| |_|_| |_\__, | / / / /
 =========|_|==============|___/=/_/_/_/

 :: Spring Boot ::                (v3.3.5)

2026-03-27T09:47:06.884+05:30  INFO 28236 --- [Api-Gateway] [           main] com.admin.ApiGatewayApplication          : Starting ApiGatewayApplication using Java 21.0.6 with PID 28236 (C:\Users\Asus\Desktop\Payment-wallet\Api-Gateway\target\classes started by Asus in C:\Users\Asus\Desktop\Payment-wallet\Api-Gateway)
2026-03-27T09:47:06.901+05:30  INFO 28236 --- [Api-Gateway] [           main] com.admin.ApiGatewayApplication          : No active profile set, falling back to 1 default profile: "default"
2026-03-27T09:47:09.932+05:30  INFO 28236 --- [Api-Gateway] [           main] o.s.cloud.context.scope.GenericScope     : BeanFactory id=e28b1712-8195-3013-a928-4e6a8b7f3212
2026-03-27T09:47:10.022+05:30  WARN 28236 --- [Api-Gateway] [           main] trationDelegate$BeanPostProcessorChecker : Bean 'org.springframework.cloud.client.loadbalancer.LoadBalancerAutoConfiguration$DeferringLoadBalancerInterceptorConfig' of type [org.springframework.cloud.client.loadbalancer.LoadBalancerAutoConfiguration$DeferringLoadBalancerInterceptorConfig] is not eligible for getting processed by all BeanPostProcessors (for example: not eligible for auto-proxying). The currently created BeanPostProcessor [lbRestClientPostProcessor] is declared through a non-static factory method on that class; consider declaring it as static instead.
2026-03-27T09:47:10.039+05:30  WARN 28236 --- [Api-Gateway] [           main] trationDelegate$BeanPostProcessorChecker : Bean 'deferringLoadBalancerInterceptor' of type [org.springframework.cloud.client.loadbalancer.DeferringLoadBalancerInterceptor] is not eligible for getting processed by all BeanPostProcessors (for example: not eligible for auto-proxying). Is this bean getting eagerly injected/applied to a currently created BeanPostProcessor [lbRestClientPostProcessor]? Check the corresponding BeanPostProcessor declaration and its dependencies/advisors. If this bean does not have to be post-processed, declare it with ROLE_INFRASTRUCTURE.
2026-03-27T09:47:10.047+05:30  WARN 28236 --- [Api-Gateway] [           main] trationDelegate$BeanPostProcessorChecker : Bean 'org.springframework.cloud.client.loadbalancer.reactive.LoadBalancerBeanPostProcessorAutoConfiguration' of type [org.springframework.cloud.client.loadbalancer.reactive.LoadBalancerBeanPostProcessorAutoConfiguration] is not eligible for getting processed by all BeanPostProcessors (for example: not eligible for auto-proxying). The currently created BeanPostProcessor [loadBalancerWebClientBuilderBeanPostProcessor] is declared through a non-static factory method on that class; consider declaring it as static instead.
2026-03-27T09:47:10.049+05:30  WARN 28236 --- [Api-Gateway] [           main] trationDelegate$BeanPostProcessorChecker : Bean 'org.springframework.cloud.client.loadbalancer.reactive.LoadBalancerBeanPostProcessorAutoConfiguration$ReactorDeferringLoadBalancerFilterConfig' of type [org.springframework.cloud.client.loadbalancer.reactive.LoadBalancerBeanPostProcessorAutoConfiguration$ReactorDeferringLoadBalancerFilterConfig] is not eligible for getting processed by all BeanPostProcessors (for example: not eligible for auto-proxying). Is this bean getting eagerly injected/applied to a currently created BeanPostProcessor [loadBalancerWebClientBuilderBeanPostProcessor]? Check the corresponding BeanPostProcessor declaration and its dependencies/advisors. If this bean does not have to be post-processed, declare it with ROLE_INFRASTRUCTURE.
2026-03-27T09:47:10.051+05:30  WARN 28236 --- [Api-Gateway] [           main] trationDelegate$BeanPostProcessorChecker : Bean 'reactorDeferringLoadBalancerExchangeFilterFunction' of type [org.springframework.cloud.client.loadbalancer.reactive.DeferringLoadBalancerExchangeFilterFunction] is not eligible for getting processed by all BeanPostProcessors (for example: not eligible for auto-proxying). Is this bean getting eagerly injected/applied to a currently created BeanPostProcessor [loadBalancerWebClientBuilderBeanPostProcessor]? Check the corresponding BeanPostProcessor declaration and its dependencies/advisors. If this bean does not have to be post-processed, declare it with ROLE_INFRASTRUCTURE.
2026-03-27T09:47:11.735+05:30  INFO 28236 --- [Api-Gateway] [           main] o.s.cloud.commons.util.InetUtils         : Cannot determine local hostname
2026-03-27T09:47:12.776+05:30  INFO 28236 --- [Api-Gateway] [           main] o.s.cloud.commons.util.InetUtils         : Cannot determine local hostname
2026-03-27T09:47:13.049+05:30 DEBUG 28236 --- [Api-Gateway] [           main] o.s.c.gateway.config.GatewayProperties   : Routes supplied from Gateway Properties: [RouteDefinition{id='AUTH-SERVICE', predicates=[PredicateDefinition{name='Path', args={_genkey_0=/auth/**}}], filters=[], uri=lb://USER-SERVICE, order=0, metadata={}}, RouteDefinition{id='ADMIN-SERVICE', predicates=[PredicateDefinition{name='Path', args={_genkey_0=/admin/**}}], filters=[], uri=lb://ADMIN-SERVICE, order=0, metadata={}}, RouteDefinition{id='KYC-SERVICE', predicates=[PredicateDefinition{name='Path', args={_genkey_0=/kyc/**}}], filters=[], uri=lb://KYC-SERVICE, order=0, metadata={}}, RouteDefinition{id='PAYMENT-SERVICES', predicates=[PredicateDefinition{name='Path', args={_genkey_0=/api/payments/**}}], filters=[FilterDefinition{name='CircuitBreaker', args={_genkey_0=name:paymentCircuitBreaker, _genkey_1=fallbackUri:forward:/fallback/payment}}], uri=lb://PAYMENT-SERVICES, order=0, metadata={}}, RouteDefinition{id='WALLET-SERVICE', predicates=[PredicateDefinition{name='Path', args={_genkey_0=/api/wallets/**}}], filters=[FilterDefinition{name='CircuitBreaker', args={_genkey_0=name:walletCircuitBreaker, _genkey_1=fallbackUri:forward:/fallback/general}}], uri=lb://WALLET-SERVICE, order=0, metadata={}}, RouteDefinition{id='TRANSACTION-SERVICE', predicates=[PredicateDefinition{name='Path', args={_genkey_0=/api/transaction/**}}], filters=[FilterDefinition{name='CircuitBreaker', args={_genkey_0=name:transactionCircuitBreaker, _genkey_1=fallbackUri:forward:/fallback/general}}], uri=lb://TRANSACTION-SERVICE, order=0, metadata={}}, RouteDefinition{id='REWARDS-SERVICE', predicates=[PredicateDefinition{name='Path', args={_genkey_0=/api/rewards/**}}], filters=[FilterDefinition{name='CircuitBreaker', args={_genkey_0=name:rewardCircuitBreaker, _genkey_1=fallbackUri:forward:/fallback/reward}}], uri=lb://REWARDS-SERVICE, order=0, metadata={}}, RouteDefinition{id='NOTIFICATION-SERVICE', predicates=[PredicateDefinition{name='Path', args={_genkey_0=/api/notifications/**}}], filters=[FilterDefinition{name='CircuitBreaker', args={_genkey_0=name:notificationCircuitBreaker, _genkey_1=fallbackUri:forward:/fallback/general}}], uri=lb://NOTIFICATION-SERVICE, order=0, metadata={}}, RouteDefinition{id='USER-SERVICE', predicates=[PredicateDefinition{name='Path', args={_genkey_0=/users/**}}], filters=[], uri=lb://USER-SERVICE, order=0, metadata={}}]
2026-03-27T09:47:13.163+05:30  INFO 28236 --- [Api-Gateway] [           main] o.s.c.g.r.RouteDefinitionRouteLocator    : Loaded RoutePredicateFactory [After]
2026-03-27T09:47:13.163+05:30  INFO 28236 --- [Api-Gateway] [           main] o.s.c.g.r.RouteDefinitionRouteLocator    : Loaded RoutePredicateFactory [Before]
2026-03-27T09:47:13.164+05:30  INFO 28236 --- [Api-Gateway] [           main] o.s.c.g.r.RouteDefinitionRouteLocator    : Loaded RoutePredicateFactory [Between]
2026-03-27T09:47:13.164+05:30  INFO 28236 --- [Api-Gateway] [           main] o.s.c.g.r.RouteDefinitionRouteLocator    : Loaded RoutePredicateFactory [Cookie]
2026-03-27T09:47:13.164+05:30  INFO 28236 --- [Api-Gateway] [           main] o.s.c.g.r.RouteDefinitionRouteLocator    : Loaded RoutePredicateFactory [Header]
2026-03-27T09:47:13.164+05:30  INFO 28236 --- [Api-Gateway] [           main] o.s.c.g.r.RouteDefinitionRouteLocator    : Loaded RoutePredicateFactory [Host]
2026-03-27T09:47:13.165+05:30  INFO 28236 --- [Api-Gateway] [           main] o.s.c.g.r.RouteDefinitionRouteLocator    : Loaded RoutePredicateFactory [Method]
2026-03-27T09:47:13.165+05:30  INFO 28236 --- [Api-Gateway] [           main] o.s.c.g.r.RouteDefinitionRouteLocator    : Loaded RoutePredicateFactory [Path]
2026-03-27T09:47:13.165+05:30  INFO 28236 --- [Api-Gateway] [           main] o.s.c.g.r.RouteDefinitionRouteLocator    : Loaded RoutePredicateFactory [Query]
2026-03-27T09:47:13.165+05:30  INFO 28236 --- [Api-Gateway] [           main] o.s.c.g.r.RouteDefinitionRouteLocator    : Loaded RoutePredicateFactory [ReadBody]
2026-03-27T09:47:13.166+05:30  INFO 28236 --- [Api-Gateway] [           main] o.s.c.g.r.RouteDefinitionRouteLocator    : Loaded RoutePredicateFactory [RemoteAddr]
2026-03-27T09:47:13.166+05:30  INFO 28236 --- [Api-Gateway] [           main] o.s.c.g.r.RouteDefinitionRouteLocator    : Loaded RoutePredicateFactory [XForwardedRemoteAddr]
2026-03-27T09:47:13.166+05:30  INFO 28236 --- [Api-Gateway] [           main] o.s.c.g.r.RouteDefinitionRouteLocator    : Loaded RoutePredicateFactory [Weight]
2026-03-27T09:47:13.166+05:30  INFO 28236 --- [Api-Gateway] [           main] o.s.c.g.r.RouteDefinitionRouteLocator    : Loaded RoutePredicateFactory [CloudFoundryRouteService]
2026-03-27T09:47:14.406+05:30  INFO 28236 --- [Api-Gateway] [           main] o.s.cloud.commons.util.InetUtils         : Cannot determine local hostname
2026-03-27T09:47:14.472+05:30  INFO 28236 --- [Api-Gateway] [           main] o.s.b.a.e.web.EndpointLinksResolver      : Exposing 3 endpoints beneath base path '/actuator'
2026-03-27T09:47:14.818+05:30  INFO 28236 --- [Api-Gateway] [           main] DiscoveryClientOptionalArgsConfiguration : Eureka HTTP Client uses RestTemplate.
2026-03-27T09:47:14.886+05:30  WARN 28236 --- [Api-Gateway] [           main] iguration$LoadBalancerCaffeineWarnLogger : Spring Cloud LoadBalancer is currently working with the default cache. While this cache implementation is useful for development and tests, it's recommended to use Caffeine cache in production.You can switch to using Caffeine cache, by adding it and org.springframework.cache.caffeine.CaffeineCacheManager to the classpath.
2026-03-27T09:47:14.955+05:30  INFO 28236 --- [Api-Gateway] [           main] o.s.c.n.eureka.InstanceInfoFactory       : Setting initial instance status as: STARTING
2026-03-27T09:47:14.989+05:30  INFO 28236 --- [Api-Gateway] [           main] com.netflix.discovery.DiscoveryClient    : Initializing Eureka in region us-east-1
2026-03-27T09:47:15.000+05:30  INFO 28236 --- [Api-Gateway] [           main] c.n.d.s.r.aws.ConfigClusterResolver      : Resolving eureka endpoints via configuration
2026-03-27T09:47:15.009+05:30  INFO 28236 --- [Api-Gateway] [           main] com.netflix.discovery.DiscoveryClient    : Disable delta property : false
2026-03-27T09:47:15.010+05:30  INFO 28236 --- [Api-Gateway] [           main] com.netflix.discovery.DiscoveryClient    : Single vip registry refresh property : null
2026-03-27T09:47:15.010+05:30  INFO 28236 --- [Api-Gateway] [           main] com.netflix.discovery.DiscoveryClient    : Force full registry fetch : false
2026-03-27T09:47:15.010+05:30  INFO 28236 --- [Api-Gateway] [           main] com.netflix.discovery.DiscoveryClient    : Application is null : false
2026-03-27T09:47:15.010+05:30  INFO 28236 --- [Api-Gateway] [           main] com.netflix.discovery.DiscoveryClient    : Registered Applications size is zero : true
2026-03-27T09:47:15.010+05:30  INFO 28236 --- [Api-Gateway] [           main] com.netflix.discovery.DiscoveryClient    : Application version is -1: true
2026-03-27T09:47:15.010+05:30  INFO 28236 --- [Api-Gateway] [           main] com.netflix.discovery.DiscoveryClient    : Getting all instance registry info from the eureka server
2026-03-27T09:47:15.345+05:30  INFO 28236 --- [Api-Gateway] [           main] com.netflix.discovery.DiscoveryClient    : The response status is 200
2026-03-27T09:47:15.358+05:30  INFO 28236 --- [Api-Gateway] [           main] com.netflix.discovery.DiscoveryClient    : Starting heartbeat executor: renew interval is: 30
2026-03-27T09:47:15.360+05:30  INFO 28236 --- [Api-Gateway] [           main] c.n.discovery.InstanceInfoReplicator     : InstanceInfoReplicator onDemand update allowed rate per min is 4
2026-03-27T09:47:15.361+05:30  INFO 28236 --- [Api-Gateway] [           main] com.netflix.discovery.DiscoveryClient    : Discovery Client initialized at timestamp 1774585035361 with initial instances count: 5
2026-03-27T09:47:15.365+05:30  INFO 28236 --- [Api-Gateway] [           main] o.s.c.n.e.s.EurekaServiceRegistry        : Registering application API-GATEWAY with eureka with status UP
2026-03-27T09:47:15.365+05:30  INFO 28236 --- [Api-Gateway] [           main] com.netflix.discovery.DiscoveryClient    : Saw local status change event StatusChangeEvent [timestamp=1774585035365, current=UP, previous=STARTING]
2026-03-27T09:47:15.367+05:30  INFO 28236 --- [Api-Gateway] [foReplicator-%d] com.netflix.discovery.DiscoveryClient    : DiscoveryClient_API-GATEWAY/localhost:Api-Gateway:7505: registering service...
2026-03-27T09:47:15.404+05:30 DEBUG 28236 --- [Api-Gateway] [           main] o.s.c.g.r.RouteDefinitionRouteLocator    : RouteDefinition ReactiveCompositeDiscoveryClient_CONFIG-SERVIER applying {pattern=/config-servier/**} to Path
2026-03-27T09:47:15.409+05:30  INFO 28236 --- [Api-Gateway] [foReplicator-%d] com.netflix.discovery.DiscoveryClient    : DiscoveryClient_API-GATEWAY/localhost:Api-Gateway:7505 - registration status: 204
2026-03-27T09:47:15.421+05:30 DEBUG 28236 --- [Api-Gateway] [           main] o.s.c.g.r.RouteDefinitionRouteLocator    : RouteDefinition ReactiveCompositeDiscoveryClient_CONFIG-SERVIER applying filter {regexp=/config-servier/?(?<remaining>.*), replacement=/${remaining}} to RewritePath
2026-03-27T09:47:15.426+05:30 DEBUG 28236 --- [Api-Gateway] [           main] o.s.c.g.r.RouteDefinitionRouteLocator    : RouteDefinition matched: ReactiveCompositeDiscoveryClient_CONFIG-SERVIER
2026-03-27T09:47:15.427+05:30 DEBUG 28236 --- [Api-Gateway] [           main] o.s.c.g.r.RouteDefinitionRouteLocator    : RouteDefinition ReactiveCompositeDiscoveryClient_KYC-SERVICE applying {pattern=/kyc-service/**} to Path
2026-03-27T09:47:15.428+05:30 DEBUG 28236 --- [Api-Gateway] [           main] o.s.c.g.r.RouteDefinitionRouteLocator    : RouteDefinition ReactiveCompositeDiscoveryClient_KYC-SERVICE applying filter {regexp=/kyc-service/?(?<remaining>.*), replacement=/${remaining}} to RewritePath
2026-03-27T09:47:15.428+05:30 DEBUG 28236 --- [Api-Gateway] [           main] o.s.c.g.r.RouteDefinitionRouteLocator    : RouteDefinition matched: ReactiveCompositeDiscoveryClient_KYC-SERVICE
2026-03-27T09:47:15.430+05:30 DEBUG 28236 --- [Api-Gateway] [           main] o.s.c.g.r.RouteDefinitionRouteLocator    : RouteDefinition ReactiveCompositeDiscoveryClient_ADMIN-SERVICE applying {pattern=/admin-service/**} to Path
2026-03-27T09:47:15.431+05:30 DEBUG 28236 --- [Api-Gateway] [           main] o.s.c.g.r.RouteDefinitionRouteLocator    : RouteDefinition ReactiveCompositeDiscoveryClient_ADMIN-SERVICE applying filter {regexp=/admin-service/?(?<remaining>.*), replacement=/${remaining}} to RewritePath
2026-03-27T09:47:15.431+05:30 DEBUG 28236 --- [Api-Gateway] [           main] o.s.c.g.r.RouteDefinitionRouteLocator    : RouteDefinition matched: ReactiveCompositeDiscoveryClient_ADMIN-SERVICE
2026-03-27T09:47:15.432+05:30 DEBUG 28236 --- [Api-Gateway] [           main] o.s.c.g.r.RouteDefinitionRouteLocator    : RouteDefinition ReactiveCompositeDiscoveryClient_WALLET-SERVICE applying {pattern=/wallet-service/**} to Path
2026-03-27T09:47:15.433+05:30 DEBUG 28236 --- [Api-Gateway] [           main] o.s.c.g.r.RouteDefinitionRouteLocator    : RouteDefinition ReactiveCompositeDiscoveryClient_WALLET-SERVICE applying filter {regexp=/wallet-service/?(?<remaining>.*), replacement=/${remaining}} to RewritePath
2026-03-27T09:47:15.433+05:30 DEBUG 28236 --- [Api-Gateway] [           main] o.s.c.g.r.RouteDefinitionRouteLocator    : RouteDefinition matched: ReactiveCompositeDiscoveryClient_WALLET-SERVICE
2026-03-27T09:47:15.434+05:30 DEBUG 28236 --- [Api-Gateway] [           main] o.s.c.g.r.RouteDefinitionRouteLocator    : RouteDefinition ReactiveCompositeDiscoveryClient_USER-SERVICE applying {pattern=/user-service/**} to Path
2026-03-27T09:47:15.435+05:30 DEBUG 28236 --- [Api-Gateway] [           main] o.s.c.g.r.RouteDefinitionRouteLocator    : RouteDefinition ReactiveCompositeDiscoveryClient_USER-SERVICE applying filter {regexp=/user-service/?(?<remaining>.*), replacement=/${remaining}} to RewritePath
2026-03-27T09:47:15.435+05:30 DEBUG 28236 --- [Api-Gateway] [           main] o.s.c.g.r.RouteDefinitionRouteLocator    : RouteDefinition matched: ReactiveCompositeDiscoveryClient_USER-SERVICE
2026-03-27T09:47:15.436+05:30 DEBUG 28236 --- [Api-Gateway] [           main] o.s.c.g.r.RouteDefinitionRouteLocator    : RouteDefinition AUTH-SERVICE applying {_genkey_0=/auth/**} to Path
2026-03-27T09:47:15.436+05:30 DEBUG 28236 --- [Api-Gateway] [           main] o.s.c.g.r.RouteDefinitionRouteLocator    : RouteDefinition matched: AUTH-SERVICE
2026-03-27T09:47:15.437+05:30 DEBUG 28236 --- [Api-Gateway] [           main] o.s.c.g.r.RouteDefinitionRouteLocator    : RouteDefinition ADMIN-SERVICE applying {_genkey_0=/admin/**} to Path
2026-03-27T09:47:15.437+05:30 DEBUG 28236 --- [Api-Gateway] [           main] o.s.c.g.r.RouteDefinitionRouteLocator    : RouteDefinition matched: ADMIN-SERVICE
2026-03-27T09:47:15.438+05:30 DEBUG 28236 --- [Api-Gateway] [           main] o.s.c.g.r.RouteDefinitionRouteLocator    : RouteDefinition KYC-SERVICE applying {_genkey_0=/kyc/**} to Path
2026-03-27T09:47:15.438+05:30 DEBUG 28236 --- [Api-Gateway] [           main] o.s.c.g.r.RouteDefinitionRouteLocator    : RouteDefinition matched: KYC-SERVICE
2026-03-27T09:47:15.439+05:30 DEBUG 28236 --- [Api-Gateway] [           main] o.s.c.g.r.RouteDefinitionRouteLocator    : RouteDefinition PAYMENT-SERVICES applying {_genkey_0=/api/payments/**} to Path
2026-03-27T09:47:15.442+05:30 ERROR 28236 --- [Api-Gateway] [           main] o.s.c.gateway.route.CachingRouteLocator  : Refresh routes error !!!

java.lang.IllegalArgumentException: Unable to find GatewayFilterFactory with name CircuitBreaker
	at org.springframework.cloud.gateway.route.RouteDefinitionRouteLocator.loadGatewayFilters(RouteDefinitionRouteLocator.java:145) ~[spring-cloud-gateway-server-4.1.5.jar:4.1.5]
	at org.springframework.cloud.gateway.route.RouteDefinitionRouteLocator.getFilters(RouteDefinitionRouteLocator.java:192) ~[spring-cloud-gateway-server-4.1.5.jar:4.1.5]
	at org.springframework.cloud.gateway.route.RouteDefinitionRouteLocator.convertToRoute(RouteDefinitionRouteLocator.java:132) ~[spring-cloud-gateway-server-4.1.5.jar:4.1.5]
	at reactor.core.publisher.FluxMap$MapSubscriber.onNext(FluxMap.java:106) ~[reactor-core-3.6.11.jar:3.6.11]
	at reactor.core.publisher.FluxFlatMap$FlatMapMain.tryEmitScalar(FluxFlatMap.java:492) ~[reactor-core-3.6.11.jar:3.6.11]
	at reactor.core.publisher.FluxFlatMap$FlatMapMain.onNext(FluxFlatMap.java:424) ~[reactor-core-3.6.11.jar:3.6.11]
	at reactor.core.publisher.FluxMergeSequential$MergeSequentialMain.drain(FluxMergeSequential.java:439) ~[reactor-core-3.6.11.jar:3.6.11]
	at reactor.core.publisher.FluxMergeSequential$MergeSequentialMain.innerComplete(FluxMergeSequential.java:335) ~[reactor-core-3.6.11.jar:3.6.11]
	at reactor.core.publisher.FluxMergeSequential$MergeSequentialInner.onSubscribe(FluxMergeSequential.java:559) ~[reactor-core-3.6.11.jar:3.6.11]
	at reactor.core.publisher.FluxIterable.subscribe(FluxIterable.java:201) ~[reactor-core-3.6.11.jar:3.6.11]
	at reactor.core.publisher.FluxIterable.subscribe(FluxIterable.java:83) ~[reactor-core-3.6.11.jar:3.6.11]
	at reactor.core.publisher.Flux.subscribe(Flux.java:8848) ~[reactor-core-3.6.11.jar:3.6.11]
	at reactor.core.publisher.FluxMergeSequential$MergeSequentialMain.onNext(FluxMergeSequential.java:237) ~[reactor-core-3.6.11.jar:3.6.11]
	at reactor.core.publisher.FluxIterable$IterableSubscription.slowPath(FluxIterable.java:335) ~[reactor-core-3.6.11.jar:3.6.11]
	at reactor.core.publisher.FluxIterable$IterableSubscription.request(FluxIterable.java:294) ~[reactor-core-3.6.11.jar:3.6.11]
	at reactor.core.publisher.FluxMergeSequential$MergeSequentialMain.onSubscribe(FluxMergeSequential.java:198) ~[reactor-core-3.6.11.jar:3.6.11]
	at reactor.core.publisher.FluxIterable.subscribe(FluxIterable.java:201) ~[reactor-core-3.6.11.jar:3.6.11]
	at reactor.core.publisher.FluxIterable.subscribe(FluxIterable.java:83) ~[reactor-core-3.6.11.jar:3.6.11]
	at reactor.core.publisher.Flux.subscribe(Flux.java:8848) ~[reactor-core-3.6.11.jar:3.6.11]
	at reactor.core.publisher.FluxMergeSequential$MergeSequentialMain.onNext(FluxMergeSequential.java:237) ~[reactor-core-3.6.11.jar:3.6.11]
	at reactor.core.publisher.FluxIterable$IterableSubscription.slowPath(FluxIterable.java:335) ~[reactor-core-3.6.11.jar:3.6.11]
	at reactor.core.publisher.FluxIterable$IterableSubscription.request(FluxIterable.java:294) ~[reactor-core-3.6.11.jar:3.6.11]
	at reactor.core.publisher.FluxMergeSequential$MergeSequentialMain.onSubscribe(FluxMergeSequential.java:198) ~[reactor-core-3.6.11.jar:3.6.11]
	at reactor.core.publisher.FluxIterable.subscribe(FluxIterable.java:201) ~[reactor-core-3.6.11.jar:3.6.11]
	at reactor.core.publisher.FluxIterable.subscribe(FluxIterable.java:83) ~[reactor-core-3.6.11.jar:3.6.11]
	at reactor.core.publisher.Mono.subscribe(Mono.java:4576) ~[reactor-core-3.6.11.jar:3.6.11]
	at reactor.core.publisher.Mono.subscribeWith(Mono.java:4642) ~[reactor-core-3.6.11.jar:3.6.11]
	at reactor.core.publisher.Mono.subscribe(Mono.java:4542) ~[reactor-core-3.6.11.jar:3.6.11]
	at reactor.core.publisher.Mono.subscribe(Mono.java:4478) ~[reactor-core-3.6.11.jar:3.6.11]
	at reactor.core.publisher.Mono.subscribe(Mono.java:4450) ~[reactor-core-3.6.11.jar:3.6.11]
	at org.springframework.cloud.gateway.route.CachingRouteLocator.onApplicationEvent(CachingRouteLocator.java:98) ~[spring-cloud-gateway-server-4.1.5.jar:4.1.5]
	at org.springframework.cloud.gateway.route.CachingRouteLocator.onApplicationEvent(CachingRouteLocator.java:42) ~[spring-cloud-gateway-server-4.1.5.jar:4.1.5]
	at org.springframework.context.event.SimpleApplicationEventMulticaster.doInvokeListener(SimpleApplicationEventMulticaster.java:185) ~[spring-context-6.1.14.jar:6.1.14]
	at org.springframework.context.event.SimpleApplicationEventMulticaster.invokeListener(SimpleApplicationEventMulticaster.java:178) ~[spring-context-6.1.14.jar:6.1.14]
	at org.springframework.context.event.SimpleApplicationEventMulticaster.multicastEvent(SimpleApplicationEventMulticaster.java:156) ~[spring-context-6.1.14.jar:6.1.14]
	at org.springframework.context.support.AbstractApplicationContext.publishEvent(AbstractApplicationContext.java:452) ~[spring-context-6.1.14.jar:6.1.14]
	at org.springframework.context.support.AbstractApplicationContext.publishEvent(AbstractApplicationContext.java:385) ~[spring-context-6.1.14.jar:6.1.14]
	at org.springframework.cloud.gateway.route.RouteRefreshListener.reset(RouteRefreshListener.java:73) ~[spring-cloud-gateway-server-4.1.5.jar:4.1.5]
	at org.springframework.cloud.gateway.route.RouteRefreshListener.onApplicationEvent(RouteRefreshListener.java:54) ~[spring-cloud-gateway-server-4.1.5.jar:4.1.5]
	at org.springframework.context.event.SimpleApplicationEventMulticaster.doInvokeListener(SimpleApplicationEventMulticaster.java:185) ~[spring-context-6.1.14.jar:6.1.14]
	at org.springframework.context.event.SimpleApplicationEventMulticaster.invokeListener(SimpleApplicationEventMulticaster.java:178) ~[spring-context-6.1.14.jar:6.1.14]
	at org.springframework.context.event.SimpleApplicationEventMulticaster.multicastEvent(SimpleApplicationEventMulticaster.java:156) ~[spring-context-6.1.14.jar:6.1.14]
	at org.springframework.context.support.AbstractApplicationContext.publishEvent(AbstractApplicationContext.java:452) ~[spring-context-6.1.14.jar:6.1.14]
	at org.springframework.context.support.AbstractApplicationContext.publishEvent(AbstractApplicationContext.java:385) ~[spring-context-6.1.14.jar:6.1.14]
	at org.springframework.cloud.netflix.eureka.serviceregistry.EurekaAutoServiceRegistration.start(EurekaAutoServiceRegistration.java:91) ~[spring-cloud-netflix-eureka-client-4.1.3.jar:4.1.3]
	at org.springframework.context.support.DefaultLifecycleProcessor.doStart(DefaultLifecycleProcessor.java:285) ~[spring-context-6.1.14.jar:6.1.14]
	at org.springframework.context.support.DefaultLifecycleProcessor$LifecycleGroup.start(DefaultLifecycleProcessor.java:472) ~[spring-context-6.1.14.jar:6.1.14]
	at java.base/java.lang.Iterable.forEach(Iterable.java:75) ~[na:na]
	at org.springframework.context.support.DefaultLifecycleProcessor.startBeans(DefaultLifecycleProcessor.java:257) ~[spring-context-6.1.14.jar:6.1.14]
	at org.springframework.context.support.DefaultLifecycleProcessor.onRefresh(DefaultLifecycleProcessor.java:202) ~[spring-context-6.1.14.jar:6.1.14]
	at org.springframework.context.support.AbstractApplicationContext.finishRefresh(AbstractApplicationContext.java:990) ~[spring-context-6.1.14.jar:6.1.14]
	at org.springframework.context.support.AbstractApplicationContext.refresh(AbstractApplicationContext.java:628) ~[spring-context-6.1.14.jar:6.1.14]
	at org.springframework.boot.web.reactive.context.ReactiveWebServerApplicationContext.refresh(ReactiveWebServerApplicationContext.java:66) ~[spring-boot-3.3.5.jar:3.3.5]
	at org.springframework.boot.SpringApplication.refresh(SpringApplication.java:754) ~[spring-boot-3.3.5.jar:3.3.5]
	at org.springframework.boot.SpringApplication.refreshContext(SpringApplication.java:456) ~[spring-boot-3.3.5.jar:3.3.5]
	at org.springframework.boot.SpringApplication.run(SpringApplication.java:335) ~[spring-boot-3.3.5.jar:3.3.5]
	at org.springframework.boot.SpringApplication.run(SpringApplication.java:1363) ~[spring-boot-3.3.5.jar:3.3.5]
	at org.springframework.boot.SpringApplication.run(SpringApplication.java:1352) ~[spring-boot-3.3.5.jar:3.3.5]
	at com.admin.ApiGatewayApplication.main(ApiGatewayApplication.java:15) ~[classes/:na]

2026-03-27T09:47:15.450+05:30 DEBUG 28236 --- [Api-Gateway] [           main] o.s.c.g.r.RouteDefinitionRouteLocator    : RouteDefinition ReactiveCompositeDiscoveryClient_CONFIG-SERVIER applying {pattern=/config-servier/**} to Path
2026-03-27T09:47:15.451+05:30 DEBUG 28236 --- [Api-Gateway] [           main] o.s.c.g.r.RouteDefinitionRouteLocator    : RouteDefinition ReactiveCompositeDiscoveryClient_CONFIG-SERVIER applying filter {regexp=/config-servier/?(?<remaining>.*), replacement=/${remaining}} to RewritePath
2026-03-27T09:47:15.452+05:30 DEBUG 28236 --- [Api-Gateway] [           main] o.s.c.g.r.RouteDefinitionRouteLocator    : RouteDefinition matched: ReactiveCompositeDiscoveryClient_CONFIG-SERVIER
2026-03-27T09:47:15.452+05:30 DEBUG 28236 --- [Api-Gateway] [           main] o.s.c.g.r.RouteDefinitionRouteLocator    : RouteDefinition ReactiveCompositeDiscoveryClient_KYC-SERVICE applying {pattern=/kyc-service/**} to Path
2026-03-27T09:47:15.453+05:30 DEBUG 28236 --- [Api-Gateway] [           main] o.s.c.g.r.RouteDefinitionRouteLocator    : RouteDefinition ReactiveCompositeDiscoveryClient_KYC-SERVICE applying filter {regexp=/kyc-service/?(?<remaining>.*), replacement=/${remaining}} to RewritePath
2026-03-27T09:47:15.454+05:30 DEBUG 28236 --- [Api-Gateway] [           main] o.s.c.g.r.RouteDefinitionRouteLocator    : RouteDefinition matched: ReactiveCompositeDiscoveryClient_KYC-SERVICE
2026-03-27T09:47:15.455+05:30 DEBUG 28236 --- [Api-Gateway] [           main] o.s.c.g.r.RouteDefinitionRouteLocator    : RouteDefinition ReactiveCompositeDiscoveryClient_ADMIN-SERVICE applying {pattern=/admin-service/**} to Path
2026-03-27T09:47:15.456+05:30 DEBUG 28236 --- [Api-Gateway] [           main] o.s.c.g.r.RouteDefinitionRouteLocator    : RouteDefinition ReactiveCompositeDiscoveryClient_ADMIN-SERVICE applying filter {regexp=/admin-service/?(?<remaining>.*), replacement=/${remaining}} to RewritePath
2026-03-27T09:47:15.457+05:30 DEBUG 28236 --- [Api-Gateway] [           main] o.s.c.g.r.RouteDefinitionRouteLocator    : RouteDefinition matched: ReactiveCompositeDiscoveryClient_ADMIN-SERVICE
2026-03-27T09:47:15.458+05:30 DEBUG 28236 --- [Api-Gateway] [           main] o.s.c.g.r.RouteDefinitionRouteLocator    : RouteDefinition ReactiveCompositeDiscoveryClient_WALLET-SERVICE applying {pattern=/wallet-service/**} to Path
2026-03-27T09:47:15.459+05:30 DEBUG 28236 --- [Api-Gateway] [           main] o.s.c.g.r.RouteDefinitionRouteLocator    : RouteDefinition ReactiveCompositeDiscoveryClient_WALLET-SERVICE applying filter {regexp=/wallet-service/?(?<remaining>.*), replacement=/${remaining}} to RewritePath
2026-03-27T09:47:15.460+05:30 DEBUG 28236 --- [Api-Gateway] [           main] o.s.c.g.r.RouteDefinitionRouteLocator    : RouteDefinition matched: ReactiveCompositeDiscoveryClient_WALLET-SERVICE
2026-03-27T09:47:15.461+05:30 DEBUG 28236 --- [Api-Gateway] [           main] o.s.c.g.r.RouteDefinitionRouteLocator    : RouteDefinition ReactiveCompositeDiscoveryClient_USER-SERVICE applying {pattern=/user-service/**} to Path
2026-03-27T09:47:15.462+05:30 DEBUG 28236 --- [Api-Gateway] [           main] o.s.c.g.r.RouteDefinitionRouteLocator    : RouteDefinition ReactiveCompositeDiscoveryClient_USER-SERVICE applying filter {regexp=/user-service/?(?<remaining>.*), replacement=/${remaining}} to RewritePath
2026-03-27T09:47:15.463+05:30 DEBUG 28236 --- [Api-Gateway] [           main] o.s.c.g.r.RouteDefinitionRouteLocator    : RouteDefinition matched: ReactiveCompositeDiscoveryClient_USER-SERVICE
2026-03-27T09:47:15.463+05:30 DEBUG 28236 --- [Api-Gateway] [           main] o.s.c.g.r.RouteDefinitionRouteLocator    : RouteDefinition AUTH-SERVICE applying {_genkey_0=/auth/**} to Path
2026-03-27T09:47:15.465+05:30 DEBUG 28236 --- [Api-Gateway] [           main] o.s.c.g.r.RouteDefinitionRouteLocator    : RouteDefinition matched: AUTH-SERVICE
2026-03-27T09:47:15.465+05:30 DEBUG 28236 --- [Api-Gateway] [           main] o.s.c.g.r.RouteDefinitionRouteLocator    : RouteDefinition ADMIN-SERVICE applying {_genkey_0=/admin/**} to Path
2026-03-27T09:47:15.466+05:30 DEBUG 28236 --- [Api-Gateway] [           main] o.s.c.g.r.RouteDefinitionRouteLocator    : RouteDefinition matched: ADMIN-SERVICE
2026-03-27T09:47:15.467+05:30 DEBUG 28236 --- [Api-Gateway] [           main] o.s.c.g.r.RouteDefinitionRouteLocator    : RouteDefinition KYC-SERVICE applying {_genkey_0=/kyc/**} to Path
2026-03-27T09:47:15.468+05:30 DEBUG 28236 --- [Api-Gateway] [           main] o.s.c.g.r.RouteDefinitionRouteLocator    : RouteDefinition matched: KYC-SERVICE
2026-03-27T09:47:15.468+05:30 DEBUG 28236 --- [Api-Gateway] [           main] o.s.c.g.r.RouteDefinitionRouteLocator    : RouteDefinition PAYMENT-SERVICES applying {_genkey_0=/api/payments/**} to Path
2026-03-27T09:47:15.474+05:30  WARN 28236 --- [Api-Gateway] [           main] onfigReactiveWebServerApplicationContext : Exception encountered during context initialization - cancelling refresh attempt: org.springframework.context.ApplicationContextException: Failed to start bean 'eurekaAutoServiceRegistration'
2026-03-27T09:47:15.477+05:30  INFO 28236 --- [Api-Gateway] [           main] com.netflix.discovery.DiscoveryClient    : Shutting down DiscoveryClient ...
2026-03-27T09:47:18.492+05:30  INFO 28236 --- [Api-Gateway] [           main] com.netflix.discovery.DiscoveryClient    : Unregistering ...
2026-03-27T09:47:18.512+05:30  INFO 28236 --- [Api-Gateway] [           main] com.netflix.discovery.DiscoveryClient    : DiscoveryClient_API-GATEWAY/localhost:Api-Gateway:7505 - deregister  status: 200
2026-03-27T09:47:18.512+05:30  INFO 28236 --- [Api-Gateway] [           main] com.netflix.discovery.DiscoveryClient    : Completed shut down of DiscoveryClient
2026-03-27T09:47:18.524+05:30  INFO 28236 --- [Api-Gateway] [           main] .s.b.a.l.ConditionEvaluationReportLogger : 

Error starting ApplicationContext. To display the condition evaluation report re-run your application with 'debug' enabled.
2026-03-27T09:47:18.540+05:30 ERROR 28236 --- [Api-Gateway] [           main] o.s.boot.SpringApplication               : Application run failed

org.springframework.context.ApplicationContextException: Failed to start bean 'eurekaAutoServiceRegistration'
	at org.springframework.context.support.DefaultLifecycleProcessor.doStart(DefaultLifecycleProcessor.java:288) ~[spring-context-6.1.14.jar:6.1.14]
	at org.springframework.context.support.DefaultLifecycleProcessor$LifecycleGroup.start(DefaultLifecycleProcessor.java:472) ~[spring-context-6.1.14.jar:6.1.14]
	at java.base/java.lang.Iterable.forEach(Iterable.java:75) ~[na:na]
	at org.springframework.context.support.DefaultLifecycleProcessor.startBeans(DefaultLifecycleProcessor.java:257) ~[spring-context-6.1.14.jar:6.1.14]
	at org.springframework.context.support.DefaultLifecycleProcessor.onRefresh(DefaultLifecycleProcessor.java:202) ~[spring-context-6.1.14.jar:6.1.14]
	at org.springframework.context.support.AbstractApplicationContext.finishRefresh(AbstractApplicationContext.java:990) ~[spring-context-6.1.14.jar:6.1.14]
	at org.springframework.context.support.AbstractApplicationContext.refresh(AbstractApplicationContext.java:628) ~[spring-context-6.1.14.jar:6.1.14]
	at org.springframework.boot.web.reactive.context.ReactiveWebServerApplicationContext.refresh(ReactiveWebServerApplicationContext.java:66) ~[spring-boot-3.3.5.jar:3.3.5]
	at org.springframework.boot.SpringApplication.refresh(SpringApplication.java:754) ~[spring-boot-3.3.5.jar:3.3.5]
	at org.springframework.boot.SpringApplication.refreshContext(SpringApplication.java:456) ~[spring-boot-3.3.5.jar:3.3.5]
	at org.springframework.boot.SpringApplication.run(SpringApplication.java:335) ~[spring-boot-3.3.5.jar:3.3.5]
	at org.springframework.boot.SpringApplication.run(SpringApplication.java:1363) ~[spring-boot-3.3.5.jar:3.3.5]
	at org.springframework.boot.SpringApplication.run(SpringApplication.java:1352) ~[spring-boot-3.3.5.jar:3.3.5]
	at com.admin.ApiGatewayApplication.main(ApiGatewayApplication.java:15) ~[classes/:na]
Caused by: java.lang.IllegalArgumentException: Unable to find GatewayFilterFactory with name CircuitBreaker
	at org.springframework.cloud.gateway.route.RouteDefinitionRouteLocator.loadGatewayFilters(RouteDefinitionRouteLocator.java:145) ~[spring-cloud-gateway-server-4.1.5.jar:4.1.5]
	at org.springframework.cloud.gateway.route.RouteDefinitionRouteLocator.getFilters(RouteDefinitionRouteLocator.java:192) ~[spring-cloud-gateway-server-4.1.5.jar:4.1.5]
	at org.springframework.cloud.gateway.route.RouteDefinitionRouteLocator.convertToRoute(RouteDefinitionRouteLocator.java:132) ~[spring-cloud-gateway-server-4.1.5.jar:4.1.5]
	at reactor.core.publisher.FluxMap$MapSubscriber.onNext(FluxMap.java:106) ~[reactor-core-3.6.11.jar:3.6.11]
	at reactor.core.publisher.FluxFlatMap$FlatMapMain.tryEmitScalar(FluxFlatMap.java:492) ~[reactor-core-3.6.11.jar:3.6.11]
	at reactor.core.publisher.FluxFlatMap$FlatMapMain.onNext(FluxFlatMap.java:424) ~[reactor-core-3.6.11.jar:3.6.11]
	at reactor.core.publisher.FluxMergeSequential$MergeSequentialMain.drain(FluxMergeSequential.java:439) ~[reactor-core-3.6.11.jar:3.6.11]
	at reactor.core.publisher.FluxMergeSequential$MergeSequentialMain.innerComplete(FluxMergeSequential.java:335) ~[reactor-core-3.6.11.jar:3.6.11]
	at reactor.core.publisher.FluxMergeSequential$MergeSequentialInner.onSubscribe(FluxMergeSequential.java:559) ~[reactor-core-3.6.11.jar:3.6.11]
	at reactor.core.publisher.FluxIterable.subscribe(FluxIterable.java:201) ~[reactor-core-3.6.11.jar:3.6.11]
	at reactor.core.publisher.FluxIterable.subscribe(FluxIterable.java:83) ~[reactor-core-3.6.11.jar:3.6.11]
	at reactor.core.publisher.Flux.subscribe(Flux.java:8848) ~[reactor-core-3.6.11.jar:3.6.11]
	at reactor.core.publisher.FluxMergeSequential$MergeSequentialMain.onNext(FluxMergeSequential.java:237) ~[reactor-core-3.6.11.jar:3.6.11]
	at reactor.core.publisher.FluxIterable$IterableSubscription.slowPath(FluxIterable.java:335) ~[reactor-core-3.6.11.jar:3.6.11]
	at reactor.core.publisher.FluxIterable$IterableSubscription.request(FluxIterable.java:294) ~[reactor-core-3.6.11.jar:3.6.11]
	at reactor.core.publisher.FluxMergeSequential$MergeSequentialMain.onSubscribe(FluxMergeSequential.java:198) ~[reactor-core-3.6.11.jar:3.6.11]
	at reactor.core.publisher.FluxIterable.subscribe(FluxIterable.java:201) ~[reactor-core-3.6.11.jar:3.6.11]
	at reactor.core.publisher.FluxIterable.subscribe(FluxIterable.java:83) ~[reactor-core-3.6.11.jar:3.6.11]
	at reactor.core.publisher.Flux.subscribe(Flux.java:8848) ~[reactor-core-3.6.11.jar:3.6.11]
	at reactor.core.publisher.FluxMergeSequential$MergeSequentialMain.onNext(FluxMergeSequential.java:237) ~[reactor-core-3.6.11.jar:3.6.11]
	at reactor.core.publisher.FluxIterable$IterableSubscription.slowPath(FluxIterable.java:335) ~[reactor-core-3.6.11.jar:3.6.11]
	at reactor.core.publisher.FluxIterable$IterableSubscription.request(FluxIterable.java:294) ~[reactor-core-3.6.11.jar:3.6.11]
	at reactor.core.publisher.FluxMergeSequential$MergeSequentialMain.onSubscribe(FluxMergeSequential.java:198) ~[reactor-core-3.6.11.jar:3.6.11]
	at reactor.core.publisher.FluxIterable.subscribe(FluxIterable.java:201) ~[reactor-core-3.6.11.jar:3.6.11]
	at reactor.core.publisher.FluxIterable.subscribe(FluxIterable.java:83) ~[reactor-core-3.6.11.jar:3.6.11]
	at reactor.core.publisher.InternalFluxOperator.subscribe(InternalFluxOperator.java:68) ~[reactor-core-3.6.11.jar:3.6.11]
	at reactor.core.publisher.FluxDefer.subscribe(FluxDefer.java:54) ~[reactor-core-3.6.11.jar:3.6.11]
	at reactor.core.publisher.Flux.subscribe(Flux.java:8848) ~[reactor-core-3.6.11.jar:3.6.11]
	at reactor.core.publisher.Flux.blockLast(Flux.java:2816) ~[reactor-core-3.6.11.jar:3.6.11]
	at org.springframework.cloud.gateway.filter.WeightCalculatorWebFilter.lambda$onApplicationEvent$3(WeightCalculatorWebFilter.java:156) ~[spring-cloud-gateway-server-4.1.5.jar:4.1.5]
	at org.springframework.beans.factory.support.DefaultListableBeanFactory$DependencyObjectProvider.ifAvailable(DefaultListableBeanFactory.java:2126) ~[spring-beans-6.1.14.jar:6.1.14]
	at org.springframework.cloud.gateway.filter.WeightCalculatorWebFilter.onApplicationEvent(WeightCalculatorWebFilter.java:156) ~[spring-cloud-gateway-server-4.1.5.jar:4.1.5]
	at org.springframework.context.event.SimpleApplicationEventMulticaster.doInvokeListener(SimpleApplicationEventMulticaster.java:185) ~[spring-context-6.1.14.jar:6.1.14]
	at org.springframework.context.event.SimpleApplicationEventMulticaster.invokeListener(SimpleApplicationEventMulticaster.java:178) ~[spring-context-6.1.14.jar:6.1.14]
	at org.springframework.context.event.SimpleApplicationEventMulticaster.multicastEvent(SimpleApplicationEventMulticaster.java:156) ~[spring-context-6.1.14.jar:6.1.14]
	at org.springframework.context.support.AbstractApplicationContext.publishEvent(AbstractApplicationContext.java:452) ~[spring-context-6.1.14.jar:6.1.14]
	at org.springframework.context.support.AbstractApplicationContext.publishEvent(AbstractApplicationContext.java:385) ~[spring-context-6.1.14.jar:6.1.14]
	at org.springframework.cloud.gateway.route.RouteRefreshListener.reset(RouteRefreshListener.java:73) ~[spring-cloud-gateway-server-4.1.5.jar:4.1.5]
	at org.springframework.cloud.gateway.route.RouteRefreshListener.onApplicationEvent(RouteRefreshListener.java:54) ~[spring-cloud-gateway-server-4.1.5.jar:4.1.5]
	at org.springframework.context.event.SimpleApplicationEventMulticaster.doInvokeListener(SimpleApplicationEventMulticaster.java:185) ~[spring-context-6.1.14.jar:6.1.14]
	at org.springframework.context.event.SimpleApplicationEventMulticaster.invokeListener(SimpleApplicationEventMulticaster.java:178) ~[spring-context-6.1.14.jar:6.1.14]
	at org.springframework.context.event.SimpleApplicationEventMulticaster.multicastEvent(SimpleApplicationEventMulticaster.java:156) ~[spring-context-6.1.14.jar:6.1.14]
	at org.springframework.context.support.AbstractApplicationContext.publishEvent(AbstractApplicationContext.java:452) ~[spring-context-6.1.14.jar:6.1.14]
	at org.springframework.context.support.AbstractApplicationContext.publishEvent(AbstractApplicationContext.java:385) ~[spring-context-6.1.14.jar:6.1.14]
	at org.springframework.cloud.netflix.eureka.serviceregistry.EurekaAutoServiceRegistration.start(EurekaAutoServiceRegistration.java:91) ~[spring-cloud-netflix-eureka-client-4.1.3.jar:4.1.3]
	at org.springframework.context.support.DefaultLifecycleProcessor.doStart(DefaultLifecycleProcessor.java:285) ~[spring-context-6.1.14.jar:6.1.14]
	... 13 common frames omitted
	Suppressed: java.lang.Exception: #block terminated with an error
		at reactor.core.publisher.BlockingSingleSubscriber.blockingGet(BlockingSingleSubscriber.java:104) ~[reactor-core-3.6.11.jar:3.6.11]
		at reactor.core.publisher.Flux.blockLast(Flux.java:2817) ~[reactor-core-3.6.11.jar:3.6.11]
		... 30 common frames omitted

[INFO] ------------------------------------------------------------------------
[INFO] BUILD FAILURE
[INFO] ------------------------------------------------------------------------
[INFO] Total time:  17.061 s
[INFO] Finished at: 2026-03-27T09:47:19+05:30
[INFO] ------------------------------------------------------------------------
[ERROR] Failed to execute goal org.springframework.boot:spring-boot-maven-plugin:3.3.5:run (default-cli) on project Api-Gateway: Process terminated with exit code: 1 -> [Help 1]
[ERROR] 
[ERROR] To see the full stack trace of the errors, re-run Maven with the -e switch.
[ERROR] Re-run Maven using the -X switch to enable full debug logging.
[ERROR] 
[ERROR] For more information about the errors and possible solutions, please read the following articles:
[ERROR] [Help 1] http://cwiki.apache.org/confluence/display/MAVEN/MojoExecutionException
