[INFO] Scanning for projects...
[WARNING] 
[WARNING] Some problems were encountered while building the effective model for com.payment:Rewards-Service:jar:0.0.1-SNAPSHOT
[WARNING] 'dependencies.dependency.(groupId:artifactId:type:classifier)' must be unique: org.springframework.boot:spring-boot-starter-actuator:jar -> duplicate declaration of version (?) @ line 81, column 23
[WARNING] 
[WARNING] It is highly recommended to fix these problems because they threaten the stability of your build.
[WARNING] 
[WARNING] For this reason, future Maven versions might no longer support building such malformed projects.
[WARNING] 
[INFO] 
[INFO] --------------------< com.payment:Rewards-Service >---------------------
[INFO] Building Rewards-Service 0.0.1-SNAPSHOT
[INFO]   from pom.xml
[INFO] --------------------------------[ jar ]---------------------------------
[INFO] 
[INFO] >>> spring-boot:3.3.5:run (default-cli) > test-compile @ Rewards-Service >>>
[INFO] 
[INFO] --- resources:3.3.1:resources (default-resources) @ Rewards-Service ---
[INFO] Copying 1 resource from src\main\resources to target\classes
[INFO] Copying 0 resource from src\main\resources to target\classes
[INFO] 
[INFO] --- compiler:3.13.0:compile (default-compile) @ Rewards-Service ---
[INFO] Nothing to compile - all classes are up to date.
[INFO] 
[INFO] --- resources:3.3.1:testResources (default-testResources) @ Rewards-Service ---
[INFO] skip non existing resourceDirectory C:\Users\Asus\Desktop\Payment-wallet\Rewards-Service\src\test\resources
[INFO] 
[INFO] --- compiler:3.13.0:testCompile (default-testCompile) @ Rewards-Service ---
[INFO] Nothing to compile - all classes are up to date.
[INFO] 
[INFO] <<< spring-boot:3.3.5:run (default-cli) < test-compile @ Rewards-Service <<<
[INFO] 
[INFO] 
[INFO] --- spring-boot:3.3.5:run (default-cli) @ Rewards-Service ---
[INFO] Attaching agents: []

  .   ____          _            __ _ _
 /\\ / ___'_ __ _ _(_)_ __  __ _ \ \ \ \
( ( )\___ | '_ | '_| | '_ \/ _` | \ \ \ \
 \\/  ___)| |_)| | | | | || (_| |  ) ) ) )
  '  |____| .__|_| |_|_| |_\__, | / / / /
 =========|_|==============|___/=/_/_/_/

 :: Spring Boot ::                (v3.3.5)

2026-03-27T09:46:54.786+05:30  INFO 30572 --- [Rewards-Service] [  restartedMain] com.rewards.RewardsServiceApplication    : Starting RewardsServiceApplication using Java 21.0.6 with PID 30572 (C:\Users\Asus\Desktop\Payment-wallet\Rewards-Service\target\classes started by Asus in C:\Users\Asus\Desktop\Payment-wallet\Rewards-Service)
2026-03-27T09:46:54.866+05:30 DEBUG 30572 --- [Rewards-Service] [  restartedMain] com.rewards.RewardsServiceApplication    : Running with Spring Boot v3.3.5, Spring v6.1.14
2026-03-27T09:46:54.868+05:30  INFO 30572 --- [Rewards-Service] [  restartedMain] com.rewards.RewardsServiceApplication    : No active profile set, falling back to 1 default profile: "default"
2026-03-27T09:46:54.925+05:30  INFO 30572 --- [Rewards-Service] [  restartedMain] .e.DevToolsPropertyDefaultsPostProcessor : Devtools property defaults active! Set 'spring.devtools.add-properties' to 'false' to disable
2026-03-27T09:46:55.072+05:30  INFO 30572 --- [Rewards-Service] [  restartedMain] .e.DevToolsPropertyDefaultsPostProcessor : For additional web related logging consider setting the 'logging.level.web' property to 'DEBUG'
2026-03-27T09:46:56.605+05:30  INFO 30572 --- [Rewards-Service] [  restartedMain] .s.d.r.c.RepositoryConfigurationDelegate : Bootstrapping Spring Data JPA repositories in DEFAULT mode.
2026-03-27T09:46:56.845+05:30  INFO 30572 --- [Rewards-Service] [  restartedMain] .s.d.r.c.RepositoryConfigurationDelegate : Finished Spring Data repository scanning in 168 ms. Found 6 JPA repository interfaces.
2026-03-27T09:46:57.347+05:30  INFO 30572 --- [Rewards-Service] [  restartedMain] o.s.cloud.context.scope.GenericScope     : BeanFactory id=0ba5ebee-4483-31b9-850b-e772b31725e9
2026-03-27T09:46:57.708+05:30  WARN 30572 --- [Rewards-Service] [  restartedMain] trationDelegate$BeanPostProcessorChecker : Bean 'org.springframework.cloud.client.loadbalancer.LoadBalancerAutoConfiguration$DeferringLoadBalancerInterceptorConfig' of type [org.springframework.cloud.client.loadbalancer.LoadBalancerAutoConfiguration$DeferringLoadBalancerInterceptorConfig] is not eligible for getting processed by all BeanPostProcessors (for example: not eligible for auto-proxying). The currently created BeanPostProcessor [lbRestClientPostProcessor] is declared through a non-static factory method on that class; consider declaring it as static instead.
2026-03-27T09:46:57.757+05:30  WARN 30572 --- [Rewards-Service] [  restartedMain] trationDelegate$BeanPostProcessorChecker : Bean 'deferringLoadBalancerInterceptor' of type [org.springframework.cloud.client.loadbalancer.DeferringLoadBalancerInterceptor] is not eligible for getting processed by all BeanPostProcessors (for example: not eligible for auto-proxying). Is this bean getting eagerly injected/applied to a currently created BeanPostProcessor [lbRestClientPostProcessor]? Check the corresponding BeanPostProcessor declaration and its dependencies/advisors. If this bean does not have to be post-processed, declare it with ROLE_INFRASTRUCTURE.
2026-03-27T09:46:58.276+05:30  INFO 30572 --- [Rewards-Service] [  restartedMain] o.s.b.w.embedded.tomcat.TomcatWebServer  : Tomcat initialized with port 7511 (http)
2026-03-27T09:46:58.290+05:30  INFO 30572 --- [Rewards-Service] [  restartedMain] o.apache.catalina.core.StandardService   : Starting service [Tomcat]
2026-03-27T09:46:58.442+05:30  INFO 30572 --- [Rewards-Service] [  restartedMain] o.apache.catalina.core.StandardEngine    : Starting Servlet engine: [Apache Tomcat/10.1.31]
2026-03-27T09:46:58.597+05:30  INFO 30572 --- [Rewards-Service] [  restartedMain] o.a.c.c.C.[Tomcat].[localhost].[/]       : Initializing Spring embedded WebApplicationContext
2026-03-27T09:46:58.758+05:30  INFO 30572 --- [Rewards-Service] [  restartedMain] w.s.c.ServletWebServerApplicationContext : Root WebApplicationContext: initialization completed in 3682 ms
2026-03-27T09:46:59.348+05:30  INFO 30572 --- [Rewards-Service] [  restartedMain] o.hibernate.jpa.internal.util.LogHelper  : HHH000204: Processing PersistenceUnitInfo [name: default]
2026-03-27T09:46:59.396+05:30  INFO 30572 --- [Rewards-Service] [  restartedMain] org.hibernate.Version                    : HHH000412: Hibernate ORM core version 6.5.3.Final
2026-03-27T09:46:59.427+05:30  INFO 30572 --- [Rewards-Service] [  restartedMain] o.h.c.internal.RegionFactoryInitiator    : HHH000026: Second-level cache disabled
2026-03-27T09:46:59.675+05:30  INFO 30572 --- [Rewards-Service] [  restartedMain] o.s.o.j.p.SpringPersistenceUnitInfo      : No LoadTimeWeaver setup: ignoring JPA class transformer
2026-03-27T09:46:59.700+05:30  INFO 30572 --- [Rewards-Service] [  restartedMain] com.zaxxer.hikari.HikariDataSource       : HikariPool-1 - Starting...
2026-03-27T09:46:59.895+05:30  INFO 30572 --- [Rewards-Service] [  restartedMain] com.zaxxer.hikari.pool.HikariPool        : HikariPool-1 - Added connection org.postgresql.jdbc.PgConnection@247bb984
2026-03-27T09:46:59.947+05:30  INFO 30572 --- [Rewards-Service] [  restartedMain] com.zaxxer.hikari.HikariDataSource       : HikariPool-1 - Start completed.
2026-03-27T09:47:00.037+05:30  WARN 30572 --- [Rewards-Service] [  restartedMain] org.hibernate.orm.deprecation            : HHH90000025: PostgreSQLDialect does not need to be specified explicitly using 'hibernate.dialect' (remove the property setting and it will be selected by default)
2026-03-27T09:47:01.122+05:30  INFO 30572 --- [Rewards-Service] [  restartedMain] o.h.e.t.j.p.i.JtaPlatformInitiator       : HHH000489: No JTA platform available (set 'hibernate.transaction.jta.platform' to enable JTA platform integration)
2026-03-27T09:47:01.425+05:30  INFO 30572 --- [Rewards-Service] [  restartedMain] j.LocalContainerEntityManagerFactoryBean : Initialized JPA EntityManagerFactory for persistence unit 'default'
2026-03-27T09:47:02.337+05:30  WARN 30572 --- [Rewards-Service] [  restartedMain] JpaBaseConfiguration$JpaWebConfiguration : spring.jpa.open-in-view is enabled by default. Therefore, database queries may be performed during view rendering. Explicitly configure spring.jpa.open-in-view to disable this warning
2026-03-27T09:47:02.437+05:30  WARN 30572 --- [Rewards-Service] [  restartedMain] o.s.b.d.a.OptionalLiveReloadServer       : Unable to start LiveReload server
2026-03-27T09:47:03.489+05:30  INFO 30572 --- [Rewards-Service] [  restartedMain] o.s.cloud.commons.util.InetUtils         : Cannot determine local hostname
2026-03-27T09:47:03.546+05:30  INFO 30572 --- [Rewards-Service] [  restartedMain] o.s.c.openfeign.FeignClientFactoryBean   : For 'Wallet-Service' URL not provided. Will try picking an instance via load-balancing.
2026-03-27T09:47:06.790+05:30  INFO 30572 --- [Rewards-Service] [  restartedMain] o.s.cloud.commons.util.InetUtils         : Cannot determine local hostname
2026-03-27T09:47:06.930+05:30  INFO 30572 --- [Rewards-Service] [  restartedMain] DiscoveryClientOptionalArgsConfiguration : Eureka HTTP Client uses RestTemplate.
2026-03-27T09:47:07.048+05:30  WARN 30572 --- [Rewards-Service] [  restartedMain] iguration$LoadBalancerCaffeineWarnLogger : Spring Cloud LoadBalancer is currently working with the default cache. While this cache implementation is useful for development and tests, it's recommended to use Caffeine cache in production.You can switch to using Caffeine cache, by adding it and org.springframework.cache.caffeine.CaffeineCacheManager to the classpath.
2026-03-27T09:47:07.200+05:30  INFO 30572 --- [Rewards-Service] [  restartedMain] o.s.b.a.e.web.EndpointLinksResolver      : Exposing 3 endpoints beneath base path '/actuator'
2026-03-27T09:47:07.632+05:30  INFO 30572 --- [Rewards-Service] [  restartedMain] o.s.c.n.eureka.InstanceInfoFactory       : Setting initial instance status as: STARTING
2026-03-27T09:47:07.693+05:30  INFO 30572 --- [Rewards-Service] [  restartedMain] com.netflix.discovery.DiscoveryClient    : Initializing Eureka in region us-east-1
2026-03-27T09:47:07.739+05:30  INFO 30572 --- [Rewards-Service] [  restartedMain] c.n.d.s.r.aws.ConfigClusterResolver      : Resolving eureka endpoints via configuration
2026-03-27T09:47:07.749+05:30  INFO 30572 --- [Rewards-Service] [  restartedMain] com.netflix.discovery.DiscoveryClient    : Disable delta property : false
2026-03-27T09:47:07.810+05:30  INFO 30572 --- [Rewards-Service] [  restartedMain] com.netflix.discovery.DiscoveryClient    : Single vip registry refresh property : null
2026-03-27T09:47:07.811+05:30  INFO 30572 --- [Rewards-Service] [  restartedMain] com.netflix.discovery.DiscoveryClient    : Force full registry fetch : false
2026-03-27T09:47:07.872+05:30  INFO 30572 --- [Rewards-Service] [  restartedMain] com.netflix.discovery.DiscoveryClient    : Application is null : false
2026-03-27T09:47:07.873+05:30  INFO 30572 --- [Rewards-Service] [  restartedMain] com.netflix.discovery.DiscoveryClient    : Registered Applications size is zero : true
2026-03-27T09:47:07.874+05:30  INFO 30572 --- [Rewards-Service] [  restartedMain] com.netflix.discovery.DiscoveryClient    : Application version is -1: true
2026-03-27T09:47:07.935+05:30  INFO 30572 --- [Rewards-Service] [  restartedMain] com.netflix.discovery.DiscoveryClient    : Getting all instance registry info from the eureka server
2026-03-27T09:47:08.217+05:30  INFO 30572 --- [Rewards-Service] [  restartedMain] com.netflix.discovery.DiscoveryClient    : The response status is 200
2026-03-27T09:47:08.330+05:30  INFO 30572 --- [Rewards-Service] [  restartedMain] com.netflix.discovery.DiscoveryClient    : Starting heartbeat executor: renew interval is: 30
2026-03-27T09:47:08.345+05:30  INFO 30572 --- [Rewards-Service] [  restartedMain] c.n.discovery.InstanceInfoReplicator     : InstanceInfoReplicator onDemand update allowed rate per min is 4
2026-03-27T09:47:08.361+05:30  INFO 30572 --- [Rewards-Service] [  restartedMain] com.netflix.discovery.DiscoveryClient    : Discovery Client initialized at timestamp 1774585028359 with initial instances count: 5
2026-03-27T09:47:08.396+05:30  INFO 30572 --- [Rewards-Service] [  restartedMain] o.s.c.n.e.s.EurekaServiceRegistry        : Registering application REWARDS-SERVICE with eureka with status UP
2026-03-27T09:47:08.399+05:30  INFO 30572 --- [Rewards-Service] [  restartedMain] com.netflix.discovery.DiscoveryClient    : Saw local status change event StatusChangeEvent [timestamp=1774585028399, current=UP, previous=STARTING]
2026-03-27T09:47:08.404+05:30  INFO 30572 --- [Rewards-Service] [foReplicator-%d] com.netflix.discovery.DiscoveryClient    : DiscoveryClient_REWARDS-SERVICE/localhost:Rewards-Service:7511: registering service...
2026-03-27T09:47:08.457+05:30  INFO 30572 --- [Rewards-Service] [  restartedMain] o.s.b.w.embedded.tomcat.TomcatWebServer  : Tomcat started on port 7511 (http) with context path '/'
2026-03-27T09:47:08.458+05:30  INFO 30572 --- [Rewards-Service] [  restartedMain] .s.c.n.e.s.EurekaAutoServiceRegistration : Updating port to 7511
2026-03-27T09:47:08.482+05:30  INFO 30572 --- [Rewards-Service] [foReplicator-%d] com.netflix.discovery.DiscoveryClient    : DiscoveryClient_REWARDS-SERVICE/localhost:Rewards-Service:7511 - registration status: 204
2026-03-27T09:47:09.466+05:30  INFO 30572 --- [Rewards-Service] [  restartedMain] o.s.cloud.commons.util.InetUtils         : Cannot determine local hostname
2026-03-27T09:47:09.472+05:30  INFO 30572 --- [Rewards-Service] [  restartedMain] o.s.a.r.c.CachingConnectionFactory       : Attempting to connect to: [localhost:5672]
2026-03-27T09:47:09.641+05:30  INFO 30572 --- [Rewards-Service] [  restartedMain] o.s.a.r.c.CachingConnectionFactory       : Created new connection: rabbitConnectionFactory#5cdf8178:0/SimpleConnection@61802071 [delegate=amqp://guest@127.0.0.1:5672/, localPort=65206]
2026-03-27T09:47:09.864+05:30  INFO 30572 --- [Rewards-Service] [  restartedMain] com.rewards.RewardsServiceApplication    : Started RewardsServiceApplication in 16.67 seconds (process running for 17.143)
2026-03-27T09:52:07.948+05:30  INFO 30572 --- [Rewards-Service] [rap-executor-%d] c.n.d.s.r.aws.ConfigClusterResolver      : Resolving eureka endpoints via configuration
2026-03-27T09:52:36.452+05:30  INFO 30572 --- [Rewards-Service] [nio-7511-exec-1] o.a.c.c.C.[Tomcat].[localhost].[/]       : Initializing Spring DispatcherServlet 'dispatcherServlet'
2026-03-27T09:52:36.455+05:30  INFO 30572 --- [Rewards-Service] [nio-7511-exec-1] o.s.web.servlet.DispatcherServlet        : Initializing Servlet 'dispatcherServlet'
2026-03-27T09:52:36.466+05:30  INFO 30572 --- [Rewards-Service] [nio-7511-exec-1] o.s.web.servlet.DispatcherServlet        : Completed initialization in 10 ms
2026-03-27T09:52:37.501+05:30  INFO 30572 --- [Rewards-Service] [nio-7511-exec-1] o.springdoc.api.AbstractOpenApiResource  : Init duration for springdoc-openapi is: 924 ms
2026-03-27T09:57:07.960+05:30  INFO 30572 --- [Rewards-Service] [rap-executor-%d] c.n.d.s.r.aws.ConfigClusterResolver      : Resolving eureka endpoints via configuration
2026-03-27T10:02:07.970+05:30  INFO 30572 --- [Rewards-Service] [rap-executor-%d] c.n.d.s.r.aws.ConfigClusterResolver      : Resolving eureka endpoints via configuration
2026-03-27T10:07:07.978+05:30  INFO 30572 --- [Rewards-Service] [rap-executor-%d] c.n.d.s.r.aws.ConfigClusterResolver      : Resolving eureka endpoints via configuration
2026-03-27T10:12:07.999+05:30  INFO 30572 --- [Rewards-Service] [rap-executor-%d] c.n.d.s.r.aws.ConfigClusterResolver      : Resolving eureka endpoints via configuration
2026-03-27T10:17:08.006+05:30  INFO 30572 --- [Rewards-Service] [rap-executor-%d] c.n.d.s.r.aws.ConfigClusterResolver      : Resolving eureka endpoints via configuration
2026-03-27T10:17:19.185+05:30  INFO 30572 --- [Rewards-Service] [   File Watcher] rtingClassPathChangeChangedEventListener : Restarting due to 1 class path change (0 additions, 0 deletions, 1 modification)
2026-03-27T10:17:19.189+05:30  INFO 30572 --- [Rewards-Service] [       Thread-1] o.s.c.n.e.s.EurekaServiceRegistry        : Unregistering application REWARDS-SERVICE with eureka with status DOWN
2026-03-27T10:17:19.189+05:30  INFO 30572 --- [Rewards-Service] [       Thread-1] com.netflix.discovery.DiscoveryClient    : Saw local status change event StatusChangeEvent [timestamp=1774586839189, current=DOWN, previous=UP]
2026-03-27T10:17:19.189+05:30  INFO 30572 --- [Rewards-Service] [foReplicator-%d] com.netflix.discovery.DiscoveryClient    : DiscoveryClient_REWARDS-SERVICE/localhost:Rewards-Service:7511: registering service...
2026-03-27T10:17:19.197+05:30  INFO 30572 --- [Rewards-Service] [foReplicator-%d] com.netflix.discovery.DiscoveryClient    : DiscoveryClient_REWARDS-SERVICE/localhost:Rewards-Service:7511 - registration status: 204
2026-03-27T10:17:19.207+05:30  INFO 30572 --- [Rewards-Service] [ntContainer#0-2] o.s.a.r.l.SimpleMessageListenerContainer : Waiting for workers to finish.
2026-03-27T10:17:20.176+05:30  INFO 30572 --- [Rewards-Service] [ntContainer#0-2] o.s.a.r.l.SimpleMessageListenerContainer : Successfully waited for workers to finish.
2026-03-27T10:17:20.218+05:30  INFO 30572 --- [Rewards-Service] [       Thread-1] j.LocalContainerEntityManagerFactoryBean : Closing JPA EntityManagerFactory for persistence unit 'default'
2026-03-27T10:17:20.224+05:30  INFO 30572 --- [Rewards-Service] [       Thread-1] com.zaxxer.hikari.HikariDataSource       : HikariPool-1 - Shutdown initiated...
2026-03-27T10:17:20.233+05:30  INFO 30572 --- [Rewards-Service] [       Thread-1] com.zaxxer.hikari.HikariDataSource       : HikariPool-1 - Shutdown completed.
2026-03-27T10:17:20.235+05:30  INFO 30572 --- [Rewards-Service] [       Thread-1] com.netflix.discovery.DiscoveryClient    : Shutting down DiscoveryClient ...
2026-03-27T10:17:23.242+05:30  INFO 30572 --- [Rewards-Service] [       Thread-1] com.netflix.discovery.DiscoveryClient    : Unregistering ...
2026-03-27T10:17:23.260+05:30  INFO 30572 --- [Rewards-Service] [       Thread-1] com.netflix.discovery.DiscoveryClient    : DiscoveryClient_REWARDS-SERVICE/localhost:Rewards-Service:7511 - deregister  status: 200
2026-03-27T10:17:23.262+05:30  INFO 30572 --- [Rewards-Service] [       Thread-1] com.netflix.discovery.DiscoveryClient    : Completed shut down of DiscoveryClient

  .   ____          _            __ _ _
 /\\ / ___'_ __ _ _(_)_ __  __ _ \ \ \ \
( ( )\___ | '_ | '_| | '_ \/ _` | \ \ \ \
 \\/  ___)| |_)| | | | | || (_| |  ) ) ) )
  '  |____| .__|_| |_|_| |_\__, | / / / /
 =========|_|==============|___/=/_/_/_/

 :: Spring Boot ::                (v3.3.5)

2026-03-27T10:17:24.410+05:30  INFO 30572 --- [Rewards-Service] [  restartedMain] com.rewards.RewardsServiceApplication    : Starting RewardsServiceApplication using Java 21.0.6 with PID 30572 (C:\Users\Asus\Desktop\Payment-wallet\Rewards-Service\target\classes started by Asus in C:\Users\Asus\Desktop\Payment-wallet\Rewards-Service)
2026-03-27T10:17:24.410+05:30 DEBUG 30572 --- [Rewards-Service] [  restartedMain] com.rewards.RewardsServiceApplication    : Running with Spring Boot v3.3.5, Spring v6.1.14
2026-03-27T10:17:24.411+05:30  INFO 30572 --- [Rewards-Service] [  restartedMain] com.rewards.RewardsServiceApplication    : No active profile set, falling back to 1 default profile: "default"
2026-03-27T10:17:24.819+05:30  INFO 30572 --- [Rewards-Service] [  restartedMain] .s.d.r.c.RepositoryConfigurationDelegate : Bootstrapping Spring Data JPA repositories in DEFAULT mode.
2026-03-27T10:17:24.833+05:30  INFO 30572 --- [Rewards-Service] [  restartedMain] .s.d.r.c.RepositoryConfigurationDelegate : Finished Spring Data repository scanning in 12 ms. Found 6 JPA repository interfaces.
2026-03-27T10:17:24.983+05:30  INFO 30572 --- [Rewards-Service] [  restartedMain] o.s.cloud.context.scope.GenericScope     : BeanFactory id=2c5c92f4-a392-333b-a96f-6ae489ab1b73
2026-03-27T10:17:25.046+05:30  WARN 30572 --- [Rewards-Service] [  restartedMain] trationDelegate$BeanPostProcessorChecker : Bean 'org.springframework.cloud.client.loadbalancer.LoadBalancerAutoConfiguration$DeferringLoadBalancerInterceptorConfig' of type [org.springframework.cloud.client.loadbalancer.LoadBalancerAutoConfiguration$DeferringLoadBalancerInterceptorConfig] is not eligible for getting processed by all BeanPostProcessors (for example: not eligible for auto-proxying). The currently created BeanPostProcessor [lbRestClientPostProcessor] is declared through a non-static factory method on that class; consider declaring it as static instead.
2026-03-27T10:17:25.049+05:30  WARN 30572 --- [Rewards-Service] [  restartedMain] trationDelegate$BeanPostProcessorChecker : Bean 'deferringLoadBalancerInterceptor' of type [org.springframework.cloud.client.loadbalancer.DeferringLoadBalancerInterceptor] is not eligible for getting processed by all BeanPostProcessors (for example: not eligible for auto-proxying). Is this bean getting eagerly injected/applied to a currently created BeanPostProcessor [lbRestClientPostProcessor]? Check the corresponding BeanPostProcessor declaration and its dependencies/advisors. If this bean does not have to be post-processed, declare it with ROLE_INFRASTRUCTURE.
2026-03-27T10:17:25.188+05:30  INFO 30572 --- [Rewards-Service] [  restartedMain] o.s.b.w.embedded.tomcat.TomcatWebServer  : Tomcat initialized with port 7511 (http)
2026-03-27T10:17:25.190+05:30  INFO 30572 --- [Rewards-Service] [  restartedMain] o.apache.catalina.core.StandardService   : Starting service [Tomcat]
2026-03-27T10:17:25.190+05:30  INFO 30572 --- [Rewards-Service] [  restartedMain] o.apache.catalina.core.StandardEngine    : Starting Servlet engine: [Apache Tomcat/10.1.31]
2026-03-27T10:17:25.216+05:30  INFO 30572 --- [Rewards-Service] [  restartedMain] o.a.c.c.C.[Tomcat].[localhost].[/]       : Initializing Spring embedded WebApplicationContext
2026-03-27T10:17:25.217+05:30  INFO 30572 --- [Rewards-Service] [  restartedMain] w.s.c.ServletWebServerApplicationContext : Root WebApplicationContext: initialization completed in 804 ms
2026-03-27T10:17:25.453+05:30  INFO 30572 --- [Rewards-Service] [  restartedMain] o.hibernate.jpa.internal.util.LogHelper  : HHH000204: Processing PersistenceUnitInfo [name: default]
2026-03-27T10:17:25.459+05:30  INFO 30572 --- [Rewards-Service] [  restartedMain] o.h.c.internal.RegionFactoryInitiator    : HHH000026: Second-level cache disabled
2026-03-27T10:17:25.469+05:30  INFO 30572 --- [Rewards-Service] [  restartedMain] o.s.o.j.p.SpringPersistenceUnitInfo      : No LoadTimeWeaver setup: ignoring JPA class transformer
2026-03-27T10:17:25.473+05:30  INFO 30572 --- [Rewards-Service] [  restartedMain] com.zaxxer.hikari.HikariDataSource       : HikariPool-2 - Starting...
2026-03-27T10:17:25.511+05:30  INFO 30572 --- [Rewards-Service] [  restartedMain] com.zaxxer.hikari.pool.HikariPool        : HikariPool-2 - Added connection org.postgresql.jdbc.PgConnection@43fdf40a
2026-03-27T10:17:25.512+05:30  INFO 30572 --- [Rewards-Service] [  restartedMain] com.zaxxer.hikari.HikariDataSource       : HikariPool-2 - Start completed.
2026-03-27T10:17:25.519+05:30  WARN 30572 --- [Rewards-Service] [  restartedMain] org.hibernate.orm.deprecation            : HHH90000025: PostgreSQLDialect does not need to be specified explicitly using 'hibernate.dialect' (remove the property setting and it will be selected by default)
2026-03-27T10:17:25.686+05:30  INFO 30572 --- [Rewards-Service] [  restartedMain] o.h.e.t.j.p.i.JtaPlatformInitiator       : HHH000489: No JTA platform available (set 'hibernate.transaction.jta.platform' to enable JTA platform integration)
2026-03-27T10:17:25.701+05:30  INFO 30572 --- [Rewards-Service] [  restartedMain] j.LocalContainerEntityManagerFactoryBean : Initialized JPA EntityManagerFactory for persistence unit 'default'
2026-03-27T10:17:26.082+05:30  WARN 30572 --- [Rewards-Service] [  restartedMain] JpaBaseConfiguration$JpaWebConfiguration : spring.jpa.open-in-view is enabled by default. Therefore, database queries may be performed during view rendering. Explicitly configure spring.jpa.open-in-view to disable this warning
2026-03-27T10:17:26.151+05:30  WARN 30572 --- [Rewards-Service] [  restartedMain] o.s.b.d.a.OptionalLiveReloadServer       : Unable to start LiveReload server
2026-03-27T10:17:27.186+05:30  INFO 30572 --- [Rewards-Service] [  restartedMain] o.s.cloud.commons.util.InetUtils         : Cannot determine local hostname
2026-03-27T10:17:27.328+05:30  INFO 30572 --- [Rewards-Service] [  restartedMain] o.s.c.openfeign.FeignClientFactoryBean   : For 'Wallet-Service' URL not provided. Will try picking an instance via load-balancing.
2026-03-27T10:17:29.915+05:30  INFO 30572 --- [Rewards-Service] [  restartedMain] o.s.cloud.commons.util.InetUtils         : Cannot determine local hostname
2026-03-27T10:17:29.966+05:30  INFO 30572 --- [Rewards-Service] [  restartedMain] DiscoveryClientOptionalArgsConfiguration : Eureka HTTP Client uses RestTemplate.
2026-03-27T10:17:30.133+05:30  WARN 30572 --- [Rewards-Service] [  restartedMain] iguration$LoadBalancerCaffeineWarnLogger : Spring Cloud LoadBalancer is currently working with the default cache. While this cache implementation is useful for development and tests, it's recommended to use Caffeine cache in production.You can switch to using Caffeine cache, by adding it and org.springframework.cache.caffeine.CaffeineCacheManager to the classpath.
2026-03-27T10:17:30.315+05:30  INFO 30572 --- [Rewards-Service] [  restartedMain] o.s.b.a.e.web.EndpointLinksResolver      : Exposing 3 endpoints beneath base path '/actuator'
2026-03-27T10:17:30.518+05:30  INFO 30572 --- [Rewards-Service] [  restartedMain] o.s.c.n.eureka.InstanceInfoFactory       : Setting initial instance status as: STARTING
2026-03-27T10:17:30.592+05:30  INFO 30572 --- [Rewards-Service] [  restartedMain] com.netflix.discovery.DiscoveryClient    : Initializing Eureka in region us-east-1
2026-03-27T10:17:30.822+05:30  INFO 30572 --- [Rewards-Service] [  restartedMain] c.n.d.s.r.aws.ConfigClusterResolver      : Resolving eureka endpoints via configuration
2026-03-27T10:17:30.825+05:30  INFO 30572 --- [Rewards-Service] [  restartedMain] com.netflix.discovery.DiscoveryClient    : Disable delta property : false
2026-03-27T10:17:30.826+05:30  INFO 30572 --- [Rewards-Service] [  restartedMain] com.netflix.discovery.DiscoveryClient    : Single vip registry refresh property : null
2026-03-27T10:17:30.827+05:30  INFO 30572 --- [Rewards-Service] [  restartedMain] com.netflix.discovery.DiscoveryClient    : Force full registry fetch : false
2026-03-27T10:17:30.828+05:30  INFO 30572 --- [Rewards-Service] [  restartedMain] com.netflix.discovery.DiscoveryClient    : Application is null : false
2026-03-27T10:17:30.945+05:30  INFO 30572 --- [Rewards-Service] [  restartedMain] com.netflix.discovery.DiscoveryClient    : Registered Applications size is zero : true
2026-03-27T10:17:31.060+05:30  INFO 30572 --- [Rewards-Service] [  restartedMain] com.netflix.discovery.DiscoveryClient    : Application version is -1: true
2026-03-27T10:17:31.120+05:30  INFO 30572 --- [Rewards-Service] [  restartedMain] com.netflix.discovery.DiscoveryClient    : Getting all instance registry info from the eureka server
2026-03-27T10:17:31.213+05:30  INFO 30572 --- [Rewards-Service] [  restartedMain] com.netflix.discovery.DiscoveryClient    : The response status is 200
2026-03-27T10:17:31.302+05:30  INFO 30572 --- [Rewards-Service] [  restartedMain] com.netflix.discovery.DiscoveryClient    : Starting heartbeat executor: renew interval is: 30
2026-03-27T10:17:31.303+05:30  INFO 30572 --- [Rewards-Service] [  restartedMain] c.n.discovery.InstanceInfoReplicator     : InstanceInfoReplicator onDemand update allowed rate per min is 4
2026-03-27T10:17:31.305+05:30  INFO 30572 --- [Rewards-Service] [  restartedMain] com.netflix.discovery.DiscoveryClient    : Discovery Client initialized at timestamp 1774586851305 with initial instances count: 8
2026-03-27T10:17:31.330+05:30  INFO 30572 --- [Rewards-Service] [  restartedMain] o.s.c.n.e.s.EurekaServiceRegistry        : Registering application REWARDS-SERVICE with eureka with status UP
2026-03-27T10:17:31.372+05:30  INFO 30572 --- [Rewards-Service] [  restartedMain] com.netflix.discovery.DiscoveryClient    : Saw local status change event StatusChangeEvent [timestamp=1774586851372, current=UP, previous=STARTING]
2026-03-27T10:17:31.372+05:30  INFO 30572 --- [Rewards-Service] [foReplicator-%d] com.netflix.discovery.DiscoveryClient    : DiscoveryClient_REWARDS-SERVICE/localhost:Rewards-Service:7511: registering service...
2026-03-27T10:17:31.397+05:30  INFO 30572 --- [Rewards-Service] [foReplicator-%d] com.netflix.discovery.DiscoveryClient    : DiscoveryClient_REWARDS-SERVICE/localhost:Rewards-Service:7511 - registration status: 204
2026-03-27T10:17:31.449+05:30  INFO 30572 --- [Rewards-Service] [  restartedMain] o.s.b.w.embedded.tomcat.TomcatWebServer  : Tomcat started on port 7511 (http) with context path '/'
2026-03-27T10:17:31.568+05:30  INFO 30572 --- [Rewards-Service] [  restartedMain] .s.c.n.e.s.EurekaAutoServiceRegistration : Updating port to 7511
2026-03-27T10:17:32.585+05:30  INFO 30572 --- [Rewards-Service] [  restartedMain] o.s.cloud.commons.util.InetUtils         : Cannot determine local hostname
2026-03-27T10:17:32.675+05:30  INFO 30572 --- [Rewards-Service] [  restartedMain] o.s.a.r.c.CachingConnectionFactory       : Attempting to connect to: [localhost:5672]
2026-03-27T10:17:32.755+05:30  INFO 30572 --- [Rewards-Service] [  restartedMain] o.s.a.r.c.CachingConnectionFactory       : Created new connection: rabbitConnectionFactory#2eeeefa1:0/SimpleConnection@1ccc7c45 [delegate=amqp://guest@127.0.0.1:5672/, localPort=52712]
2026-03-27T10:17:32.938+05:30  INFO 30572 --- [Rewards-Service] [  restartedMain] com.rewards.RewardsServiceApplication    : Started RewardsServiceApplication in 9.575 seconds (process running for 1840.216)
2026-03-27T10:17:32.944+05:30  INFO 30572 --- [Rewards-Service] [  restartedMain] .ConditionEvaluationDeltaLoggingListener : Condition evaluation delta:


==========================
CONDITION EVALUATION DELTA
==========================


Positive matches:
-----------------

   ServletWebServerFactoryAutoConfiguration.ForwardedHeaderFilterConfiguration matched:
      - @ConditionalOnProperty (server.forward-headers-strategy=framework) matched (OnPropertyCondition)
      - @ConditionalOnMissingBean (types: org.springframework.web.filter.ForwardedHeaderFilter; SearchStrategy: all) did not find any beans (OnBeanCondition)

   ServletWebServerFactoryAutoConfiguration.ForwardedHeaderFilterConfiguration#tomcatForwardedHeaderFilterCustomizer matched:
      - @ConditionalOnClass found required class 'org.apache.catalina.startup.Tomcat' (OnClassCondition)


Negative matches:
-----------------

    None


Exclusions:
-----------

    None


Unconditional classes:
----------------------

    None



[INFO] ------------------------------------------------------------------------
[INFO] BUILD FAILURE
[INFO] ------------------------------------------------------------------------
[INFO] Total time:  31:32 min
[INFO] Finished at: 2026-03-27T10:18:20+05:30
[INFO] ------------------------------------------------------------------------
[ERROR] Failed to execute goal org.springframework.boot:spring-boot-maven-plugin:3.3.5:run (default-cli) on project Rewards-Service: Process terminated with exit code: -1 -> [Help 1]
[ERROR] 
[ERROR] To see the full stack trace of the errors, re-run Maven with the -e switch.
[ERROR] Re-run Maven using the -X switch to enable full debug logging.
[ERROR] 
[ERROR] For more information about the errors and possible solutions, please read the following articles:
[ERROR] [Help 1] http://cwiki.apache.org/confluence/display/MAVEN/MojoExecutionException
