[INFO] Scanning for projects...
[WARNING] 
[WARNING] Some problems were encountered while building the effective model for com.payment:Notification-Service:jar:0.0.1-SNAPSHOT
[WARNING] 'dependencies.dependency.(groupId:artifactId:type:classifier)' must be unique: org.springframework.boot:spring-boot-starter-actuator:jar -> duplicate declaration of version (?) @ line 93, column 15
[WARNING] 
[WARNING] It is highly recommended to fix these problems because they threaten the stability of your build.
[WARNING] 
[WARNING] For this reason, future Maven versions might no longer support building such malformed projects.
[WARNING] 
[INFO] 
[INFO] ------------------< com.payment:Notification-Service >------------------
[INFO] Building Notification-Service 0.0.1-SNAPSHOT
[INFO]   from pom.xml
[INFO] --------------------------------[ jar ]---------------------------------
[INFO] 
[INFO] >>> spring-boot:3.3.5:run (default-cli) > test-compile @ Notification-Service >>>
[INFO] 
[INFO] --- resources:3.3.1:resources (default-resources) @ Notification-Service ---
[INFO] Copying 1 resource from src\main\resources to target\classes
[INFO] Copying 0 resource from src\main\resources to target\classes
[INFO] 
[INFO] --- compiler:3.13.0:compile (default-compile) @ Notification-Service ---
[INFO] Nothing to compile - all classes are up to date.
[INFO] 
[INFO] --- resources:3.3.1:testResources (default-testResources) @ Notification-Service ---
[INFO] skip non existing resourceDirectory C:\Users\Asus\Desktop\Payment-wallet\Notification-Service\src\test\resources
[INFO] 
[INFO] --- compiler:3.13.0:testCompile (default-testCompile) @ Notification-Service ---
[INFO] Nothing to compile - all classes are up to date.
[INFO] 
[INFO] <<< spring-boot:3.3.5:run (default-cli) < test-compile @ Notification-Service <<<
[INFO] 
[INFO] 
[INFO] --- spring-boot:3.3.5:run (default-cli) @ Notification-Service ---
[INFO] Attaching agents: []

  .   ____          _            __ _ _
 /\\ / ___'_ __ _ _(_)_ __  __ _ \ \ \ \
( ( )\___ | '_ | '_| | '_ \/ _` | \ \ \ \
 \\/  ___)| |_)| | | | | || (_| |  ) ) ) )
  '  |____| .__|_| |_|_| |_\__, | / / / /
 =========|_|==============|___/=/_/_/_/

 :: Spring Boot ::                (v3.3.5)

2026-03-27T09:46:59.940+05:30  INFO 34828 --- [NOTIFICATION-SERVICE] [  restartedMain] c.n.NotificationServiceApplication       : Starting NotificationServiceApplication using Java 21.0.6 with PID 34828 (C:\Users\Asus\Desktop\Payment-wallet\Notification-Service\target\classes started by Asus in C:\Users\Asus\Desktop\Payment-wallet\Notification-Service)
2026-03-27T09:46:59.946+05:30 DEBUG 34828 --- [NOTIFICATION-SERVICE] [  restartedMain] c.n.NotificationServiceApplication       : Running with Spring Boot v3.3.5, Spring v6.1.14
2026-03-27T09:46:59.947+05:30  INFO 34828 --- [NOTIFICATION-SERVICE] [  restartedMain] c.n.NotificationServiceApplication       : No active profile set, falling back to 1 default profile: "default"
2026-03-27T09:46:59.996+05:30  INFO 34828 --- [NOTIFICATION-SERVICE] [  restartedMain] .e.DevToolsPropertyDefaultsPostProcessor : Devtools property defaults active! Set 'spring.devtools.add-properties' to 'false' to disable
2026-03-27T09:47:00.070+05:30  INFO 34828 --- [NOTIFICATION-SERVICE] [  restartedMain] .e.DevToolsPropertyDefaultsPostProcessor : For additional web related logging consider setting the 'logging.level.web' property to 'DEBUG'
2026-03-27T09:47:01.335+05:30  INFO 34828 --- [NOTIFICATION-SERVICE] [  restartedMain] .s.d.r.c.RepositoryConfigurationDelegate : Bootstrapping Spring Data JPA repositories in DEFAULT mode.
2026-03-27T09:47:01.539+05:30  INFO 34828 --- [NOTIFICATION-SERVICE] [  restartedMain] .s.d.r.c.RepositoryConfigurationDelegate : Finished Spring Data repository scanning in 126 ms. Found 1 JPA repository interface.
2026-03-27T09:47:01.840+05:30  INFO 34828 --- [NOTIFICATION-SERVICE] [  restartedMain] o.s.cloud.context.scope.GenericScope     : BeanFactory id=330ce3de-b4f7-3263-aded-34d8f4bc9f44
2026-03-27T09:47:02.174+05:30  WARN 34828 --- [NOTIFICATION-SERVICE] [  restartedMain] trationDelegate$BeanPostProcessorChecker : Bean 'org.springframework.cloud.client.loadbalancer.LoadBalancerAutoConfiguration$DeferringLoadBalancerInterceptorConfig' of type [org.springframework.cloud.client.loadbalancer.LoadBalancerAutoConfiguration$DeferringLoadBalancerInterceptorConfig] is not eligible for getting processed by all BeanPostProcessors (for example: not eligible for auto-proxying). The currently created BeanPostProcessor [lbRestClientPostProcessor] is declared through a non-static factory method on that class; consider declaring it as static instead.
2026-03-27T09:47:02.179+05:30  WARN 34828 --- [NOTIFICATION-SERVICE] [  restartedMain] trationDelegate$BeanPostProcessorChecker : Bean 'deferringLoadBalancerInterceptor' of type [org.springframework.cloud.client.loadbalancer.DeferringLoadBalancerInterceptor] is not eligible for getting processed by all BeanPostProcessors (for example: not eligible for auto-proxying). Is this bean getting eagerly injected/applied to a currently created BeanPostProcessor [lbRestClientPostProcessor]? Check the corresponding BeanPostProcessor declaration and its dependencies/advisors. If this bean does not have to be post-processed, declare it with ROLE_INFRASTRUCTURE.
2026-03-27T09:47:02.643+05:30  INFO 34828 --- [NOTIFICATION-SERVICE] [  restartedMain] o.s.b.w.embedded.tomcat.TomcatWebServer  : Tomcat initialized with port 7507 (http)
2026-03-27T09:47:02.655+05:30  INFO 34828 --- [NOTIFICATION-SERVICE] [  restartedMain] o.apache.catalina.core.StandardService   : Starting service [Tomcat]
2026-03-27T09:47:02.656+05:30  INFO 34828 --- [NOTIFICATION-SERVICE] [  restartedMain] o.apache.catalina.core.StandardEngine    : Starting Servlet engine: [Apache Tomcat/10.1.31]
2026-03-27T09:47:02.708+05:30  INFO 34828 --- [NOTIFICATION-SERVICE] [  restartedMain] o.a.c.c.C.[Tomcat].[localhost].[/]       : Initializing Spring embedded WebApplicationContext
2026-03-27T09:47:02.726+05:30  INFO 34828 --- [NOTIFICATION-SERVICE] [  restartedMain] w.s.c.ServletWebServerApplicationContext : Root WebApplicationContext: initialization completed in 2654 ms
2026-03-27T09:47:03.107+05:30  INFO 34828 --- [NOTIFICATION-SERVICE] [  restartedMain] o.hibernate.jpa.internal.util.LogHelper  : HHH000204: Processing PersistenceUnitInfo [name: default]
2026-03-27T09:47:03.165+05:30  INFO 34828 --- [NOTIFICATION-SERVICE] [  restartedMain] org.hibernate.Version                    : HHH000412: Hibernate ORM core version 6.5.3.Final
2026-03-27T09:47:03.197+05:30  INFO 34828 --- [NOTIFICATION-SERVICE] [  restartedMain] o.h.c.internal.RegionFactoryInitiator    : HHH000026: Second-level cache disabled
2026-03-27T09:47:03.485+05:30  INFO 34828 --- [NOTIFICATION-SERVICE] [  restartedMain] o.s.o.j.p.SpringPersistenceUnitInfo      : No LoadTimeWeaver setup: ignoring JPA class transformer
2026-03-27T09:47:03.528+05:30  INFO 34828 --- [NOTIFICATION-SERVICE] [  restartedMain] com.zaxxer.hikari.HikariDataSource       : HikariPool-1 - Starting...
2026-03-27T09:47:03.708+05:30  INFO 34828 --- [NOTIFICATION-SERVICE] [  restartedMain] com.zaxxer.hikari.pool.HikariPool        : HikariPool-1 - Added connection org.postgresql.jdbc.PgConnection@6f05f477
2026-03-27T09:47:03.709+05:30  INFO 34828 --- [NOTIFICATION-SERVICE] [  restartedMain] com.zaxxer.hikari.HikariDataSource       : HikariPool-1 - Start completed.
2026-03-27T09:47:03.740+05:30  WARN 34828 --- [NOTIFICATION-SERVICE] [  restartedMain] org.hibernate.orm.deprecation            : HHH90000025: PostgreSQLDialect does not need to be specified explicitly using 'hibernate.dialect' (remove the property setting and it will be selected by default)
2026-03-27T09:47:04.655+05:30  INFO 34828 --- [NOTIFICATION-SERVICE] [  restartedMain] o.h.e.t.j.p.i.JtaPlatformInitiator       : HHH000489: No JTA platform available (set 'hibernate.transaction.jta.platform' to enable JTA platform integration)
Hibernate: 
    alter table if exists notifications 
       alter column message set data type TEXT
2026-03-27T09:47:04.820+05:30  INFO 34828 --- [NOTIFICATION-SERVICE] [  restartedMain] j.LocalContainerEntityManagerFactoryBean : Initialized JPA EntityManagerFactory for persistence unit 'default'
2026-03-27T09:47:05.181+05:30  WARN 34828 --- [NOTIFICATION-SERVICE] [  restartedMain] ConfigServletWebServerApplicationContext : Exception encountered during context initialization - cancelling refresh attempt: org.springframework.beans.factory.UnsatisfiedDependencyException: Error creating bean with name 'binding' defined in class path resource [com/notification/config/RabbitConfig.class]: Unsatisfied dependency expressed through method 'binding' parameter 0: No qualifying bean of type 'org.springframework.amqp.core.Queue' available: expected single matching bean but found 2: queue,paymentQueue
2026-03-27T09:47:05.211+05:30  INFO 34828 --- [NOTIFICATION-SERVICE] [  restartedMain] j.LocalContainerEntityManagerFactoryBean : Closing JPA EntityManagerFactory for persistence unit 'default'
2026-03-27T09:47:05.273+05:30  INFO 34828 --- [NOTIFICATION-SERVICE] [  restartedMain] com.zaxxer.hikari.HikariDataSource       : HikariPool-1 - Shutdown initiated...
2026-03-27T09:47:05.279+05:30  INFO 34828 --- [NOTIFICATION-SERVICE] [  restartedMain] com.zaxxer.hikari.HikariDataSource       : HikariPool-1 - Shutdown completed.
2026-03-27T09:47:05.337+05:30  INFO 34828 --- [NOTIFICATION-SERVICE] [  restartedMain] o.apache.catalina.core.StandardService   : Stopping service [Tomcat]
2026-03-27T09:47:05.356+05:30  INFO 34828 --- [NOTIFICATION-SERVICE] [  restartedMain] .s.b.a.l.ConditionEvaluationReportLogger : 

Error starting ApplicationContext. To display the condition evaluation report re-run your application with 'debug' enabled.
2026-03-27T09:47:05.386+05:30 ERROR 34828 --- [NOTIFICATION-SERVICE] [  restartedMain] o.s.b.d.LoggingFailureAnalysisReporter   : 

***************************
APPLICATION FAILED TO START
***************************

Description:

Parameter 0 of method binding in com.notification.config.RabbitConfig required a single bean, but 2 were found:
	- queue: defined by method 'queue' in class path resource [com/notification/config/RabbitConfig.class]
	- paymentQueue: defined by method 'paymentQueue' in class path resource [com/notification/config/RabbitConfig.class]

This may be due to missing parameter name information

Action:

Consider marking one of the beans as @Primary, updating the consumer to accept multiple beans, or using @Qualifier to identify the bean that should be consumed

Ensure that your compiler is configured to use the '-parameters' flag.
You may need to update both your build tool settings as well as your IDE.
(See https://github.com/spring-projects/spring-framework/wiki/Upgrading-to-Spring-Framework-6.x#parameter-name-retention)


[INFO] ------------------------------------------------------------------------
[INFO] BUILD SUCCESS
[INFO] ------------------------------------------------------------------------
[INFO] Total time:  11.154 s
[INFO] Finished at: 2026-03-27T09:47:05+05:30
[INFO] ------------------------------------------------------------------------
