[INFO] Scanning for projects...
[WARNING] 
[WARNING] Some problems were encountered while building the effective model for com.payment:Notification-Service:jar:0.0.1-SNAPSHOT
[WARNING] 'dependencies.dependency.(groupId:artifactId:type:classifier)' must be unique: org.springframework.boot:spring-boot-starter-actuator:jar -> duplicate declaration of version (?) @ line 93, column 15
[WARNING] 
[WARNING] It is highly recommended to fix these problems because they threaten the stability of your build.
[WARNING] 
[WARNING] For this reason, future Maven versions might no longer support building such malformed projects.
[WARNING] 
[INFO] 
[INFO] ------------------< com.payment:Notification-Service >------------------
[INFO] Building Notification-Service 0.0.1-SNAPSHOT
[INFO]   from pom.xml
[INFO] --------------------------------[ jar ]---------------------------------
[INFO] 
[INFO] >>> spring-boot:3.3.5:run (default-cli) > test-compile @ Notification-Service >>>
[INFO] 
[INFO] --- resources:3.3.1:resources (default-resources) @ Notification-Service ---
[INFO] Copying 1 resource from src\main\resources to target\classes
[INFO] Copying 0 resource from src\main\resources to target\classes
[INFO] 
[INFO] --- compiler:3.13.0:compile (default-compile) @ Notification-Service ---
[INFO] Nothing to compile - all classes are up to date.
[INFO] 
[INFO] --- resources:3.3.1:testResources (default-testResources) @ Notification-Service ---
[INFO] skip non existing resourceDirectory C:\Users\Asus\Desktop\Payment-wallet\Notification-Service\src\test\resources
[INFO] 
[INFO] --- compiler:3.13.0:testCompile (default-testCompile) @ Notification-Service ---
[INFO] Nothing to compile - all classes are up to date.
[INFO] 
[INFO] <<< spring-boot:3.3.5:run (default-cli) < test-compile @ Notification-Service <<<
[INFO] 
[INFO] 
[INFO] --- spring-boot:3.3.5:run (default-cli) @ Notification-Service ---
[INFO] Attaching agents: []

  .   ____          _            __ _ _
 /\\ / ___'_ __ _ _(_)_ __  __ _ \ \ \ \
( ( )\___ | '_ | '_| | '_ \/ _` | \ \ \ \
 \\/  ___)| |_)| | | | | || (_| |  ) ) ) )
  '  |____| .__|_| |_|_| |_\__, | / / / /
 =========|_|==============|___/=/_/_/_/

 :: Spring Boot ::                (v3.3.5)

2026-03-27T09:49:14.252+05:30  INFO 19144 --- [NOTIFICATION-SERVICE] [  restartedMain] c.n.NotificationServiceApplication       : Starting NotificationServiceApplication using Java 21.0.6 with PID 19144 (C:\Users\Asus\Desktop\Payment-wallet\Notification-Service\target\classes started by Asus in C:\Users\Asus\Desktop\Payment-wallet\Notification-Service)
2026-03-27T09:49:14.255+05:30 DEBUG 19144 --- [NOTIFICATION-SERVICE] [  restartedMain] c.n.NotificationServiceApplication       : Running with Spring Boot v3.3.5, Spring v6.1.14
2026-03-27T09:49:14.255+05:30  INFO 19144 --- [NOTIFICATION-SERVICE] [  restartedMain] c.n.NotificationServiceApplication       : No active profile set, falling back to 1 default profile: "default"
2026-03-27T09:49:14.303+05:30  INFO 19144 --- [NOTIFICATION-SERVICE] [  restartedMain] .e.DevToolsPropertyDefaultsPostProcessor : Devtools property defaults active! Set 'spring.devtools.add-properties' to 'false' to disable
2026-03-27T09:49:14.303+05:30  INFO 19144 --- [NOTIFICATION-SERVICE] [  restartedMain] .e.DevToolsPropertyDefaultsPostProcessor : For additional web related logging consider setting the 'logging.level.web' property to 'DEBUG'
2026-03-27T09:49:15.256+05:30  INFO 19144 --- [NOTIFICATION-SERVICE] [  restartedMain] .s.d.r.c.RepositoryConfigurationDelegate : Bootstrapping Spring Data JPA repositories in DEFAULT mode.
2026-03-27T09:49:15.374+05:30  INFO 19144 --- [NOTIFICATION-SERVICE] [  restartedMain] .s.d.r.c.RepositoryConfigurationDelegate : Finished Spring Data repository scanning in 112 ms. Found 1 JPA repository interface.
2026-03-27T09:49:15.584+05:30  INFO 19144 --- [NOTIFICATION-SERVICE] [  restartedMain] o.s.cloud.context.scope.GenericScope     : BeanFactory id=330ce3de-b4f7-3263-aded-34d8f4bc9f44
2026-03-27T09:49:15.859+05:30  WARN 19144 --- [NOTIFICATION-SERVICE] [  restartedMain] trationDelegate$BeanPostProcessorChecker : Bean 'org.springframework.cloud.client.loadbalancer.LoadBalancerAutoConfiguration$DeferringLoadBalancerInterceptorConfig' of type [org.springframework.cloud.client.loadbalancer.LoadBalancerAutoConfiguration$DeferringLoadBalancerInterceptorConfig] is not eligible for getting processed by all BeanPostProcessors (for example: not eligible for auto-proxying). The currently created BeanPostProcessor [lbRestClientPostProcessor] is declared through a non-static factory method on that class; consider declaring it as static instead.
2026-03-27T09:49:15.863+05:30  WARN 19144 --- [NOTIFICATION-SERVICE] [  restartedMain] trationDelegate$BeanPostProcessorChecker : Bean 'deferringLoadBalancerInterceptor' of type [org.springframework.cloud.client.loadbalancer.DeferringLoadBalancerInterceptor] is not eligible for getting processed by all BeanPostProcessors (for example: not eligible for auto-proxying). Is this bean getting eagerly injected/applied to a currently created BeanPostProcessor [lbRestClientPostProcessor]? Check the corresponding BeanPostProcessor declaration and its dependencies/advisors. If this bean does not have to be post-processed, declare it with ROLE_INFRASTRUCTURE.
2026-03-27T09:49:16.264+05:30  INFO 19144 --- [NOTIFICATION-SERVICE] [  restartedMain] o.s.b.w.embedded.tomcat.TomcatWebServer  : Tomcat initialized with port 7507 (http)
2026-03-27T09:49:16.278+05:30  INFO 19144 --- [NOTIFICATION-SERVICE] [  restartedMain] o.apache.catalina.core.StandardService   : Starting service [Tomcat]
2026-03-27T09:49:16.279+05:30  INFO 19144 --- [NOTIFICATION-SERVICE] [  restartedMain] o.apache.catalina.core.StandardEngine    : Starting Servlet engine: [Apache Tomcat/10.1.31]
2026-03-27T09:49:16.328+05:30  INFO 19144 --- [NOTIFICATION-SERVICE] [  restartedMain] o.a.c.c.C.[Tomcat].[localhost].[/]       : Initializing Spring embedded WebApplicationContext
2026-03-27T09:49:16.328+05:30  INFO 19144 --- [NOTIFICATION-SERVICE] [  restartedMain] w.s.c.ServletWebServerApplicationContext : Root WebApplicationContext: initialization completed in 2024 ms
2026-03-27T09:49:16.645+05:30  INFO 19144 --- [NOTIFICATION-SERVICE] [  restartedMain] o.hibernate.jpa.internal.util.LogHelper  : HHH000204: Processing PersistenceUnitInfo [name: default]
2026-03-27T09:49:16.688+05:30  INFO 19144 --- [NOTIFICATION-SERVICE] [  restartedMain] org.hibernate.Version                    : HHH000412: Hibernate ORM core version 6.5.3.Final
2026-03-27T09:49:16.713+05:30  INFO 19144 --- [NOTIFICATION-SERVICE] [  restartedMain] o.h.c.internal.RegionFactoryInitiator    : HHH000026: Second-level cache disabled
2026-03-27T09:49:16.953+05:30  INFO 19144 --- [NOTIFICATION-SERVICE] [  restartedMain] o.s.o.j.p.SpringPersistenceUnitInfo      : No LoadTimeWeaver setup: ignoring JPA class transformer
2026-03-27T09:49:16.979+05:30  INFO 19144 --- [NOTIFICATION-SERVICE] [  restartedMain] com.zaxxer.hikari.HikariDataSource       : HikariPool-1 - Starting...
2026-03-27T09:49:17.133+05:30  INFO 19144 --- [NOTIFICATION-SERVICE] [  restartedMain] com.zaxxer.hikari.pool.HikariPool        : HikariPool-1 - Added connection org.postgresql.jdbc.PgConnection@61f2c1ae
2026-03-27T09:49:17.135+05:30  INFO 19144 --- [NOTIFICATION-SERVICE] [  restartedMain] com.zaxxer.hikari.HikariDataSource       : HikariPool-1 - Start completed.
2026-03-27T09:49:17.164+05:30  WARN 19144 --- [NOTIFICATION-SERVICE] [  restartedMain] org.hibernate.orm.deprecation            : HHH90000025: PostgreSQLDialect does not need to be specified explicitly using 'hibernate.dialect' (remove the property setting and it will be selected by default)
2026-03-27T09:49:17.886+05:30  INFO 19144 --- [NOTIFICATION-SERVICE] [  restartedMain] o.h.e.t.j.p.i.JtaPlatformInitiator       : HHH000489: No JTA platform available (set 'hibernate.transaction.jta.platform' to enable JTA platform integration)
Hibernate: 
    alter table if exists notifications 
       alter column message set data type TEXT
2026-03-27T09:49:17.933+05:30  INFO 19144 --- [NOTIFICATION-SERVICE] [  restartedMain] j.LocalContainerEntityManagerFactoryBean : Initialized JPA EntityManagerFactory for persistence unit 'default'
2026-03-27T09:49:18.607+05:30  WARN 19144 --- [NOTIFICATION-SERVICE] [  restartedMain] JpaBaseConfiguration$JpaWebConfiguration : spring.jpa.open-in-view is enabled by default. Therefore, database queries may be performed during view rendering. Explicitly configure spring.jpa.open-in-view to disable this warning
2026-03-27T09:49:20.197+05:30  INFO 19144 --- [NOTIFICATION-SERVICE] [  restartedMain] o.s.cloud.commons.util.InetUtils         : Cannot determine local hostname
2026-03-27T09:49:20.501+05:30  WARN 19144 --- [NOTIFICATION-SERVICE] [  restartedMain] o.s.b.d.a.OptionalLiveReloadServer       : Unable to start LiveReload server
2026-03-27T09:49:21.532+05:30  INFO 19144 --- [NOTIFICATION-SERVICE] [  restartedMain] o.s.cloud.commons.util.InetUtils         : Cannot determine local hostname
2026-03-27T09:49:21.556+05:30  INFO 19144 --- [NOTIFICATION-SERVICE] [  restartedMain] DiscoveryClientOptionalArgsConfiguration : Eureka HTTP Client uses RestTemplate.
2026-03-27T09:49:21.623+05:30  WARN 19144 --- [NOTIFICATION-SERVICE] [  restartedMain] iguration$LoadBalancerCaffeineWarnLogger : Spring Cloud LoadBalancer is currently working with the default cache. While this cache implementation is useful for development and tests, it's recommended to use Caffeine cache in production.You can switch to using Caffeine cache, by adding it and org.springframework.cache.caffeine.CaffeineCacheManager to the classpath.
2026-03-27T09:49:21.633+05:30  INFO 19144 --- [NOTIFICATION-SERVICE] [  restartedMain] o.s.b.a.e.web.EndpointLinksResolver      : Exposing 3 endpoints beneath base path '/actuator'
2026-03-27T09:49:21.720+05:30  INFO 19144 --- [NOTIFICATION-SERVICE] [  restartedMain] o.s.c.n.eureka.InstanceInfoFactory       : Setting initial instance status as: STARTING
2026-03-27T09:49:21.743+05:30  INFO 19144 --- [NOTIFICATION-SERVICE] [  restartedMain] com.netflix.discovery.DiscoveryClient    : Initializing Eureka in region us-east-1
2026-03-27T09:49:21.747+05:30  INFO 19144 --- [NOTIFICATION-SERVICE] [  restartedMain] c.n.d.s.r.aws.ConfigClusterResolver      : Resolving eureka endpoints via configuration
2026-03-27T09:49:21.757+05:30  INFO 19144 --- [NOTIFICATION-SERVICE] [  restartedMain] com.netflix.discovery.DiscoveryClient    : Disable delta property : false
2026-03-27T09:49:21.757+05:30  INFO 19144 --- [NOTIFICATION-SERVICE] [  restartedMain] com.netflix.discovery.DiscoveryClient    : Single vip registry refresh property : null
2026-03-27T09:49:21.758+05:30  INFO 19144 --- [NOTIFICATION-SERVICE] [  restartedMain] com.netflix.discovery.DiscoveryClient    : Force full registry fetch : false
2026-03-27T09:49:21.758+05:30  INFO 19144 --- [NOTIFICATION-SERVICE] [  restartedMain] com.netflix.discovery.DiscoveryClient    : Application is null : false
2026-03-27T09:49:21.758+05:30  INFO 19144 --- [NOTIFICATION-SERVICE] [  restartedMain] com.netflix.discovery.DiscoveryClient    : Registered Applications size is zero : true
2026-03-27T09:49:21.759+05:30  INFO 19144 --- [NOTIFICATION-SERVICE] [  restartedMain] com.netflix.discovery.DiscoveryClient    : Application version is -1: true
2026-03-27T09:49:21.759+05:30  INFO 19144 --- [NOTIFICATION-SERVICE] [  restartedMain] com.netflix.discovery.DiscoveryClient    : Getting all instance registry info from the eureka server
2026-03-27T09:49:22.038+05:30  INFO 19144 --- [NOTIFICATION-SERVICE] [  restartedMain] com.netflix.discovery.DiscoveryClient    : The response status is 200
2026-03-27T09:49:22.042+05:30  INFO 19144 --- [NOTIFICATION-SERVICE] [  restartedMain] com.netflix.discovery.DiscoveryClient    : Starting heartbeat executor: renew interval is: 30
2026-03-27T09:49:22.043+05:30  INFO 19144 --- [NOTIFICATION-SERVICE] [  restartedMain] c.n.discovery.InstanceInfoReplicator     : InstanceInfoReplicator onDemand update allowed rate per min is 4
2026-03-27T09:49:22.045+05:30  INFO 19144 --- [NOTIFICATION-SERVICE] [  restartedMain] com.netflix.discovery.DiscoveryClient    : Discovery Client initialized at timestamp 1774585162044 with initial instances count: 8
2026-03-27T09:49:22.053+05:30  INFO 19144 --- [NOTIFICATION-SERVICE] [  restartedMain] o.s.c.n.e.s.EurekaServiceRegistry        : Registering application NOTIFICATION-SERVICE with eureka with status UP
2026-03-27T09:49:22.054+05:30  INFO 19144 --- [NOTIFICATION-SERVICE] [  restartedMain] com.netflix.discovery.DiscoveryClient    : Saw local status change event StatusChangeEvent [timestamp=1774585162054, current=UP, previous=STARTING]
2026-03-27T09:49:22.056+05:30  INFO 19144 --- [NOTIFICATION-SERVICE] [foReplicator-%d] com.netflix.discovery.DiscoveryClient    : DiscoveryClient_NOTIFICATION-SERVICE/localhost:NOTIFICATION-SERVICE:7507: registering service...
2026-03-27T09:49:22.073+05:30  INFO 19144 --- [NOTIFICATION-SERVICE] [  restartedMain] o.s.b.w.embedded.tomcat.TomcatWebServer  : Tomcat started on port 7507 (http) with context path '/'
2026-03-27T09:49:22.074+05:30  INFO 19144 --- [NOTIFICATION-SERVICE] [  restartedMain] .s.c.n.e.s.EurekaAutoServiceRegistration : Updating port to 7507
2026-03-27T09:49:22.094+05:30  INFO 19144 --- [NOTIFICATION-SERVICE] [foReplicator-%d] com.netflix.discovery.DiscoveryClient    : DiscoveryClient_NOTIFICATION-SERVICE/localhost:NOTIFICATION-SERVICE:7507 - registration status: 204
2026-03-27T09:49:23.089+05:30  INFO 19144 --- [NOTIFICATION-SERVICE] [  restartedMain] o.s.cloud.commons.util.InetUtils         : Cannot determine local hostname
2026-03-27T09:49:23.105+05:30  INFO 19144 --- [NOTIFICATION-SERVICE] [  restartedMain] o.s.a.r.c.CachingConnectionFactory       : Attempting to connect to: [localhost:5672]
2026-03-27T09:49:23.169+05:30  INFO 19144 --- [NOTIFICATION-SERVICE] [  restartedMain] o.s.a.r.c.CachingConnectionFactory       : Created new connection: rabbitConnectionFactory#53245b78:0/SimpleConnection@29939538 [delegate=amqp://guest@127.0.0.1:5672/, localPort=56913]
2026-03-27T09:49:23.334+05:30  INFO 19144 --- [NOTIFICATION-SERVICE] [  restartedMain] c.n.NotificationServiceApplication       : Started NotificationServiceApplication in 10.509 seconds (process running for 10.954)
2026-03-27T09:52:31.174+05:30  INFO 19144 --- [NOTIFICATION-SERVICE] [nio-7507-exec-1] o.a.c.c.C.[Tomcat].[localhost].[/]       : Initializing Spring DispatcherServlet 'dispatcherServlet'
2026-03-27T09:52:31.179+05:30  INFO 19144 --- [NOTIFICATION-SERVICE] [nio-7507-exec-1] o.s.web.servlet.DispatcherServlet        : Initializing Servlet 'dispatcherServlet'
2026-03-27T09:52:31.183+05:30  INFO 19144 --- [NOTIFICATION-SERVICE] [nio-7507-exec-1] o.s.web.servlet.DispatcherServlet        : Completed initialization in 2 ms
2026-03-27T09:52:31.675+05:30  INFO 19144 --- [NOTIFICATION-SERVICE] [nio-7507-exec-1] o.springdoc.api.AbstractOpenApiResource  : Init duration for springdoc-openapi is: 354 ms
2026-03-27T09:54:21.775+05:30  INFO 19144 --- [NOTIFICATION-SERVICE] [rap-executor-%d] c.n.d.s.r.aws.ConfigClusterResolver      : Resolving eureka endpoints via configuration
2026-03-27T09:59:21.795+05:30  INFO 19144 --- [NOTIFICATION-SERVICE] [rap-executor-%d] c.n.d.s.r.aws.ConfigClusterResolver      : Resolving eureka endpoints via configuration
2026-03-27T10:04:21.806+05:30  INFO 19144 --- [NOTIFICATION-SERVICE] [rap-executor-%d] c.n.d.s.r.aws.ConfigClusterResolver      : Resolving eureka endpoints via configuration
2026-03-27T10:09:21.820+05:30  INFO 19144 --- [NOTIFICATION-SERVICE] [rap-executor-%d] c.n.d.s.r.aws.ConfigClusterResolver      : Resolving eureka endpoints via configuration
2026-03-27T10:14:21.838+05:30  INFO 19144 --- [NOTIFICATION-SERVICE] [rap-executor-%d] c.n.d.s.r.aws.ConfigClusterResolver      : Resolving eureka endpoints via configuration
2026-03-27T10:17:20.595+05:30  INFO 19144 --- [NOTIFICATION-SERVICE] [   File Watcher] rtingClassPathChangeChangedEventListener : Restarting due to 1 class path change (0 additions, 0 deletions, 1 modification)
2026-03-27T10:17:20.605+05:30  INFO 19144 --- [NOTIFICATION-SERVICE] [       Thread-1] o.s.c.n.e.s.EurekaServiceRegistry        : Unregistering application NOTIFICATION-SERVICE with eureka with status DOWN
2026-03-27T10:17:20.606+05:30  INFO 19144 --- [NOTIFICATION-SERVICE] [       Thread-1] com.netflix.discovery.DiscoveryClient    : Saw local status change event StatusChangeEvent [timestamp=1774586840606, current=DOWN, previous=UP]
2026-03-27T10:17:20.607+05:30  INFO 19144 --- [NOTIFICATION-SERVICE] [foReplicator-%d] com.netflix.discovery.DiscoveryClient    : DiscoveryClient_NOTIFICATION-SERVICE/localhost:NOTIFICATION-SERVICE:7507: registering service...
2026-03-27T10:17:20.624+05:30  INFO 19144 --- [NOTIFICATION-SERVICE] [foReplicator-%d] com.netflix.discovery.DiscoveryClient    : DiscoveryClient_NOTIFICATION-SERVICE/localhost:NOTIFICATION-SERVICE:7507 - registration status: 204
2026-03-27T10:17:20.633+05:30  INFO 19144 --- [NOTIFICATION-SERVICE] [ntContainer#0-2] o.s.a.r.l.SimpleMessageListenerContainer : Waiting for workers to finish.
2026-03-27T10:17:20.635+05:30  INFO 19144 --- [NOTIFICATION-SERVICE] [ntContainer#1-2] o.s.a.r.l.SimpleMessageListenerContainer : Waiting for workers to finish.
2026-03-27T10:17:20.637+05:30  INFO 19144 --- [NOTIFICATION-SERVICE] [ntContainer#0-2] o.s.a.r.l.SimpleMessageListenerContainer : Successfully waited for workers to finish.
2026-03-27T10:17:21.623+05:30  INFO 19144 --- [NOTIFICATION-SERVICE] [ntContainer#1-2] o.s.a.r.l.SimpleMessageListenerContainer : Successfully waited for workers to finish.
2026-03-27T10:17:21.656+05:30  INFO 19144 --- [NOTIFICATION-SERVICE] [       Thread-1] j.LocalContainerEntityManagerFactoryBean : Closing JPA EntityManagerFactory for persistence unit 'default'
2026-03-27T10:17:21.670+05:30  INFO 19144 --- [NOTIFICATION-SERVICE] [       Thread-1] com.zaxxer.hikari.HikariDataSource       : HikariPool-1 - Shutdown initiated...
2026-03-27T10:17:21.681+05:30  INFO 19144 --- [NOTIFICATION-SERVICE] [       Thread-1] com.zaxxer.hikari.HikariDataSource       : HikariPool-1 - Shutdown completed.
2026-03-27T10:17:21.683+05:30  INFO 19144 --- [NOTIFICATION-SERVICE] [       Thread-1] com.netflix.discovery.DiscoveryClient    : Shutting down DiscoveryClient ...
2026-03-27T10:17:24.687+05:30  INFO 19144 --- [NOTIFICATION-SERVICE] [       Thread-1] com.netflix.discovery.DiscoveryClient    : Unregistering ...
2026-03-27T10:17:24.687+05:30  WARN 19144 --- [NOTIFICATION-SERVICE] [coveryClient-%d] c.netflix.discovery.TimedSupervisorTask  : task supervisor shutting down, can't accept the task
2026-03-27T10:17:24.697+05:30  INFO 19144 --- [NOTIFICATION-SERVICE] [       Thread-1] com.netflix.discovery.DiscoveryClient    : DiscoveryClient_NOTIFICATION-SERVICE/localhost:NOTIFICATION-SERVICE:7507 - deregister  status: 200
2026-03-27T10:17:24.697+05:30  INFO 19144 --- [NOTIFICATION-SERVICE] [       Thread-1] com.netflix.discovery.DiscoveryClient    : Completed shut down of DiscoveryClient

  .   ____          _            __ _ _
 /\\ / ___'_ __ _ _(_)_ __  __ _ \ \ \ \
( ( )\___ | '_ | '_| | '_ \/ _` | \ \ \ \
 \\/  ___)| |_)| | | | | || (_| |  ) ) ) )
  '  |____| .__|_| |_|_| |_\__, | / / / /
 =========|_|==============|___/=/_/_/_/

 :: Spring Boot ::                (v3.3.5)

2026-03-27T10:17:25.812+05:30  INFO 19144 --- [NOTIFICATION-SERVICE] [  restartedMain] c.n.NotificationServiceApplication       : Starting NotificationServiceApplication using Java 21.0.6 with PID 19144 (C:\Users\Asus\Desktop\Payment-wallet\Notification-Service\target\classes started by Asus in C:\Users\Asus\Desktop\Payment-wallet\Notification-Service)
2026-03-27T10:17:25.812+05:30 DEBUG 19144 --- [NOTIFICATION-SERVICE] [  restartedMain] c.n.NotificationServiceApplication       : Running with Spring Boot v3.3.5, Spring v6.1.14
2026-03-27T10:17:25.813+05:30  INFO 19144 --- [NOTIFICATION-SERVICE] [  restartedMain] c.n.NotificationServiceApplication       : No active profile set, falling back to 1 default profile: "default"
2026-03-27T10:17:26.248+05:30  INFO 19144 --- [NOTIFICATION-SERVICE] [  restartedMain] .s.d.r.c.RepositoryConfigurationDelegate : Bootstrapping Spring Data JPA repositories in DEFAULT mode.
2026-03-27T10:17:26.257+05:30  INFO 19144 --- [NOTIFICATION-SERVICE] [  restartedMain] .s.d.r.c.RepositoryConfigurationDelegate : Finished Spring Data repository scanning in 7 ms. Found 1 JPA repository interface.
2026-03-27T10:17:26.386+05:30  INFO 19144 --- [NOTIFICATION-SERVICE] [  restartedMain] o.s.cloud.context.scope.GenericScope     : BeanFactory id=a582e15e-15b6-305c-bc29-c3b8e0002aa5
2026-03-27T10:17:26.702+05:30  WARN 19144 --- [NOTIFICATION-SERVICE] [  restartedMain] trationDelegate$BeanPostProcessorChecker : Bean 'org.springframework.cloud.client.loadbalancer.LoadBalancerAutoConfiguration$DeferringLoadBalancerInterceptorConfig' of type [org.springframework.cloud.client.loadbalancer.LoadBalancerAutoConfiguration$DeferringLoadBalancerInterceptorConfig] is not eligible for getting processed by all BeanPostProcessors (for example: not eligible for auto-proxying). The currently created BeanPostProcessor [lbRestClientPostProcessor] is declared through a non-static factory method on that class; consider declaring it as static instead.
2026-03-27T10:17:26.860+05:30  WARN 19144 --- [NOTIFICATION-SERVICE] [  restartedMain] trationDelegate$BeanPostProcessorChecker : Bean 'deferringLoadBalancerInterceptor' of type [org.springframework.cloud.client.loadbalancer.DeferringLoadBalancerInterceptor] is not eligible for getting processed by all BeanPostProcessors (for example: not eligible for auto-proxying). Is this bean getting eagerly injected/applied to a currently created BeanPostProcessor [lbRestClientPostProcessor]? Check the corresponding BeanPostProcessor declaration and its dependencies/advisors. If this bean does not have to be post-processed, declare it with ROLE_INFRASTRUCTURE.
2026-03-27T10:17:27.117+05:30  INFO 19144 --- [NOTIFICATION-SERVICE] [  restartedMain] o.s.b.w.embedded.tomcat.TomcatWebServer  : Tomcat initialized with port 7507 (http)
2026-03-27T10:17:27.234+05:30  INFO 19144 --- [NOTIFICATION-SERVICE] [  restartedMain] o.apache.catalina.core.StandardService   : Starting service [Tomcat]
2026-03-27T10:17:27.408+05:30  INFO 19144 --- [NOTIFICATION-SERVICE] [  restartedMain] o.apache.catalina.core.StandardEngine    : Starting Servlet engine: [Apache Tomcat/10.1.31]
2026-03-27T10:17:27.511+05:30  INFO 19144 --- [NOTIFICATION-SERVICE] [  restartedMain] o.a.c.c.C.[Tomcat].[localhost].[/]       : Initializing Spring embedded WebApplicationContext
2026-03-27T10:17:27.589+05:30  INFO 19144 --- [NOTIFICATION-SERVICE] [  restartedMain] w.s.c.ServletWebServerApplicationContext : Root WebApplicationContext: initialization completed in 1773 ms
2026-03-27T10:17:27.761+05:30  INFO 19144 --- [NOTIFICATION-SERVICE] [  restartedMain] o.hibernate.jpa.internal.util.LogHelper  : HHH000204: Processing PersistenceUnitInfo [name: default]
2026-03-27T10:17:27.833+05:30  INFO 19144 --- [NOTIFICATION-SERVICE] [  restartedMain] o.h.c.internal.RegionFactoryInitiator    : HHH000026: Second-level cache disabled
2026-03-27T10:17:27.849+05:30  INFO 19144 --- [NOTIFICATION-SERVICE] [  restartedMain] o.s.o.j.p.SpringPersistenceUnitInfo      : No LoadTimeWeaver setup: ignoring JPA class transformer
2026-03-27T10:17:27.899+05:30  INFO 19144 --- [NOTIFICATION-SERVICE] [  restartedMain] com.zaxxer.hikari.HikariDataSource       : HikariPool-2 - Starting...
2026-03-27T10:17:27.950+05:30  INFO 19144 --- [NOTIFICATION-SERVICE] [  restartedMain] com.zaxxer.hikari.pool.HikariPool        : HikariPool-2 - Added connection org.postgresql.jdbc.PgConnection@123ccdb5
2026-03-27T10:17:27.959+05:30  INFO 19144 --- [NOTIFICATION-SERVICE] [  restartedMain] com.zaxxer.hikari.HikariDataSource       : HikariPool-2 - Start completed.
2026-03-27T10:17:27.967+05:30  WARN 19144 --- [NOTIFICATION-SERVICE] [  restartedMain] org.hibernate.orm.deprecation            : HHH90000025: PostgreSQLDialect does not need to be specified explicitly using 'hibernate.dialect' (remove the property setting and it will be selected by default)
2026-03-27T10:17:28.152+05:30  INFO 19144 --- [NOTIFICATION-SERVICE] [  restartedMain] o.h.e.t.j.p.i.JtaPlatformInitiator       : HHH000489: No JTA platform available (set 'hibernate.transaction.jta.platform' to enable JTA platform integration)
Hibernate: 
    alter table if exists notifications 
       alter column message set data type TEXT
2026-03-27T10:17:28.510+05:30  INFO 19144 --- [NOTIFICATION-SERVICE] [  restartedMain] j.LocalContainerEntityManagerFactoryBean : Initialized JPA EntityManagerFactory for persistence unit 'default'
2026-03-27T10:17:28.793+05:30  WARN 19144 --- [NOTIFICATION-SERVICE] [  restartedMain] JpaBaseConfiguration$JpaWebConfiguration : spring.jpa.open-in-view is enabled by default. Therefore, database queries may be performed during view rendering. Explicitly configure spring.jpa.open-in-view to disable this warning
2026-03-27T10:17:30.145+05:30  INFO 19144 --- [NOTIFICATION-SERVICE] [  restartedMain] o.s.cloud.commons.util.InetUtils         : Cannot determine local hostname
2026-03-27T10:17:30.432+05:30  WARN 19144 --- [NOTIFICATION-SERVICE] [  restartedMain] o.s.b.d.a.OptionalLiveReloadServer       : Unable to start LiveReload server
2026-03-27T10:17:31.479+05:30  INFO 19144 --- [NOTIFICATION-SERVICE] [  restartedMain] o.s.cloud.commons.util.InetUtils         : Cannot determine local hostname
2026-03-27T10:17:31.592+05:30  INFO 19144 --- [NOTIFICATION-SERVICE] [  restartedMain] DiscoveryClientOptionalArgsConfiguration : Eureka HTTP Client uses RestTemplate.
2026-03-27T10:17:31.674+05:30  WARN 19144 --- [NOTIFICATION-SERVICE] [  restartedMain] iguration$LoadBalancerCaffeineWarnLogger : Spring Cloud LoadBalancer is currently working with the default cache. While this cache implementation is useful for development and tests, it's recommended to use Caffeine cache in production.You can switch to using Caffeine cache, by adding it and org.springframework.cache.caffeine.CaffeineCacheManager to the classpath.
2026-03-27T10:17:31.765+05:30  INFO 19144 --- [NOTIFICATION-SERVICE] [  restartedMain] o.s.b.a.e.web.EndpointLinksResolver      : Exposing 3 endpoints beneath base path '/actuator'
2026-03-27T10:17:31.921+05:30  INFO 19144 --- [NOTIFICATION-SERVICE] [  restartedMain] o.s.c.n.eureka.InstanceInfoFactory       : Setting initial instance status as: STARTING
2026-03-27T10:17:32.012+05:30  INFO 19144 --- [NOTIFICATION-SERVICE] [  restartedMain] com.netflix.discovery.DiscoveryClient    : Initializing Eureka in region us-east-1
2026-03-27T10:17:32.066+05:30  INFO 19144 --- [NOTIFICATION-SERVICE] [  restartedMain] c.n.d.s.r.aws.ConfigClusterResolver      : Resolving eureka endpoints via configuration
2026-03-27T10:17:32.068+05:30  INFO 19144 --- [NOTIFICATION-SERVICE] [  restartedMain] com.netflix.discovery.DiscoveryClient    : Disable delta property : false
2026-03-27T10:17:32.069+05:30  INFO 19144 --- [NOTIFICATION-SERVICE] [  restartedMain] com.netflix.discovery.DiscoveryClient    : Single vip registry refresh property : null
2026-03-27T10:17:32.070+05:30  INFO 19144 --- [NOTIFICATION-SERVICE] [  restartedMain] com.netflix.discovery.DiscoveryClient    : Force full registry fetch : false
2026-03-27T10:17:32.070+05:30  INFO 19144 --- [NOTIFICATION-SERVICE] [  restartedMain] com.netflix.discovery.DiscoveryClient    : Application is null : false
2026-03-27T10:17:32.134+05:30  INFO 19144 --- [NOTIFICATION-SERVICE] [  restartedMain] com.netflix.discovery.DiscoveryClient    : Registered Applications size is zero : true
2026-03-27T10:17:32.198+05:30  INFO 19144 --- [NOTIFICATION-SERVICE] [  restartedMain] com.netflix.discovery.DiscoveryClient    : Application version is -1: true
2026-03-27T10:17:32.260+05:30  INFO 19144 --- [NOTIFICATION-SERVICE] [  restartedMain] com.netflix.discovery.DiscoveryClient    : Getting all instance registry info from the eureka server
2026-03-27T10:17:32.343+05:30  INFO 19144 --- [NOTIFICATION-SERVICE] [  restartedMain] com.netflix.discovery.DiscoveryClient    : The response status is 200
2026-03-27T10:17:32.346+05:30  INFO 19144 --- [NOTIFICATION-SERVICE] [  restartedMain] com.netflix.discovery.DiscoveryClient    : Starting heartbeat executor: renew interval is: 30
2026-03-27T10:17:32.347+05:30  INFO 19144 --- [NOTIFICATION-SERVICE] [  restartedMain] c.n.discovery.InstanceInfoReplicator     : InstanceInfoReplicator onDemand update allowed rate per min is 4
2026-03-27T10:17:32.347+05:30  INFO 19144 --- [NOTIFICATION-SERVICE] [  restartedMain] com.netflix.discovery.DiscoveryClient    : Discovery Client initialized at timestamp 1774586852347 with initial instances count: 8
2026-03-27T10:17:32.352+05:30  INFO 19144 --- [NOTIFICATION-SERVICE] [  restartedMain] o.s.c.n.e.s.EurekaServiceRegistry        : Registering application NOTIFICATION-SERVICE with eureka with status UP
2026-03-27T10:17:32.353+05:30  INFO 19144 --- [NOTIFICATION-SERVICE] [  restartedMain] com.netflix.discovery.DiscoveryClient    : Saw local status change event StatusChangeEvent [timestamp=1774586852353, current=UP, previous=STARTING]
2026-03-27T10:17:32.354+05:30  INFO 19144 --- [NOTIFICATION-SERVICE] [foReplicator-%d] com.netflix.discovery.DiscoveryClient    : DiscoveryClient_NOTIFICATION-SERVICE/localhost:NOTIFICATION-SERVICE:7507: registering service...
2026-03-27T10:17:32.359+05:30  INFO 19144 --- [NOTIFICATION-SERVICE] [  restartedMain] o.s.b.w.embedded.tomcat.TomcatWebServer  : Tomcat started on port 7507 (http) with context path '/'
2026-03-27T10:17:32.360+05:30  INFO 19144 --- [NOTIFICATION-SERVICE] [  restartedMain] .s.c.n.e.s.EurekaAutoServiceRegistration : Updating port to 7507
2026-03-27T10:17:32.366+05:30  INFO 19144 --- [NOTIFICATION-SERVICE] [foReplicator-%d] com.netflix.discovery.DiscoveryClient    : DiscoveryClient_NOTIFICATION-SERVICE/localhost:NOTIFICATION-SERVICE:7507 - registration status: 204
2026-03-27T10:17:33.375+05:30  INFO 19144 --- [NOTIFICATION-SERVICE] [  restartedMain] o.s.cloud.commons.util.InetUtils         : Cannot determine local hostname
2026-03-27T10:17:33.483+05:30  INFO 19144 --- [NOTIFICATION-SERVICE] [  restartedMain] o.s.a.r.c.CachingConnectionFactory       : Attempting to connect to: [localhost:5672]
2026-03-27T10:17:33.733+05:30  INFO 19144 --- [NOTIFICATION-SERVICE] [  restartedMain] o.s.a.r.c.CachingConnectionFactory       : Created new connection: rabbitConnectionFactory#368f0bdd:0/SimpleConnection@e7cba45 [delegate=amqp://guest@127.0.0.1:5672/, localPort=52713]
2026-03-27T10:17:34.238+05:30  INFO 19144 --- [NOTIFICATION-SERVICE] [  restartedMain] c.n.NotificationServiceApplication       : Started NotificationServiceApplication in 9.473 seconds (process running for 1701.858)
2026-03-27T10:17:34.759+05:30  INFO 19144 --- [NOTIFICATION-SERVICE] [  restartedMain] .ConditionEvaluationDeltaLoggingListener : Condition evaluation delta:


==========================
CONDITION EVALUATION DELTA
==========================


Positive matches:
-----------------

   ServletWebServerFactoryAutoConfiguration.ForwardedHeaderFilterConfiguration matched:
      - @ConditionalOnProperty (server.forward-headers-strategy=framework) matched (OnPropertyCondition)
      - @ConditionalOnMissingBean (types: org.springframework.web.filter.ForwardedHeaderFilter; SearchStrategy: all) did not find any beans (OnBeanCondition)

   ServletWebServerFactoryAutoConfiguration.ForwardedHeaderFilterConfiguration#tomcatForwardedHeaderFilterCustomizer matched:
      - @ConditionalOnClass found required class 'org.apache.catalina.startup.Tomcat' (OnClassCondition)


Negative matches:
-----------------

    None


Exclusions:
-----------

    None


Unconditional classes:
----------------------

    None



[INFO] ------------------------------------------------------------------------
[INFO] BUILD FAILURE
[INFO] ------------------------------------------------------------------------
[INFO] Total time:  29:09 min
[INFO] Finished at: 2026-03-27T10:18:19+05:30
[INFO] ------------------------------------------------------------------------
[ERROR] Failed to execute goal org.springframework.boot:spring-boot-maven-plugin:3.3.5:run (default-cli) on project Notification-Service: Process terminated with exit code: -1 -> [Help 1]
[ERROR] 
[ERROR] To see the full stack trace of the errors, re-run Maven with the -e switch.
[ERROR] Re-run Maven using the -X switch to enable full debug logging.
[ERROR] 
[ERROR] For more information about the errors and possible solutions, please read the following articles:
[ERROR] [Help 1] http://cwiki.apache.org/confluence/display/MAVEN/MojoExecutionException
