[INFO] Scanning for projects...
[WARNING] 
[WARNING] Some problems were encountered while building the effective model for com.payment:Notification-Service:jar:0.0.1-SNAPSHOT
[WARNING] 'dependencies.dependency.(groupId:artifactId:type:classifier)' must be unique: org.springframework.boot:spring-boot-starter-actuator:jar -> duplicate declaration of version (?) @ line 93, column 15
[WARNING] 
[WARNING] It is highly recommended to fix these problems because they threaten the stability of your build.
[WARNING] 
[WARNING] For this reason, future Maven versions might no longer support building such malformed projects.
[WARNING] 
[INFO] 
[INFO] ------------------< com.payment:Notification-Service >------------------
[INFO] Building Notification-Service 0.0.1-SNAPSHOT
[INFO]   from pom.xml
[INFO] --------------------------------[ jar ]---------------------------------
[INFO] 
[INFO] >>> spring-boot:3.3.5:run (default-cli) > test-compile @ Notification-Service >>>
[INFO] 
[INFO] --- resources:3.3.1:resources (default-resources) @ Notification-Service ---
[INFO] Copying 1 resource from src\main\resources to target\classes
[INFO] Copying 0 resource from src\main\resources to target\classes
[INFO] 
[INFO] --- compiler:3.13.0:compile (default-compile) @ Notification-Service ---
[INFO] Recompiling the module because of added or removed source files.
[INFO] Compiling 12 source files with javac [debug parameters release 17] to target\classes
[INFO] Annotation processing is enabled because one or more processors were found
  on the class path. A future release of javac may disable annotation processing
  unless at least one processor is specified by name (-processor), or a search
  path is specified (--processor-path, --processor-module-path), or annotation
  processing is enabled explicitly (-proc:only, -proc:full).
  Use -Xlint:-options to suppress this message.
  Use -proc:none to disable annotation processing.
[INFO] 
[INFO] --- resources:3.3.1:testResources (default-testResources) @ Notification-Service ---
[INFO] skip non existing resourceDirectory C:\Users\Asus\Desktop\Payment-wallet\Notification-Service\src\test\resources
[INFO] 
[INFO] --- compiler:3.13.0:testCompile (default-testCompile) @ Notification-Service ---
[INFO] Recompiling the module because of changed dependency.
[INFO] Compiling 1 source file with javac [debug parameters release 17] to target\test-classes
[INFO] Annotation processing is enabled because one or more processors were found
  on the class path. A future release of javac may disable annotation processing
  unless at least one processor is specified by name (-processor), or a search
  path is specified (--processor-path, --processor-module-path), or annotation
  processing is enabled explicitly (-proc:only, -proc:full).
  Use -Xlint:-options to suppress this message.
  Use -proc:none to disable annotation processing.
[INFO] 
[INFO] <<< spring-boot:3.3.5:run (default-cli) < test-compile @ Notification-Service <<<
[INFO] 
[INFO] 
[INFO] --- spring-boot:3.3.5:run (default-cli) @ Notification-Service ---
[INFO] Attaching agents: []

  .   ____          _            __ _ _
 /\\ / ___'_ __ _ _(_)_ __  __ _ \ \ \ \
( ( )\___ | '_ | '_| | '_ \/ _` | \ \ \ \
 \\/  ___)| |_)| | | | | || (_| |  ) ) ) )
  '  |____| .__|_| |_|_| |_\__, | / / / /
 =========|_|==============|___/=/_/_/_/

 :: Spring Boot ::                (v3.3.5)

2026-03-27T10:54:06.365+05:30  INFO 42480 --- [NOTIFICATION-SERVICE] [  restartedMain] c.n.NotificationServiceApplication       : Starting NotificationServiceApplication using Java 21.0.6 with PID 42480 (C:\Users\Asus\Desktop\Payment-wallet\Notification-Service\target\classes started by Asus in C:\Users\Asus\Desktop\Payment-wallet\Notification-Service)
2026-03-27T10:54:06.367+05:30 DEBUG 42480 --- [NOTIFICATION-SERVICE] [  restartedMain] c.n.NotificationServiceApplication       : Running with Spring Boot v3.3.5, Spring v6.1.14
2026-03-27T10:54:06.368+05:30  INFO 42480 --- [NOTIFICATION-SERVICE] [  restartedMain] c.n.NotificationServiceApplication       : No active profile set, falling back to 1 default profile: "default"
2026-03-27T10:54:06.411+05:30  INFO 42480 --- [NOTIFICATION-SERVICE] [  restartedMain] .e.DevToolsPropertyDefaultsPostProcessor : Devtools property defaults active! Set 'spring.devtools.add-properties' to 'false' to disable
2026-03-27T10:54:06.413+05:30  INFO 42480 --- [NOTIFICATION-SERVICE] [  restartedMain] .e.DevToolsPropertyDefaultsPostProcessor : For additional web related logging consider setting the 'logging.level.web' property to 'DEBUG'
2026-03-27T10:54:07.482+05:30  INFO 42480 --- [NOTIFICATION-SERVICE] [  restartedMain] .s.d.r.c.RepositoryConfigurationDelegate : Bootstrapping Spring Data JPA repositories in DEFAULT mode.
2026-03-27T10:54:07.617+05:30  INFO 42480 --- [NOTIFICATION-SERVICE] [  restartedMain] .s.d.r.c.RepositoryConfigurationDelegate : Finished Spring Data repository scanning in 125 ms. Found 1 JPA repository interface.
2026-03-27T10:54:07.857+05:30  INFO 42480 --- [NOTIFICATION-SERVICE] [  restartedMain] o.s.cloud.context.scope.GenericScope     : BeanFactory id=999cae6d-c25b-3596-96d9-d025f4955cc3
2026-03-27T10:54:08.164+05:30  WARN 42480 --- [NOTIFICATION-SERVICE] [  restartedMain] trationDelegate$BeanPostProcessorChecker : Bean 'org.springframework.cloud.client.loadbalancer.LoadBalancerAutoConfiguration$DeferringLoadBalancerInterceptorConfig' of type [org.springframework.cloud.client.loadbalancer.LoadBalancerAutoConfiguration$DeferringLoadBalancerInterceptorConfig] is not eligible for getting processed by all BeanPostProcessors (for example: not eligible for auto-proxying). The currently created BeanPostProcessor [lbRestClientPostProcessor] is declared through a non-static factory method on that class; consider declaring it as static instead.
2026-03-27T10:54:08.169+05:30  WARN 42480 --- [NOTIFICATION-SERVICE] [  restartedMain] trationDelegate$BeanPostProcessorChecker : Bean 'deferringLoadBalancerInterceptor' of type [org.springframework.cloud.client.loadbalancer.DeferringLoadBalancerInterceptor] is not eligible for getting processed by all BeanPostProcessors (for example: not eligible for auto-proxying). Is this bean getting eagerly injected/applied to a currently created BeanPostProcessor [lbRestClientPostProcessor]? Check the corresponding BeanPostProcessor declaration and its dependencies/advisors. If this bean does not have to be post-processed, declare it with ROLE_INFRASTRUCTURE.
2026-03-27T10:54:08.674+05:30  INFO 42480 --- [NOTIFICATION-SERVICE] [  restartedMain] o.s.b.w.embedded.tomcat.TomcatWebServer  : Tomcat initialized with port 7507 (http)
2026-03-27T10:54:08.692+05:30  INFO 42480 --- [NOTIFICATION-SERVICE] [  restartedMain] o.apache.catalina.core.StandardService   : Starting service [Tomcat]
2026-03-27T10:54:08.692+05:30  INFO 42480 --- [NOTIFICATION-SERVICE] [  restartedMain] o.apache.catalina.core.StandardEngine    : Starting Servlet engine: [Apache Tomcat/10.1.31]
2026-03-27T10:54:08.754+05:30  INFO 42480 --- [NOTIFICATION-SERVICE] [  restartedMain] o.a.c.c.C.[Tomcat].[localhost].[/]       : Initializing Spring embedded WebApplicationContext
2026-03-27T10:54:08.755+05:30  INFO 42480 --- [NOTIFICATION-SERVICE] [  restartedMain] w.s.c.ServletWebServerApplicationContext : Root WebApplicationContext: initialization completed in 2342 ms
2026-03-27T10:54:09.150+05:30  INFO 42480 --- [NOTIFICATION-SERVICE] [  restartedMain] o.hibernate.jpa.internal.util.LogHelper  : HHH000204: Processing PersistenceUnitInfo [name: default]
2026-03-27T10:54:09.234+05:30  INFO 42480 --- [NOTIFICATION-SERVICE] [  restartedMain] org.hibernate.Version                    : HHH000412: Hibernate ORM core version 6.5.3.Final
2026-03-27T10:54:09.276+05:30  INFO 42480 --- [NOTIFICATION-SERVICE] [  restartedMain] o.h.c.internal.RegionFactoryInitiator    : HHH000026: Second-level cache disabled
2026-03-27T10:54:09.603+05:30  INFO 42480 --- [NOTIFICATION-SERVICE] [  restartedMain] o.s.o.j.p.SpringPersistenceUnitInfo      : No LoadTimeWeaver setup: ignoring JPA class transformer
2026-03-27T10:54:09.638+05:30  INFO 42480 --- [NOTIFICATION-SERVICE] [  restartedMain] com.zaxxer.hikari.HikariDataSource       : HikariPool-1 - Starting...
2026-03-27T10:54:09.812+05:30  INFO 42480 --- [NOTIFICATION-SERVICE] [  restartedMain] com.zaxxer.hikari.pool.HikariPool        : HikariPool-1 - Added connection org.postgresql.jdbc.PgConnection@40c87779
2026-03-27T10:54:09.814+05:30  INFO 42480 --- [NOTIFICATION-SERVICE] [  restartedMain] com.zaxxer.hikari.HikariDataSource       : HikariPool-1 - Start completed.
2026-03-27T10:54:09.856+05:30  WARN 42480 --- [NOTIFICATION-SERVICE] [  restartedMain] org.hibernate.orm.deprecation            : HHH90000025: PostgreSQLDialect does not need to be specified explicitly using 'hibernate.dialect' (remove the property setting and it will be selected by default)
2026-03-27T10:54:10.809+05:30  INFO 42480 --- [NOTIFICATION-SERVICE] [  restartedMain] o.h.e.t.j.p.i.JtaPlatformInitiator       : HHH000489: No JTA platform available (set 'hibernate.transaction.jta.platform' to enable JTA platform integration)
Hibernate: 
    alter table if exists notifications 
       alter column message set data type TEXT
2026-03-27T10:54:10.878+05:30  INFO 42480 --- [NOTIFICATION-SERVICE] [  restartedMain] j.LocalContainerEntityManagerFactoryBean : Initialized JPA EntityManagerFactory for persistence unit 'default'
2026-03-27T10:54:11.684+05:30  WARN 42480 --- [NOTIFICATION-SERVICE] [  restartedMain] JpaBaseConfiguration$JpaWebConfiguration : spring.jpa.open-in-view is enabled by default. Therefore, database queries may be performed during view rendering. Explicitly configure spring.jpa.open-in-view to disable this warning
2026-03-27T10:54:13.268+05:30  INFO 42480 --- [NOTIFICATION-SERVICE] [  restartedMain] o.s.cloud.commons.util.InetUtils         : Cannot determine local hostname
2026-03-27T10:54:14.402+05:30  WARN 42480 --- [NOTIFICATION-SERVICE] [  restartedMain] o.s.b.d.a.OptionalLiveReloadServer       : Unable to start LiveReload server
2026-03-27T10:54:15.991+05:30  INFO 42480 --- [NOTIFICATION-SERVICE] [  restartedMain] o.s.cloud.commons.util.InetUtils         : Cannot determine local hostname
2026-03-27T10:54:16.683+05:30  INFO 42480 --- [NOTIFICATION-SERVICE] [  restartedMain] DiscoveryClientOptionalArgsConfiguration : Eureka HTTP Client uses RestTemplate.
2026-03-27T10:54:16.802+05:30  WARN 42480 --- [NOTIFICATION-SERVICE] [  restartedMain] iguration$LoadBalancerCaffeineWarnLogger : Spring Cloud LoadBalancer is currently working with the default cache. While this cache implementation is useful for development and tests, it's recommended to use Caffeine cache in production.You can switch to using Caffeine cache, by adding it and org.springframework.cache.caffeine.CaffeineCacheManager to the classpath.
2026-03-27T10:54:16.880+05:30  INFO 42480 --- [NOTIFICATION-SERVICE] [  restartedMain] o.s.b.a.e.web.EndpointLinksResolver      : Exposing 3 endpoints beneath base path '/actuator'
2026-03-27T10:54:17.281+05:30  INFO 42480 --- [NOTIFICATION-SERVICE] [  restartedMain] o.s.c.n.eureka.InstanceInfoFactory       : Setting initial instance status as: STARTING
2026-03-27T10:54:17.317+05:30  INFO 42480 --- [NOTIFICATION-SERVICE] [  restartedMain] com.netflix.discovery.DiscoveryClient    : Initializing Eureka in region us-east-1
2026-03-27T10:54:17.330+05:30  INFO 42480 --- [NOTIFICATION-SERVICE] [  restartedMain] c.n.d.s.r.aws.ConfigClusterResolver      : Resolving eureka endpoints via configuration
2026-03-27T10:54:17.347+05:30  INFO 42480 --- [NOTIFICATION-SERVICE] [  restartedMain] com.netflix.discovery.DiscoveryClient    : Disable delta property : false
2026-03-27T10:54:17.394+05:30  INFO 42480 --- [NOTIFICATION-SERVICE] [  restartedMain] com.netflix.discovery.DiscoveryClient    : Single vip registry refresh property : null
2026-03-27T10:54:17.395+05:30  INFO 42480 --- [NOTIFICATION-SERVICE] [  restartedMain] com.netflix.discovery.DiscoveryClient    : Force full registry fetch : false
2026-03-27T10:54:17.398+05:30  INFO 42480 --- [NOTIFICATION-SERVICE] [  restartedMain] com.netflix.discovery.DiscoveryClient    : Application is null : false
2026-03-27T10:54:17.400+05:30  INFO 42480 --- [NOTIFICATION-SERVICE] [  restartedMain] com.netflix.discovery.DiscoveryClient    : Registered Applications size is zero : true
2026-03-27T10:54:17.402+05:30  INFO 42480 --- [NOTIFICATION-SERVICE] [  restartedMain] com.netflix.discovery.DiscoveryClient    : Application version is -1: true
2026-03-27T10:54:17.404+05:30  INFO 42480 --- [NOTIFICATION-SERVICE] [  restartedMain] com.netflix.discovery.DiscoveryClient    : Getting all instance registry info from the eureka server
2026-03-27T10:54:18.193+05:30  INFO 42480 --- [NOTIFICATION-SERVICE] [  restartedMain] com.netflix.discovery.DiscoveryClient    : The response status is 200
2026-03-27T10:54:18.197+05:30  INFO 42480 --- [NOTIFICATION-SERVICE] [  restartedMain] com.netflix.discovery.DiscoveryClient    : Starting heartbeat executor: renew interval is: 30
2026-03-27T10:54:18.199+05:30  INFO 42480 --- [NOTIFICATION-SERVICE] [  restartedMain] c.n.discovery.InstanceInfoReplicator     : InstanceInfoReplicator onDemand update allowed rate per min is 4
2026-03-27T10:54:18.205+05:30  INFO 42480 --- [NOTIFICATION-SERVICE] [  restartedMain] com.netflix.discovery.DiscoveryClient    : Discovery Client initialized at timestamp 1774589058202 with initial instances count: 8
2026-03-27T10:54:18.219+05:30  INFO 42480 --- [NOTIFICATION-SERVICE] [  restartedMain] o.s.c.n.e.s.EurekaServiceRegistry        : Registering application NOTIFICATION-SERVICE with eureka with status UP
2026-03-27T10:54:18.222+05:30  INFO 42480 --- [NOTIFICATION-SERVICE] [  restartedMain] com.netflix.discovery.DiscoveryClient    : Saw local status change event StatusChangeEvent [timestamp=1774589058222, current=UP, previous=STARTING]
2026-03-27T10:54:18.225+05:30  INFO 42480 --- [NOTIFICATION-SERVICE] [foReplicator-%d] com.netflix.discovery.DiscoveryClient    : DiscoveryClient_NOTIFICATION-SERVICE/localhost:NOTIFICATION-SERVICE:7507: registering service...
2026-03-27T10:54:18.276+05:30  INFO 42480 --- [NOTIFICATION-SERVICE] [  restartedMain] o.s.b.w.embedded.tomcat.TomcatWebServer  : Tomcat started on port 7507 (http) with context path '/'
2026-03-27T10:54:18.278+05:30  INFO 42480 --- [NOTIFICATION-SERVICE] [  restartedMain] .s.c.n.e.s.EurekaAutoServiceRegistration : Updating port to 7507
2026-03-27T10:54:18.297+05:30  INFO 42480 --- [NOTIFICATION-SERVICE] [foReplicator-%d] com.netflix.discovery.DiscoveryClient    : DiscoveryClient_NOTIFICATION-SERVICE/localhost:NOTIFICATION-SERVICE:7507 - registration status: 204
2026-03-27T10:54:19.299+05:30  INFO 42480 --- [NOTIFICATION-SERVICE] [  restartedMain] o.s.cloud.commons.util.InetUtils         : Cannot determine local hostname
2026-03-27T10:54:19.324+05:30  INFO 42480 --- [NOTIFICATION-SERVICE] [  restartedMain] o.s.a.r.c.CachingConnectionFactory       : Attempting to connect to: [localhost:5672]
2026-03-27T10:54:19.577+05:30  INFO 42480 --- [NOTIFICATION-SERVICE] [  restartedMain] o.s.a.r.c.CachingConnectionFactory       : Created new connection: rabbitConnectionFactory#2b549529:0/SimpleConnection@4063fa64 [delegate=amqp://guest@127.0.0.1:5672/, localPort=56603]
2026-03-27T10:54:19.860+05:30  INFO 42480 --- [NOTIFICATION-SERVICE] [  restartedMain] c.n.NotificationServiceApplication       : Started NotificationServiceApplication in 14.994 seconds (process running for 15.525)
2026-03-27T10:59:17.427+05:30  INFO 42480 --- [NOTIFICATION-SERVICE] [rap-executor-%d] c.n.d.s.r.aws.ConfigClusterResolver      : Resolving eureka endpoints via configuration
2026-03-27T11:04:17.436+05:30  INFO 42480 --- [NOTIFICATION-SERVICE] [rap-executor-%d] c.n.d.s.r.aws.ConfigClusterResolver      : Resolving eureka endpoints via configuration
2026-03-27T11:09:17.443+05:30  INFO 42480 --- [NOTIFICATION-SERVICE] [rap-executor-%d] c.n.d.s.r.aws.ConfigClusterResolver      : Resolving eureka endpoints via configuration
2026-03-27T11:14:17.471+05:30  INFO 42480 --- [NOTIFICATION-SERVICE] [rap-executor-%d] c.n.d.s.r.aws.ConfigClusterResolver      : Resolving eureka endpoints via configuration
