[INFO] Scanning for projects...
[INFO] 
[INFO] -------------------< com.payment-app:Admin-Service >--------------------
[INFO] Building Admin-Service 0.0.1-SNAPSHOT
[INFO]   from pom.xml
[INFO] --------------------------------[ jar ]---------------------------------
[INFO] 
[INFO] >>> spring-boot:3.3.5:run (default-cli) > test-compile @ Admin-Service >>>
[INFO] 
[INFO] --- resources:3.3.1:resources (default-resources) @ Admin-Service ---
[INFO] Copying 1 resource from src\main\resources to target\classes
[INFO] Copying 0 resource from src\main\resources to target\classes
[INFO] 
[INFO] --- compiler:3.13.0:compile (default-compile) @ Admin-Service ---
[INFO] Nothing to compile - all classes are up to date.
[INFO] 
[INFO] --- resources:3.3.1:testResources (default-testResources) @ Admin-Service ---
[INFO] skip non existing resourceDirectory C:\Users\Asus\Desktop\Payment-wallet\Admin-Service\src\test\resources
[INFO] 
[INFO] --- compiler:3.13.0:testCompile (default-testCompile) @ Admin-Service ---
[INFO] Nothing to compile - all classes are up to date.
[INFO] 
[INFO] <<< spring-boot:3.3.5:run (default-cli) < test-compile @ Admin-Service <<<
[INFO] 
[INFO] 
[INFO] --- spring-boot:3.3.5:run (default-cli) @ Admin-Service ---
[INFO] Attaching agents: []

  .   ____          _            __ _ _
 /\\ / ___'_ __ _ _(_)_ __  __ _ \ \ \ \
( ( )\___ | '_ | '_| | '_ \/ _` | \ \ \ \
 \\/  ___)| |_)| | | | | || (_| |  ) ) ) )
  '  |____| .__|_| |_|_| |_\__, | / / / /
 =========|_|==============|___/=/_/_/_/

 :: Spring Boot ::                (v3.3.5)

2026-03-27T11:18:25.893+05:30  INFO 50168 --- [Admin-Service] [  restartedMain] com.admin.AdminServiceApplication        : Starting AdminServiceApplication using Java 21.0.6 with PID 50168 (C:\Users\Asus\Desktop\Payment-wallet\Admin-Service\target\classes started by Asus in C:\Users\Asus\Desktop\Payment-wallet\Admin-Service)
2026-03-27T11:18:25.895+05:30 DEBUG 50168 --- [Admin-Service] [  restartedMain] com.admin.AdminServiceApplication        : Running with Spring Boot v3.3.5, Spring v6.1.14
2026-03-27T11:18:25.896+05:30  INFO 50168 --- [Admin-Service] [  restartedMain] com.admin.AdminServiceApplication        : No active profile set, falling back to 1 default profile: "default"
2026-03-27T11:18:25.974+05:30  INFO 50168 --- [Admin-Service] [  restartedMain] .e.DevToolsPropertyDefaultsPostProcessor : Devtools property defaults active! Set 'spring.devtools.add-properties' to 'false' to disable
2026-03-27T11:18:25.975+05:30  INFO 50168 --- [Admin-Service] [  restartedMain] .e.DevToolsPropertyDefaultsPostProcessor : For additional web related logging consider setting the 'logging.level.web' property to 'DEBUG'
2026-03-27T11:18:27.654+05:30  INFO 50168 --- [Admin-Service] [  restartedMain] .s.d.r.c.RepositoryConfigurationDelegate : Bootstrapping Spring Data JPA repositories in DEFAULT mode.
2026-03-27T11:18:27.870+05:30  INFO 50168 --- [Admin-Service] [  restartedMain] .s.d.r.c.RepositoryConfigurationDelegate : Finished Spring Data repository scanning in 205 ms. Found 1 JPA repository interface.
2026-03-27T11:18:28.245+05:30  INFO 50168 --- [Admin-Service] [  restartedMain] o.s.cloud.context.scope.GenericScope     : BeanFactory id=09072c47-b40a-37bd-b17e-9505e348fda5
2026-03-27T11:18:28.677+05:30  WARN 50168 --- [Admin-Service] [  restartedMain] trationDelegate$BeanPostProcessorChecker : Bean 'org.springframework.cloud.client.loadbalancer.LoadBalancerAutoConfiguration$DeferringLoadBalancerInterceptorConfig' of type [org.springframework.cloud.client.loadbalancer.LoadBalancerAutoConfiguration$DeferringLoadBalancerInterceptorConfig] is not eligible for getting processed by all BeanPostProcessors (for example: not eligible for auto-proxying). The currently created BeanPostProcessor [lbRestClientPostProcessor] is declared through a non-static factory method on that class; consider declaring it as static instead.
2026-03-27T11:18:28.683+05:30  WARN 50168 --- [Admin-Service] [  restartedMain] trationDelegate$BeanPostProcessorChecker : Bean 'deferringLoadBalancerInterceptor' of type [org.springframework.cloud.client.loadbalancer.DeferringLoadBalancerInterceptor] is not eligible for getting processed by all BeanPostProcessors (for example: not eligible for auto-proxying). Is this bean getting eagerly injected/applied to a currently created BeanPostProcessor [lbRestClientPostProcessor]? Check the corresponding BeanPostProcessor declaration and its dependencies/advisors. If this bean does not have to be post-processed, declare it with ROLE_INFRASTRUCTURE.
2026-03-27T11:18:29.363+05:30  INFO 50168 --- [Admin-Service] [  restartedMain] o.s.b.w.embedded.tomcat.TomcatWebServer  : Tomcat initialized with port 7501 (http)
2026-03-27T11:18:29.385+05:30  INFO 50168 --- [Admin-Service] [  restartedMain] o.apache.catalina.core.StandardService   : Starting service [Tomcat]
2026-03-27T11:18:29.386+05:30  INFO 50168 --- [Admin-Service] [  restartedMain] o.apache.catalina.core.StandardEngine    : Starting Servlet engine: [Apache Tomcat/10.1.31]
2026-03-27T11:18:29.454+05:30  INFO 50168 --- [Admin-Service] [  restartedMain] o.a.c.c.C.[Tomcat].[localhost].[/]       : Initializing Spring embedded WebApplicationContext
2026-03-27T11:18:29.454+05:30  INFO 50168 --- [Admin-Service] [  restartedMain] w.s.c.ServletWebServerApplicationContext : Root WebApplicationContext: initialization completed in 3478 ms
2026-03-27T11:18:29.824+05:30 ERROR 50168 --- [Admin-Service] [  restartedMain] o.s.b.web.embedded.tomcat.TomcatStarter  : Error starting Tomcat context. Exception: org.springframework.beans.factory.UnsatisfiedDependencyException. Message: Error creating bean with name 'jwtFilter': Unsatisfied dependency expressed through field 'jwtService': No qualifying bean of type 'com.admin.service.JwtService' available: expected at least 1 bean which qualifies as autowire candidate. Dependency annotations: {@org.springframework.beans.factory.annotation.Autowired(required=true)}
2026-03-27T11:18:29.869+05:30  INFO 50168 --- [Admin-Service] [  restartedMain] o.apache.catalina.core.StandardService   : Stopping service [Tomcat]
2026-03-27T11:18:29.878+05:30  WARN 50168 --- [Admin-Service] [  restartedMain] ConfigServletWebServerApplicationContext : Exception encountered during context initialization - cancelling refresh attempt: org.springframework.context.ApplicationContextException: Unable to start web server
2026-03-27T11:18:29.910+05:30  INFO 50168 --- [Admin-Service] [  restartedMain] .s.b.a.l.ConditionEvaluationReportLogger : 

Error starting ApplicationContext. To display the condition evaluation report re-run your application with 'debug' enabled.
2026-03-27T11:18:29.943+05:30 ERROR 50168 --- [Admin-Service] [  restartedMain] o.s.b.d.LoggingFailureAnalysisReporter   : 

***************************
APPLICATION FAILED TO START
***************************

Description:

Field jwtService in com.admin.config.JwtFilter required a bean of type 'com.admin.service.JwtService' that could not be found.

The injection point has the following annotations:
	- @org.springframework.beans.factory.annotation.Autowired(required=true)


Action:

Consider defining a bean of type 'com.admin.service.JwtService' in your configuration.

[INFO] ------------------------------------------------------------------------
[INFO] BUILD SUCCESS
[INFO] ------------------------------------------------------------------------
[INFO] Total time:  10.317 s
[INFO] Finished at: 2026-03-27T11:18:29+05:30
[INFO] ------------------------------------------------------------------------
