[INFO] Scanning for projects...
[INFO] 
[INFO] --------------------< com.payment-app:Api-Gateway >---------------------
[INFO] Building Api-Gateway 0.0.1-SNAPSHOT
[INFO]   from pom.xml
[INFO] --------------------------------[ jar ]---------------------------------
[INFO] 
[INFO] >>> spring-boot:3.3.5:run (default-cli) > test-compile @ Api-Gateway >>>
[INFO] 
[INFO] --- resources:3.3.1:resources (default-resources) @ Api-Gateway ---
[INFO] Copying 1 resource from src\main\resources to target\classes
[INFO] Copying 0 resource from src\main\resources to target\classes
[INFO] 
[INFO] --- compiler:3.13.0:compile (default-compile) @ Api-Gateway ---
[INFO] Nothing to compile - all classes are up to date.
[INFO] 
[INFO] --- resources:3.3.1:testResources (default-testResources) @ Api-Gateway ---
[INFO] skip non existing resourceDirectory C:\Users\Asus\Desktop\Payment-wallet\Api-Gateway\src\test\resources
[INFO] 
[INFO] --- compiler:3.13.0:testCompile (default-testCompile) @ Api-Gateway ---
[INFO] Nothing to compile - all classes are up to date.
[INFO] 
[INFO] <<< spring-boot:3.3.5:run (default-cli) < test-compile @ Api-Gateway <<<
[INFO] 
[INFO] 
[INFO] --- spring-boot:3.3.5:run (default-cli) @ Api-Gateway ---
[INFO] Attaching agents: []
12:00:30.442 [main] INFO com.admin.ApiGatewayApplication -- Starting Api-Gateway...

  .   ____          _            __ _ _
 /\\ / ___'_ __ _ _(_)_ __  __ _ \ \ \ \
( ( )\___ | '_ | '_| | '_ \/ _` | \ \ \ \
 \\/  ___)| |_)| | | | | || (_| |  ) ) ) )
  '  |____| .__|_| |_|_| |_\__, | / / / /
 =========|_|==============|___/=/_/_/_/

 :: Spring Boot ::                (v3.3.5)

2026-03-27T12:00:32.622+05:30  INFO 24040 --- [Api-Gateway] [           main] com.admin.ApiGatewayApplication          : Starting ApiGatewayApplication using Java 21.0.6 with PID 24040 (C:\Users\Asus\Desktop\Payment-wallet\Api-Gateway\target\classes started by Asus in C:\Users\Asus\Desktop\Payment-wallet\Api-Gateway)
2026-03-27T12:00:32.628+05:30  INFO 24040 --- [Api-Gateway] [           main] com.admin.ApiGatewayApplication          : No active profile set, falling back to 1 default profile: "default"
2026-03-27T12:00:35.799+05:30  INFO 24040 --- [Api-Gateway] [           main] o.s.cloud.context.scope.GenericScope     : BeanFactory id=b6022c09-d933-3611-a2a2-2ceb754a2be8
2026-03-27T12:00:35.950+05:30  WARN 24040 --- [Api-Gateway] [           main] trationDelegate$BeanPostProcessorChecker : Bean 'org.springframework.cloud.client.loadbalancer.LoadBalancerAutoConfiguration$DeferringLoadBalancerInterceptorConfig' of type [org.springframework.cloud.client.loadbalancer.LoadBalancerAutoConfiguration$DeferringLoadBalancerInterceptorConfig] is not eligible for getting processed by all BeanPostProcessors (for example: not eligible for auto-proxying). The currently created BeanPostProcessor [lbRestClientPostProcessor] is declared through a non-static factory method on that class; consider declaring it as static instead.
2026-03-27T12:00:35.953+05:30  WARN 24040 --- [Api-Gateway] [           main] trationDelegate$BeanPostProcessorChecker : Bean 'deferringLoadBalancerInterceptor' of type [org.springframework.cloud.client.loadbalancer.DeferringLoadBalancerInterceptor] is not eligible for getting processed by all BeanPostProcessors (for example: not eligible for auto-proxying). Is this bean getting eagerly injected/applied to a currently created BeanPostProcessor [lbRestClientPostProcessor]? Check the corresponding BeanPostProcessor declaration and its dependencies/advisors. If this bean does not have to be post-processed, declare it with ROLE_INFRASTRUCTURE.
2026-03-27T12:00:35.962+05:30  WARN 24040 --- [Api-Gateway] [           main] trationDelegate$BeanPostProcessorChecker : Bean 'org.springframework.cloud.client.loadbalancer.reactive.LoadBalancerBeanPostProcessorAutoConfiguration' of type [org.springframework.cloud.client.loadbalancer.reactive.LoadBalancerBeanPostProcessorAutoConfiguration] is not eligible for getting processed by all BeanPostProcessors (for example: not eligible for auto-proxying). The currently created BeanPostProcessor [loadBalancerWebClientBuilderBeanPostProcessor] is declared through a non-static factory method on that class; consider declaring it as static instead.
2026-03-27T12:00:35.965+05:30  WARN 24040 --- [Api-Gateway] [           main] trationDelegate$BeanPostProcessorChecker : Bean 'org.springframework.cloud.client.loadbalancer.reactive.LoadBalancerBeanPostProcessorAutoConfiguration$ReactorDeferringLoadBalancerFilterConfig' of type [org.springframework.cloud.client.loadbalancer.reactive.LoadBalancerBeanPostProcessorAutoConfiguration$ReactorDeferringLoadBalancerFilterConfig] is not eligible for getting processed by all BeanPostProcessors (for example: not eligible for auto-proxying). Is this bean getting eagerly injected/applied to a currently created BeanPostProcessor [loadBalancerWebClientBuilderBeanPostProcessor]? Check the corresponding BeanPostProcessor declaration and its dependencies/advisors. If this bean does not have to be post-processed, declare it with ROLE_INFRASTRUCTURE.
2026-03-27T12:00:35.968+05:30  WARN 24040 --- [Api-Gateway] [           main] trationDelegate$BeanPostProcessorChecker : Bean 'reactorDeferringLoadBalancerExchangeFilterFunction' of type [org.springframework.cloud.client.loadbalancer.reactive.DeferringLoadBalancerExchangeFilterFunction] is not eligible for getting processed by all BeanPostProcessors (for example: not eligible for auto-proxying). Is this bean getting eagerly injected/applied to a currently created BeanPostProcessor [loadBalancerWebClientBuilderBeanPostProcessor]? Check the corresponding BeanPostProcessor declaration and its dependencies/advisors. If this bean does not have to be post-processed, declare it with ROLE_INFRASTRUCTURE.
2026-03-27T12:00:38.193+05:30  INFO 24040 --- [Api-Gateway] [           main] o.s.cloud.commons.util.InetUtils         : Cannot determine local hostname
2026-03-27T12:00:39.277+05:30  INFO 24040 --- [Api-Gateway] [           main] o.s.cloud.commons.util.InetUtils         : Cannot determine local hostname
2026-03-27T12:00:39.787+05:30 DEBUG 24040 --- [Api-Gateway] [           main] o.s.c.gateway.config.GatewayProperties   : Routes supplied from Gateway Properties: [RouteDefinition{id='AUTH-SERVICE', predicates=[PredicateDefinition{name='Path', args={_genkey_0=/auth/**}}], filters=[], uri=lb://USER-SERVICE, order=0, metadata={}}, RouteDefinition{id='ADMIN-SERVICE', predicates=[PredicateDefinition{name='Path', args={_genkey_0=/admin/**}}], filters=[], uri=lb://ADMIN-SERVICE, order=0, metadata={}}, RouteDefinition{id='KYC-SERVICE', predicates=[PredicateDefinition{name='Path', args={_genkey_0=/kyc/**}}], filters=[], uri=lb://KYC-SERVICE, order=0, metadata={}}, RouteDefinition{id='PAYMENT-SERVICES', predicates=[PredicateDefinition{name='Path', args={_genkey_0=/api/payments/**}}], filters=[FilterDefinition{name='CircuitBreaker', args={_genkey_0=name:paymentCircuitBreaker, _genkey_1=fallbackUri:forward:/fallback/payment}}], uri=lb://PAYMENT-SERVICES, order=0, metadata={}}, RouteDefinition{id='WALLET-SERVICE', predicates=[PredicateDefinition{name='Path', args={_genkey_0=/api/wallets/**}}], filters=[FilterDefinition{name='CircuitBreaker', args={_genkey_0=name:walletCircuitBreaker, _genkey_1=fallbackUri:forward:/fallback/general}}], uri=lb://WALLET-SERVICE, order=0, metadata={}}, RouteDefinition{id='TRANSACTION-SERVICE', predicates=[PredicateDefinition{name='Path', args={_genkey_0=/api/transaction/**}}], filters=[FilterDefinition{name='CircuitBreaker', args={_genkey_0=name:transactionCircuitBreaker, _genkey_1=fallbackUri:forward:/fallback/general}}], uri=lb://TRANSACTION-SERVICE, order=0, metadata={}}, RouteDefinition{id='REWARDS-SERVICE', predicates=[PredicateDefinition{name='Path', args={_genkey_0=/api/rewards/**}}], filters=[FilterDefinition{name='CircuitBreaker', args={_genkey_0=name:rewardCircuitBreaker, _genkey_1=fallbackUri:forward:/fallback/reward}}], uri=lb://REWARDS-SERVICE, order=0, metadata={}}, RouteDefinition{id='NOTIFICATION-SERVICE', predicates=[PredicateDefinition{name='Path', args={_genkey_0=/api/notifications/**}}], filters=[FilterDefinition{name='CircuitBreaker', args={_genkey_0=name:notificationCircuitBreaker, _genkey_1=fallbackUri:forward:/fallback/general}}], uri=lb://NOTIFICATION-SERVICE, order=0, metadata={}}, RouteDefinition{id='USER-SERVICE', predicates=[PredicateDefinition{name='Path', args={_genkey_0=/users/**}}], filters=[], uri=lb://USER-SERVICE, order=0, metadata={}}]
2026-03-27T12:00:40.217+05:30  INFO 24040 --- [Api-Gateway] [           main] o.s.c.g.r.RouteDefinitionRouteLocator    : Loaded RoutePredicateFactory [After]
2026-03-27T12:00:40.219+05:30  INFO 24040 --- [Api-Gateway] [           main] o.s.c.g.r.RouteDefinitionRouteLocator    : Loaded RoutePredicateFactory [Before]
2026-03-27T12:00:40.221+05:30  INFO 24040 --- [Api-Gateway] [           main] o.s.c.g.r.RouteDefinitionRouteLocator    : Loaded RoutePredicateFactory [Between]
2026-03-27T12:00:40.222+05:30  INFO 24040 --- [Api-Gateway] [           main] o.s.c.g.r.RouteDefinitionRouteLocator    : Loaded RoutePredicateFactory [Cookie]
2026-03-27T12:00:40.223+05:30  INFO 24040 --- [Api-Gateway] [           main] o.s.c.g.r.RouteDefinitionRouteLocator    : Loaded RoutePredicateFactory [Header]
2026-03-27T12:00:40.224+05:30  INFO 24040 --- [Api-Gateway] [           main] o.s.c.g.r.RouteDefinitionRouteLocator    : Loaded RoutePredicateFactory [Host]
2026-03-27T12:00:40.226+05:30  INFO 24040 --- [Api-Gateway] [           main] o.s.c.g.r.RouteDefinitionRouteLocator    : Loaded RoutePredicateFactory [Method]
2026-03-27T12:00:40.227+05:30  INFO 24040 --- [Api-Gateway] [           main] o.s.c.g.r.RouteDefinitionRouteLocator    : Loaded RoutePredicateFactory [Path]
2026-03-27T12:00:40.228+05:30  INFO 24040 --- [Api-Gateway] [           main] o.s.c.g.r.RouteDefinitionRouteLocator    : Loaded RoutePredicateFactory [Query]
2026-03-27T12:00:40.231+05:30  INFO 24040 --- [Api-Gateway] [           main] o.s.c.g.r.RouteDefinitionRouteLocator    : Loaded RoutePredicateFactory [ReadBody]
2026-03-27T12:00:40.232+05:30  INFO 24040 --- [Api-Gateway] [           main] o.s.c.g.r.RouteDefinitionRouteLocator    : Loaded RoutePredicateFactory [RemoteAddr]
2026-03-27T12:00:40.234+05:30  INFO 24040 --- [Api-Gateway] [           main] o.s.c.g.r.RouteDefinitionRouteLocator    : Loaded RoutePredicateFactory [XForwardedRemoteAddr]
2026-03-27T12:00:40.235+05:30  INFO 24040 --- [Api-Gateway] [           main] o.s.c.g.r.RouteDefinitionRouteLocator    : Loaded RoutePredicateFactory [Weight]
2026-03-27T12:00:40.236+05:30  INFO 24040 --- [Api-Gateway] [           main] o.s.c.g.r.RouteDefinitionRouteLocator    : Loaded RoutePredicateFactory [CloudFoundryRouteService]
2026-03-27T12:00:41.656+05:30  INFO 24040 --- [Api-Gateway] [           main] o.s.cloud.commons.util.InetUtils         : Cannot determine local hostname
2026-03-27T12:00:41.793+05:30  INFO 24040 --- [Api-Gateway] [           main] o.s.b.a.e.web.EndpointLinksResolver      : Exposing 3 endpoints beneath base path '/actuator'
2026-03-27T12:00:42.629+05:30  INFO 24040 --- [Api-Gateway] [           main] DiscoveryClientOptionalArgsConfiguration : Eureka HTTP Client uses RestTemplate.
2026-03-27T12:00:42.698+05:30  WARN 24040 --- [Api-Gateway] [           main] iguration$LoadBalancerCaffeineWarnLogger : Spring Cloud LoadBalancer is currently working with the default cache. While this cache implementation is useful for development and tests, it's recommended to use Caffeine cache in production.You can switch to using Caffeine cache, by adding it and org.springframework.cache.caffeine.CaffeineCacheManager to the classpath.
2026-03-27T12:00:42.792+05:30  INFO 24040 --- [Api-Gateway] [           main] o.s.c.n.eureka.InstanceInfoFactory       : Setting initial instance status as: STARTING
2026-03-27T12:00:42.828+05:30  INFO 24040 --- [Api-Gateway] [           main] com.netflix.discovery.DiscoveryClient    : Initializing Eureka in region us-east-1
2026-03-27T12:00:42.834+05:30  INFO 24040 --- [Api-Gateway] [           main] c.n.d.s.r.aws.ConfigClusterResolver      : Resolving eureka endpoints via configuration
2026-03-27T12:00:42.844+05:30  INFO 24040 --- [Api-Gateway] [           main] com.netflix.discovery.DiscoveryClient    : Disable delta property : false
2026-03-27T12:00:42.845+05:30  INFO 24040 --- [Api-Gateway] [           main] com.netflix.discovery.DiscoveryClient    : Single vip registry refresh property : null
2026-03-27T12:00:42.846+05:30  INFO 24040 --- [Api-Gateway] [           main] com.netflix.discovery.DiscoveryClient    : Force full registry fetch : false
2026-03-27T12:00:42.847+05:30  INFO 24040 --- [Api-Gateway] [           main] com.netflix.discovery.DiscoveryClient    : Application is null : false
2026-03-27T12:00:42.847+05:30  INFO 24040 --- [Api-Gateway] [           main] com.netflix.discovery.DiscoveryClient    : Registered Applications size is zero : true
2026-03-27T12:00:42.849+05:30  INFO 24040 --- [Api-Gateway] [           main] com.netflix.discovery.DiscoveryClient    : Application version is -1: true
2026-03-27T12:00:42.850+05:30  INFO 24040 --- [Api-Gateway] [           main] com.netflix.discovery.DiscoveryClient    : Getting all instance registry info from the eureka server
2026-03-27T12:00:43.470+05:30  INFO 24040 --- [Api-Gateway] [           main] com.netflix.discovery.DiscoveryClient    : The response status is 200
2026-03-27T12:00:43.474+05:30  INFO 24040 --- [Api-Gateway] [           main] com.netflix.discovery.DiscoveryClient    : Starting heartbeat executor: renew interval is: 30
2026-03-27T12:00:43.477+05:30  INFO 24040 --- [Api-Gateway] [           main] c.n.discovery.InstanceInfoReplicator     : InstanceInfoReplicator onDemand update allowed rate per min is 4
2026-03-27T12:00:43.480+05:30  INFO 24040 --- [Api-Gateway] [           main] com.netflix.discovery.DiscoveryClient    : Discovery Client initialized at timestamp 1774593043478 with initial instances count: 4
2026-03-27T12:00:43.484+05:30  INFO 24040 --- [Api-Gateway] [           main] o.s.c.n.e.s.EurekaServiceRegistry        : Registering application API-GATEWAY with eureka with status UP
2026-03-27T12:00:43.486+05:30  INFO 24040 --- [Api-Gateway] [           main] com.netflix.discovery.DiscoveryClient    : Saw local status change event StatusChangeEvent [timestamp=1774593043486, current=UP, previous=STARTING]
2026-03-27T12:00:43.492+05:30  INFO 24040 --- [Api-Gateway] [foReplicator-%d] com.netflix.discovery.DiscoveryClient    : DiscoveryClient_API-GATEWAY/localhost:Api-Gateway:7505: registering service...
2026-03-27T12:00:43.560+05:30 DEBUG 24040 --- [Api-Gateway] [           main] o.s.c.g.r.RouteDefinitionRouteLocator    : RouteDefinition ReactiveCompositeDiscoveryClient_CONFIG-SERVIER applying {pattern=/config-servier/**} to Path
2026-03-27T12:00:43.595+05:30 DEBUG 24040 --- [Api-Gateway] [           main] o.s.c.g.r.RouteDefinitionRouteLocator    : RouteDefinition ReactiveCompositeDiscoveryClient_CONFIG-SERVIER applying filter {regexp=/config-servier/?(?<remaining>.*), replacement=/${remaining}} to RewritePath
2026-03-27T12:00:43.598+05:30  INFO 24040 --- [Api-Gateway] [foReplicator-%d] c.n.d.s.t.d.RedirectingEurekaHttpClient  : Request execution error. endpoint=DefaultEndpoint{ serviceUrl='http://127.0.0.1:8761/eureka/}, exception=I/O error on POST request for "http://127.0.0.1:8761/eureka/apps/API-GATEWAY": Connect to http://127.0.0.1:8761 [/127.0.0.1] failed: Connection refused: getsockopt stacktrace=org.springframework.web.client.ResourceAccessException: I/O error on POST request for "http://127.0.0.1:8761/eureka/apps/API-GATEWAY": Connect to http://127.0.0.1:8761 [/127.0.0.1] failed: Connection refused: getsockopt
	at org.springframework.web.client.RestTemplate.createResourceAccessException(RestTemplate.java:915)
	at org.springframework.web.client.RestTemplate.doExecute(RestTemplate.java:895)
	at org.springframework.web.client.RestTemplate.execute(RestTemplate.java:790)
	at org.springframework.web.client.RestTemplate.exchange(RestTemplate.java:672)
	at org.springframework.cloud.netflix.eureka.http.RestTemplateEurekaHttpClient.register(RestTemplateEurekaHttpClient.java:77)
	at com.netflix.discovery.shared.transport.decorator.EurekaHttpClientDecorator$1.execute(EurekaHttpClientDecorator.java:59)
	at com.netflix.discovery.shared.transport.decorator.RedirectingEurekaHttpClient.executeOnNewServer(RedirectingEurekaHttpClient.java:121)
	at com.netflix.discovery.shared.transport.decorator.RedirectingEurekaHttpClient.execute(RedirectingEurekaHttpClient.java:80)
	at com.netflix.discovery.shared.transport.decorator.EurekaHttpClientDecorator.register(EurekaHttpClientDecorator.java:56)
	at com.netflix.discovery.shared.transport.decorator.EurekaHttpClientDecorator$1.execute(EurekaHttpClientDecorator.java:59)
	at com.netflix.discovery.shared.transport.decorator.RetryableEurekaHttpClient.execute(RetryableEurekaHttpClient.java:120)
	at com.netflix.discovery.shared.transport.decorator.EurekaHttpClientDecorator.register(EurekaHttpClientDecorator.java:56)
	at com.netflix.discovery.shared.transport.decorator.EurekaHttpClientDecorator$1.execute(EurekaHttpClientDecorator.java:59)
	at com.netflix.discovery.shared.transport.decorator.SessionedEurekaHttpClient.execute(SessionedEurekaHttpClient.java:76)
	at com.netflix.discovery.shared.transport.decorator.EurekaHttpClientDecorator.register(EurekaHttpClientDecorator.java:56)
	at com.netflix.discovery.DiscoveryClient.register(DiscoveryClient.java:828)
	at com.netflix.discovery.InstanceInfoReplicator.run(InstanceInfoReplicator.java:125)
	at com.netflix.discovery.InstanceInfoReplicator$2.run(InstanceInfoReplicator.java:105)
	at java.base/java.util.concurrent.Executors$RunnableAdapter.call(Executors.java:572)
	at java.base/java.util.concurrent.FutureTask.run(FutureTask.java:317)
	at java.base/java.util.concurrent.ScheduledThreadPoolExecutor$ScheduledFutureTask.run(ScheduledThreadPoolExecutor.java:304)
	at java.base/java.util.concurrent.ThreadPoolExecutor.runWorker(ThreadPoolExecutor.java:1144)
	at java.base/java.util.concurrent.ThreadPoolExecutor$Worker.run(ThreadPoolExecutor.java:642)
	at java.base/java.lang.Thread.run(Thread.java:1583)
Caused by: org.apache.hc.client5.http.HttpHostConnectException: Connect to http://127.0.0.1:8761 [/127.0.0.1] failed: Connection refused: getsockopt
	at java.base/sun.nio.ch.Net.pollConnect(Native Method)
	at java.base/sun.nio.ch.Net.pollConnectNow(Net.java:682)
	at java.base/sun.nio.ch.NioSocketImpl.timedFinishConnect(NioSocketImpl.java:542)
	at java.base/sun.nio.ch.NioSocketImpl.connect(NioSocketImpl.java:592)
	at java.base/java.net.SocksSocketImpl.connect(SocksSocketImpl.java:327)
	at java.base/java.net.Socket.connect(Socket.java:751)
	at org.apache.hc.client5.http.socket.PlainConnectionSocketFactory.lambda$connectSocket$0(PlainConnectionSocketFactory.java:91)
	at java.base/java.security.AccessController.doPrivileged(AccessController.java:571)
	at org.apache.hc.client5.http.socket.PlainConnectionSocketFactory.connectSocket(PlainConnectionSocketFactory.java:90)
	at org.apache.hc.client5.http.socket.ConnectionSocketFactory.connectSocket(ConnectionSocketFactory.java:123)
	at org.apache.hc.client5.http.impl.io.DefaultHttpClientConnectionOperator.connect(DefaultHttpClientConnectionOperator.java:189)
	at org.apache.hc.client5.http.impl.io.PoolingHttpClientConnectionManager.connect(PoolingHttpClientConnectionManager.java:450)
	at org.apache.hc.client5.http.impl.classic.InternalExecRuntime.connectEndpoint(InternalExecRuntime.java:162)
	at org.apache.hc.client5.http.impl.classic.InternalExecRuntime.connectEndpoint(InternalExecRuntime.java:172)
	at org.apache.hc.client5.http.impl.classic.ConnectExec.execute(ConnectExec.java:142)
	at org.apache.hc.client5.http.impl.classic.ExecChainElement.execute(ExecChainElement.java:51)
	at org.apache.hc.client5.http.impl.classic.ProtocolExec.execute(ProtocolExec.java:192)
	at org.apache.hc.client5.http.impl.classic.ExecChainElement.execute(ExecChainElement.java:51)
	at org.apache.hc.client5.http.impl.classic.HttpRequestRetryExec.execute(HttpRequestRetryExec.java:113)
	at org.apache.hc.client5.http.impl.classic.ExecChainElement.execute(ExecChainElement.java:51)
	at org.apache.hc.client5.http.impl.classic.ContentCompressionExec.execute(ContentCompressionExec.java:152)
	at org.apache.hc.client5.http.impl.classic.ExecChainElement.execute(ExecChainElement.java:51)
	at org.apache.hc.client5.http.impl.classic.RedirectExec.execute(RedirectExec.java:116)
	at org.apache.hc.client5.http.impl.classic.ExecChainElement.execute(ExecChainElement.java:51)
	at org.apache.hc.client5.http.impl.classic.InternalHttpClient.doExecute(InternalHttpClient.java:170)
	at org.apache.hc.client5.http.impl.classic.CloseableHttpClient.execute(CloseableHttpClient.java:87)
	at org.apache.hc.client5.http.impl.classic.CloseableHttpClient.execute(CloseableHttpClient.java:55)
	at org.apache.hc.client5.http.classic.HttpClient.executeOpen(HttpClient.java:183)
	at org.springframework.http.client.HttpComponentsClientHttpRequest.executeInternal(HttpComponentsClientHttpRequest.java:99)
	at org.springframework.http.client.AbstractStreamingClientHttpRequest.executeInternal(AbstractStreamingClientHttpRequest.java:70)
	at org.springframework.http.client.AbstractClientHttpRequest.execute(AbstractClientHttpRequest.java:66)
	at org.springframework.http.client.InterceptingClientHttpRequest$InterceptingRequestExecution.execute(InterceptingClientHttpRequest.java:112)
	at org.springframework.cloud.netflix.eureka.http.RestTemplateTransportClientFactory.lambda$restTemplate$3(RestTemplateTransportClientFactory.java:170)
	at org.springframework.http.client.InterceptingClientHttpRequest$InterceptingRequestExecution.execute(InterceptingClientHttpRequest.java:88)
	at org.springframework.http.client.InterceptingClientHttpRequest.executeInternal(InterceptingClientHttpRequest.java:72)
	at org.springframework.http.client.AbstractBufferingClientHttpRequest.executeInternal(AbstractBufferingClientHttpRequest.java:48)
	at org.springframework.http.client.AbstractClientHttpRequest.execute(AbstractClientHttpRequest.java:66)
	at org.springframework.web.client.RestTemplate.doExecute(RestTemplate.java:889)
	... 22 more

2026-03-27T12:00:43.600+05:30  WARN 24040 --- [Api-Gateway] [foReplicator-%d] c.n.d.s.t.d.RetryableEurekaHttpClient    : Request execution failed with message: I/O error on POST request for "http://127.0.0.1:8761/eureka/apps/API-GATEWAY": Connect to http://127.0.0.1:8761 [/127.0.0.1] failed: Connection refused: getsockopt
2026-03-27T12:00:43.602+05:30  WARN 24040 --- [Api-Gateway] [foReplicator-%d] com.netflix.discovery.DiscoveryClient    : DiscoveryClient_API-GATEWAY/localhost:Api-Gateway:7505 - registration failed Cannot execute request on any known server

com.netflix.discovery.shared.transport.TransportException: Cannot execute request on any known server
	at com.netflix.discovery.shared.transport.decorator.RetryableEurekaHttpClient.execute(RetryableEurekaHttpClient.java:112) ~[eureka-client-2.0.3.jar:2.0.3]
	at com.netflix.discovery.shared.transport.decorator.EurekaHttpClientDecorator.register(EurekaHttpClientDecorator.java:56) ~[eureka-client-2.0.3.jar:2.0.3]
	at com.netflix.discovery.shared.transport.decorator.EurekaHttpClientDecorator$1.execute(EurekaHttpClientDecorator.java:59) ~[eureka-client-2.0.3.jar:2.0.3]
	at com.netflix.discovery.shared.transport.decorator.SessionedEurekaHttpClient.execute(SessionedEurekaHttpClient.java:76) ~[eureka-client-2.0.3.jar:2.0.3]
	at com.netflix.discovery.shared.transport.decorator.EurekaHttpClientDecorator.register(EurekaHttpClientDecorator.java:56) ~[eureka-client-2.0.3.jar:2.0.3]
	at com.netflix.discovery.DiscoveryClient.register(DiscoveryClient.java:828) ~[eureka-client-2.0.3.jar:2.0.3]
	at com.netflix.discovery.InstanceInfoReplicator.run(InstanceInfoReplicator.java:125) ~[eureka-client-2.0.3.jar:2.0.3]
	at com.netflix.discovery.InstanceInfoReplicator$2.run(InstanceInfoReplicator.java:105) ~[eureka-client-2.0.3.jar:2.0.3]
	at java.base/java.util.concurrent.Executors$RunnableAdapter.call(Executors.java:572) ~[na:na]
	at java.base/java.util.concurrent.FutureTask.run(FutureTask.java:317) ~[na:na]
	at java.base/java.util.concurrent.ScheduledThreadPoolExecutor$ScheduledFutureTask.run(ScheduledThreadPoolExecutor.java:304) ~[na:na]
	at java.base/java.util.concurrent.ThreadPoolExecutor.runWorker(ThreadPoolExecutor.java:1144) ~[na:na]
	at java.base/java.util.concurrent.ThreadPoolExecutor$Worker.run(ThreadPoolExecutor.java:642) ~[na:na]
	at java.base/java.lang.Thread.run(Thread.java:1583) ~[na:na]

2026-03-27T12:00:43.611+05:30 DEBUG 24040 --- [Api-Gateway] [           main] o.s.c.g.r.RouteDefinitionRouteLocator    : RouteDefinition matched: ReactiveCompositeDiscoveryClient_CONFIG-SERVIER
2026-03-27T12:00:43.611+05:30  WARN 24040 --- [Api-Gateway] [foReplicator-%d] c.n.discovery.InstanceInfoReplicator     : There was a problem with the instance info replicator

com.netflix.discovery.shared.transport.TransportException: Cannot execute request on any known server
	at com.netflix.discovery.shared.transport.decorator.RetryableEurekaHttpClient.execute(RetryableEurekaHttpClient.java:112) ~[eureka-client-2.0.3.jar:2.0.3]
	at com.netflix.discovery.shared.transport.decorator.EurekaHttpClientDecorator.register(EurekaHttpClientDecorator.java:56) ~[eureka-client-2.0.3.jar:2.0.3]
	at com.netflix.discovery.shared.transport.decorator.EurekaHttpClientDecorator$1.execute(EurekaHttpClientDecorator.java:59) ~[eureka-client-2.0.3.jar:2.0.3]
	at com.netflix.discovery.shared.transport.decorator.SessionedEurekaHttpClient.execute(SessionedEurekaHttpClient.java:76) ~[eureka-client-2.0.3.jar:2.0.3]
	at com.netflix.discovery.shared.transport.decorator.EurekaHttpClientDecorator.register(EurekaHttpClientDecorator.java:56) ~[eureka-client-2.0.3.jar:2.0.3]
	at com.netflix.discovery.DiscoveryClient.register(DiscoveryClient.java:828) ~[eureka-client-2.0.3.jar:2.0.3]
	at com.netflix.discovery.InstanceInfoReplicator.run(InstanceInfoReplicator.java:125) ~[eureka-client-2.0.3.jar:2.0.3]
	at com.netflix.discovery.InstanceInfoReplicator$2.run(InstanceInfoReplicator.java:105) ~[eureka-client-2.0.3.jar:2.0.3]
	at java.base/java.util.concurrent.Executors$RunnableAdapter.call(Executors.java:572) ~[na:na]
	at java.base/java.util.concurrent.FutureTask.run(FutureTask.java:317) ~[na:na]
	at java.base/java.util.concurrent.ScheduledThreadPoolExecutor$ScheduledFutureTask.run(ScheduledThreadPoolExecutor.java:304) ~[na:na]
	at java.base/java.util.concurrent.ThreadPoolExecutor.runWorker(ThreadPoolExecutor.java:1144) ~[na:na]
	at java.base/java.util.concurrent.ThreadPoolExecutor$Worker.run(ThreadPoolExecutor.java:642) ~[na:na]
	at java.base/java.lang.Thread.run(Thread.java:1583) ~[na:na]

2026-03-27T12:00:43.613+05:30 DEBUG 24040 --- [Api-Gateway] [           main] o.s.c.g.r.RouteDefinitionRouteLocator    : RouteDefinition ReactiveCompositeDiscoveryClient_KYC-SERVICE applying {pattern=/kyc-service/**} to Path
2026-03-27T12:00:43.616+05:30 DEBUG 24040 --- [Api-Gateway] [           main] o.s.c.g.r.RouteDefinitionRouteLocator    : RouteDefinition ReactiveCompositeDiscoveryClient_KYC-SERVICE applying filter {regexp=/kyc-service/?(?<remaining>.*), replacement=/${remaining}} to RewritePath
2026-03-27T12:00:43.619+05:30 DEBUG 24040 --- [Api-Gateway] [           main] o.s.c.g.r.RouteDefinitionRouteLocator    : RouteDefinition matched: ReactiveCompositeDiscoveryClient_KYC-SERVICE
2026-03-27T12:00:43.621+05:30 DEBUG 24040 --- [Api-Gateway] [           main] o.s.c.g.r.RouteDefinitionRouteLocator    : RouteDefinition ReactiveCompositeDiscoveryClient_ADMIN-SERVICE applying {pattern=/admin-service/**} to Path
2026-03-27T12:00:43.625+05:30 DEBUG 24040 --- [Api-Gateway] [           main] o.s.c.g.r.RouteDefinitionRouteLocator    : RouteDefinition ReactiveCompositeDiscoveryClient_ADMIN-SERVICE applying filter {regexp=/admin-service/?(?<remaining>.*), replacement=/${remaining}} to RewritePath
2026-03-27T12:00:43.628+05:30 DEBUG 24040 --- [Api-Gateway] [           main] o.s.c.g.r.RouteDefinitionRouteLocator    : RouteDefinition matched: ReactiveCompositeDiscoveryClient_ADMIN-SERVICE
2026-03-27T12:00:43.631+05:30 DEBUG 24040 --- [Api-Gateway] [           main] o.s.c.g.r.RouteDefinitionRouteLocator    : RouteDefinition ReactiveCompositeDiscoveryClient_USER-SERVICE applying {pattern=/user-service/**} to Path
2026-03-27T12:00:43.633+05:30 DEBUG 24040 --- [Api-Gateway] [           main] o.s.c.g.r.RouteDefinitionRouteLocator    : RouteDefinition ReactiveCompositeDiscoveryClient_USER-SERVICE applying filter {regexp=/user-service/?(?<remaining>.*), replacement=/${remaining}} to RewritePath
2026-03-27T12:00:43.637+05:30 DEBUG 24040 --- [Api-Gateway] [           main] o.s.c.g.r.RouteDefinitionRouteLocator    : RouteDefinition matched: ReactiveCompositeDiscoveryClient_USER-SERVICE
2026-03-27T12:00:43.638+05:30 DEBUG 24040 --- [Api-Gateway] [           main] o.s.c.g.r.RouteDefinitionRouteLocator    : RouteDefinition AUTH-SERVICE applying {_genkey_0=/auth/**} to Path
2026-03-27T12:00:43.642+05:30 DEBUG 24040 --- [Api-Gateway] [           main] o.s.c.g.r.RouteDefinitionRouteLocator    : RouteDefinition matched: AUTH-SERVICE
2026-03-27T12:00:43.644+05:30 DEBUG 24040 --- [Api-Gateway] [           main] o.s.c.g.r.RouteDefinitionRouteLocator    : RouteDefinition ADMIN-SERVICE applying {_genkey_0=/admin/**} to Path
2026-03-27T12:00:43.647+05:30 DEBUG 24040 --- [Api-Gateway] [           main] o.s.c.g.r.RouteDefinitionRouteLocator    : RouteDefinition matched: ADMIN-SERVICE
2026-03-27T12:00:43.648+05:30 DEBUG 24040 --- [Api-Gateway] [           main] o.s.c.g.r.RouteDefinitionRouteLocator    : RouteDefinition KYC-SERVICE applying {_genkey_0=/kyc/**} to Path
2026-03-27T12:00:43.652+05:30 DEBUG 24040 --- [Api-Gateway] [           main] o.s.c.g.r.RouteDefinitionRouteLocator    : RouteDefinition matched: KYC-SERVICE
2026-03-27T12:00:43.653+05:30 DEBUG 24040 --- [Api-Gateway] [           main] o.s.c.g.r.RouteDefinitionRouteLocator    : RouteDefinition PAYMENT-SERVICES applying {_genkey_0=/api/payments/**} to Path
2026-03-27T12:00:43.655+05:30 DEBUG 24040 --- [Api-Gateway] [           main] o.s.c.g.r.RouteDefinitionRouteLocator    : RouteDefinition PAYMENT-SERVICES applying filter {_genkey_0=name:paymentCircuitBreaker, _genkey_1=fallbackUri:forward:/fallback/payment} to CircuitBreaker
2026-03-27T12:00:43.665+05:30 DEBUG 24040 --- [Api-Gateway] [           main] o.s.c.g.r.RouteDefinitionRouteLocator    : RouteDefinition matched: PAYMENT-SERVICES
2026-03-27T12:00:43.666+05:30 DEBUG 24040 --- [Api-Gateway] [           main] o.s.c.g.r.RouteDefinitionRouteLocator    : RouteDefinition WALLET-SERVICE applying {_genkey_0=/api/wallets/**} to Path
2026-03-27T12:00:43.670+05:30 DEBUG 24040 --- [Api-Gateway] [           main] o.s.c.g.r.RouteDefinitionRouteLocator    : RouteDefinition WALLET-SERVICE applying filter {_genkey_0=name:walletCircuitBreaker, _genkey_1=fallbackUri:forward:/fallback/general} to CircuitBreaker
2026-03-27T12:00:43.674+05:30 DEBUG 24040 --- [Api-Gateway] [           main] o.s.c.g.r.RouteDefinitionRouteLocator    : RouteDefinition matched: WALLET-SERVICE
2026-03-27T12:00:43.676+05:30 DEBUG 24040 --- [Api-Gateway] [           main] o.s.c.g.r.RouteDefinitionRouteLocator    : RouteDefinition TRANSACTION-SERVICE applying {_genkey_0=/api/transaction/**} to Path
2026-03-27T12:00:43.678+05:30 DEBUG 24040 --- [Api-Gateway] [           main] o.s.c.g.r.RouteDefinitionRouteLocator    : RouteDefinition TRANSACTION-SERVICE applying filter {_genkey_0=name:transactionCircuitBreaker, _genkey_1=fallbackUri:forward:/fallback/general} to CircuitBreaker
2026-03-27T12:00:43.682+05:30 DEBUG 24040 --- [Api-Gateway] [           main] o.s.c.g.r.RouteDefinitionRouteLocator    : RouteDefinition matched: TRANSACTION-SERVICE
2026-03-27T12:00:43.683+05:30 DEBUG 24040 --- [Api-Gateway] [           main] o.s.c.g.r.RouteDefinitionRouteLocator    : RouteDefinition REWARDS-SERVICE applying {_genkey_0=/api/rewards/**} to Path
2026-03-27T12:00:43.687+05:30 DEBUG 24040 --- [Api-Gateway] [           main] o.s.c.g.r.RouteDefinitionRouteLocator    : RouteDefinition REWARDS-SERVICE applying filter {_genkey_0=name:rewardCircuitBreaker, _genkey_1=fallbackUri:forward:/fallback/reward} to CircuitBreaker
2026-03-27T12:00:43.690+05:30 DEBUG 24040 --- [Api-Gateway] [           main] o.s.c.g.r.RouteDefinitionRouteLocator    : RouteDefinition matched: REWARDS-SERVICE
2026-03-27T12:00:43.691+05:30 DEBUG 24040 --- [Api-Gateway] [           main] o.s.c.g.r.RouteDefinitionRouteLocator    : RouteDefinition NOTIFICATION-SERVICE applying {_genkey_0=/api/notifications/**} to Path
2026-03-27T12:00:43.693+05:30 DEBUG 24040 --- [Api-Gateway] [           main] o.s.c.g.r.RouteDefinitionRouteLocator    : RouteDefinition NOTIFICATION-SERVICE applying filter {_genkey_0=name:notificationCircuitBreaker, _genkey_1=fallbackUri:forward:/fallback/general} to CircuitBreaker
2026-03-27T12:00:43.696+05:30 DEBUG 24040 --- [Api-Gateway] [           main] o.s.c.g.r.RouteDefinitionRouteLocator    : RouteDefinition matched: NOTIFICATION-SERVICE
2026-03-27T12:00:43.697+05:30 DEBUG 24040 --- [Api-Gateway] [           main] o.s.c.g.r.RouteDefinitionRouteLocator    : RouteDefinition USER-SERVICE applying {_genkey_0=/users/**} to Path
2026-03-27T12:00:43.700+05:30 DEBUG 24040 --- [Api-Gateway] [           main] o.s.c.g.r.RouteDefinitionRouteLocator    : RouteDefinition matched: USER-SERVICE
2026-03-27T12:00:43.716+05:30 DEBUG 24040 --- [Api-Gateway] [           main] o.s.c.g.filter.GatewayMetricsFilter      : New routes count: 13
2026-03-27T12:00:44.031+05:30  INFO 24040 --- [Api-Gateway] [           main] o.s.b.web.embedded.netty.NettyWebServer  : Netty started on port 7505 (http)
2026-03-27T12:00:44.033+05:30  INFO 24040 --- [Api-Gateway] [           main] .s.c.n.e.s.EurekaAutoServiceRegistration : Updating port to 7505
2026-03-27T12:00:45.051+05:30  INFO 24040 --- [Api-Gateway] [           main] o.s.cloud.commons.util.InetUtils         : Cannot determine local hostname
2026-03-27T12:00:46.072+05:30  INFO 24040 --- [Api-Gateway] [           main] o.s.cloud.commons.util.InetUtils         : Cannot determine local hostname
2026-03-27T12:00:46.095+05:30 DEBUG 24040 --- [Api-Gateway] [           main] o.s.c.g.r.RouteDefinitionRouteLocator    : RouteDefinition ReactiveCompositeDiscoveryClient_CONFIG-SERVIER applying {pattern=/config-servier/**} to Path
2026-03-27T12:00:46.098+05:30 DEBUG 24040 --- [Api-Gateway] [           main] o.s.c.g.r.RouteDefinitionRouteLocator    : RouteDefinition ReactiveCompositeDiscoveryClient_CONFIG-SERVIER applying filter {regexp=/config-servier/?(?<remaining>.*), replacement=/${remaining}} to RewritePath
2026-03-27T12:00:46.100+05:30 DEBUG 24040 --- [Api-Gateway] [           main] o.s.c.g.r.RouteDefinitionRouteLocator    : RouteDefinition matched: ReactiveCompositeDiscoveryClient_CONFIG-SERVIER
2026-03-27T12:00:46.101+05:30 DEBUG 24040 --- [Api-Gateway] [           main] o.s.c.g.r.RouteDefinitionRouteLocator    : RouteDefinition ReactiveCompositeDiscoveryClient_KYC-SERVICE applying {pattern=/kyc-service/**} to Path
2026-03-27T12:00:46.104+05:30 DEBUG 24040 --- [Api-Gateway] [           main] o.s.c.g.r.RouteDefinitionRouteLocator    : RouteDefinition ReactiveCompositeDiscoveryClient_KYC-SERVICE applying filter {regexp=/kyc-service/?(?<remaining>.*), replacement=/${remaining}} to RewritePath
2026-03-27T12:00:46.107+05:30 DEBUG 24040 --- [Api-Gateway] [           main] o.s.c.g.r.RouteDefinitionRouteLocator    : RouteDefinition matched: ReactiveCompositeDiscoveryClient_KYC-SERVICE
2026-03-27T12:00:46.107+05:30 DEBUG 24040 --- [Api-Gateway] [           main] o.s.c.g.r.RouteDefinitionRouteLocator    : RouteDefinition ReactiveCompositeDiscoveryClient_ADMIN-SERVICE applying {pattern=/admin-service/**} to Path
2026-03-27T12:00:46.109+05:30 DEBUG 24040 --- [Api-Gateway] [           main] o.s.c.g.r.RouteDefinitionRouteLocator    : RouteDefinition ReactiveCompositeDiscoveryClient_ADMIN-SERVICE applying filter {regexp=/admin-service/?(?<remaining>.*), replacement=/${remaining}} to RewritePath
2026-03-27T12:00:46.111+05:30 DEBUG 24040 --- [Api-Gateway] [           main] o.s.c.g.r.RouteDefinitionRouteLocator    : RouteDefinition matched: ReactiveCompositeDiscoveryClient_ADMIN-SERVICE
2026-03-27T12:00:46.112+05:30 DEBUG 24040 --- [Api-Gateway] [           main] o.s.c.g.r.RouteDefinitionRouteLocator    : RouteDefinition ReactiveCompositeDiscoveryClient_USER-SERVICE applying {pattern=/user-service/**} to Path
2026-03-27T12:00:46.113+05:30 DEBUG 24040 --- [Api-Gateway] [           main] o.s.c.g.r.RouteDefinitionRouteLocator    : RouteDefinition ReactiveCompositeDiscoveryClient_USER-SERVICE applying filter {regexp=/user-service/?(?<remaining>.*), replacement=/${remaining}} to RewritePath
2026-03-27T12:00:46.114+05:30 DEBUG 24040 --- [Api-Gateway] [           main] o.s.c.g.r.RouteDefinitionRouteLocator    : RouteDefinition matched: ReactiveCompositeDiscoveryClient_USER-SERVICE
2026-03-27T12:00:46.115+05:30 DEBUG 24040 --- [Api-Gateway] [           main] o.s.c.g.r.RouteDefinitionRouteLocator    : RouteDefinition AUTH-SERVICE applying {_genkey_0=/auth/**} to Path
2026-03-27T12:00:46.117+05:30 DEBUG 24040 --- [Api-Gateway] [           main] o.s.c.g.r.RouteDefinitionRouteLocator    : RouteDefinition matched: AUTH-SERVICE
2026-03-27T12:00:46.118+05:30 DEBUG 24040 --- [Api-Gateway] [           main] o.s.c.g.r.RouteDefinitionRouteLocator    : RouteDefinition ADMIN-SERVICE applying {_genkey_0=/admin/**} to Path
2026-03-27T12:00:46.119+05:30 DEBUG 24040 --- [Api-Gateway] [           main] o.s.c.g.r.RouteDefinitionRouteLocator    : RouteDefinition matched: ADMIN-SERVICE
2026-03-27T12:00:46.119+05:30 DEBUG 24040 --- [Api-Gateway] [           main] o.s.c.g.r.RouteDefinitionRouteLocator    : RouteDefinition KYC-SERVICE applying {_genkey_0=/kyc/**} to Path
2026-03-27T12:00:46.121+05:30 DEBUG 24040 --- [Api-Gateway] [           main] o.s.c.g.r.RouteDefinitionRouteLocator    : RouteDefinition matched: KYC-SERVICE
2026-03-27T12:00:46.121+05:30 DEBUG 24040 --- [Api-Gateway] [           main] o.s.c.g.r.RouteDefinitionRouteLocator    : RouteDefinition PAYMENT-SERVICES applying {_genkey_0=/api/payments/**} to Path
2026-03-27T12:00:46.124+05:30 DEBUG 24040 --- [Api-Gateway] [           main] o.s.c.g.r.RouteDefinitionRouteLocator    : RouteDefinition PAYMENT-SERVICES applying filter {_genkey_0=name:paymentCircuitBreaker, _genkey_1=fallbackUri:forward:/fallback/payment} to CircuitBreaker
2026-03-27T12:00:46.127+05:30 DEBUG 24040 --- [Api-Gateway] [           main] o.s.c.g.r.RouteDefinitionRouteLocator    : RouteDefinition matched: PAYMENT-SERVICES
2026-03-27T12:00:46.129+05:30 DEBUG 24040 --- [Api-Gateway] [           main] o.s.c.g.r.RouteDefinitionRouteLocator    : RouteDefinition WALLET-SERVICE applying {_genkey_0=/api/wallets/**} to Path
2026-03-27T12:00:46.131+05:30 DEBUG 24040 --- [Api-Gateway] [           main] o.s.c.g.r.RouteDefinitionRouteLocator    : RouteDefinition WALLET-SERVICE applying filter {_genkey_0=name:walletCircuitBreaker, _genkey_1=fallbackUri:forward:/fallback/general} to CircuitBreaker
2026-03-27T12:00:46.132+05:30 DEBUG 24040 --- [Api-Gateway] [           main] o.s.c.g.r.RouteDefinitionRouteLocator    : RouteDefinition matched: WALLET-SERVICE
2026-03-27T12:00:46.133+05:30 DEBUG 24040 --- [Api-Gateway] [           main] o.s.c.g.r.RouteDefinitionRouteLocator    : RouteDefinition TRANSACTION-SERVICE applying {_genkey_0=/api/transaction/**} to Path
2026-03-27T12:00:46.135+05:30 DEBUG 24040 --- [Api-Gateway] [           main] o.s.c.g.r.RouteDefinitionRouteLocator    : RouteDefinition TRANSACTION-SERVICE applying filter {_genkey_0=name:transactionCircuitBreaker, _genkey_1=fallbackUri:forward:/fallback/general} to CircuitBreaker
2026-03-27T12:00:46.136+05:30 DEBUG 24040 --- [Api-Gateway] [           main] o.s.c.g.r.RouteDefinitionRouteLocator    : RouteDefinition matched: TRANSACTION-SERVICE
2026-03-27T12:00:46.137+05:30 DEBUG 24040 --- [Api-Gateway] [           main] o.s.c.g.r.RouteDefinitionRouteLocator    : RouteDefinition REWARDS-SERVICE applying {_genkey_0=/api/rewards/**} to Path
2026-03-27T12:00:46.139+05:30 DEBUG 24040 --- [Api-Gateway] [           main] o.s.c.g.r.RouteDefinitionRouteLocator    : RouteDefinition REWARDS-SERVICE applying filter {_genkey_0=name:rewardCircuitBreaker, _genkey_1=fallbackUri:forward:/fallback/reward} to CircuitBreaker
2026-03-27T12:00:46.141+05:30 DEBUG 24040 --- [Api-Gateway] [           main] o.s.c.g.r.RouteDefinitionRouteLocator    : RouteDefinition matched: REWARDS-SERVICE
2026-03-27T12:00:46.142+05:30 DEBUG 24040 --- [Api-Gateway] [           main] o.s.c.g.r.RouteDefinitionRouteLocator    : RouteDefinition NOTIFICATION-SERVICE applying {_genkey_0=/api/notifications/**} to Path
2026-03-27T12:00:46.143+05:30 DEBUG 24040 --- [Api-Gateway] [           main] o.s.c.g.r.RouteDefinitionRouteLocator    : RouteDefinition NOTIFICATION-SERVICE applying filter {_genkey_0=name:notificationCircuitBreaker, _genkey_1=fallbackUri:forward:/fallback/general} to CircuitBreaker
2026-03-27T12:00:46.146+05:30 DEBUG 24040 --- [Api-Gateway] [           main] o.s.c.g.r.RouteDefinitionRouteLocator    : RouteDefinition matched: NOTIFICATION-SERVICE
2026-03-27T12:00:46.147+05:30 DEBUG 24040 --- [Api-Gateway] [           main] o.s.c.g.r.RouteDefinitionRouteLocator    : RouteDefinition USER-SERVICE applying {_genkey_0=/users/**} to Path
2026-03-27T12:00:46.149+05:30 DEBUG 24040 --- [Api-Gateway] [           main] o.s.c.g.r.RouteDefinitionRouteLocator    : RouteDefinition matched: USER-SERVICE
2026-03-27T12:00:46.152+05:30 DEBUG 24040 --- [Api-Gateway] [           main] o.s.c.g.filter.GatewayMetricsFilter      : New routes count: 13
2026-03-27T12:00:46.161+05:30  INFO 24040 --- [Api-Gateway] [           main] com.admin.ApiGatewayApplication          : Started ApiGatewayApplication in 15.54 seconds (process running for 16.229)
2026-03-27T12:00:46.161+05:30  INFO 24040 --- [Api-Gateway] [ionShutdownHook] o.s.c.n.e.s.EurekaServiceRegistry        : Unregistering application API-GATEWAY with eureka with status DOWN
2026-03-27T12:00:46.163+05:30  INFO 24040 --- [Api-Gateway] [ionShutdownHook] com.netflix.discovery.DiscoveryClient    : Saw local status change event StatusChangeEvent [timestamp=1774593046163, current=DOWN, previous=UP]
2026-03-27T12:00:46.164+05:30  INFO 24040 --- [Api-Gateway] [foReplicator-%d] com.netflix.discovery.DiscoveryClient    : DiscoveryClient_API-GATEWAY/localhost:Api-Gateway:7505: registering service...
2026-03-27T12:00:46.181+05:30  INFO 24040 --- [Api-Gateway] [           main] com.admin.ApiGatewayApplication          : Api-Gateway started successfully.
2026-03-27T12:00:46.210+05:30  INFO 24040 --- [Api-Gateway] [foReplicator-%d] c.n.d.s.t.d.RedirectingEurekaHttpClient  : Request execution error. endpoint=DefaultEndpoint{ serviceUrl='http://127.0.0.1:8761/eureka/}, exception=I/O error on POST request for "http://127.0.0.1:8761/eureka/apps/API-GATEWAY": Connect to http://127.0.0.1:8761 [/127.0.0.1] failed: Connection refused: getsockopt stacktrace=org.springframework.web.client.ResourceAccessException: I/O error on POST request for "http://127.0.0.1:8761/eureka/apps/API-GATEWAY": Connect to http://127.0.0.1:8761 [/127.0.0.1] failed: Connection refused: getsockopt
	at org.springframework.web.client.RestTemplate.createResourceAccessException(RestTemplate.java:915)
	at org.springframework.web.client.RestTemplate.doExecute(RestTemplate.java:895)
	at org.springframework.web.client.RestTemplate.execute(RestTemplate.java:790)
	at org.springframework.web.client.RestTemplate.exchange(RestTemplate.java:672)
	at org.springframework.cloud.netflix.eureka.http.RestTemplateEurekaHttpClient.register(RestTemplateEurekaHttpClient.java:77)
	at com.netflix.discovery.shared.transport.decorator.EurekaHttpClientDecorator$1.execute(EurekaHttpClientDecorator.java:59)
	at com.netflix.discovery.shared.transport.decorator.RedirectingEurekaHttpClient.executeOnNewServer(RedirectingEurekaHttpClient.java:121)
	at com.netflix.discovery.shared.transport.decorator.RedirectingEurekaHttpClient.execute(RedirectingEurekaHttpClient.java:80)
	at com.netflix.discovery.shared.transport.decorator.EurekaHttpClientDecorator.register(EurekaHttpClientDecorator.java:56)
	at com.netflix.discovery.shared.transport.decorator.EurekaHttpClientDecorator$1.execute(EurekaHttpClientDecorator.java:59)
	at com.netflix.discovery.shared.transport.decorator.RetryableEurekaHttpClient.execute(RetryableEurekaHttpClient.java:120)
	at com.netflix.discovery.shared.transport.decorator.EurekaHttpClientDecorator.register(EurekaHttpClientDecorator.java:56)
	at com.netflix.discovery.shared.transport.decorator.EurekaHttpClientDecorator$1.execute(EurekaHttpClientDecorator.java:59)
	at com.netflix.discovery.shared.transport.decorator.SessionedEurekaHttpClient.execute(SessionedEurekaHttpClient.java:76)
	at com.netflix.discovery.shared.transport.decorator.EurekaHttpClientDecorator.register(EurekaHttpClientDecorator.java:56)
	at com.netflix.discovery.DiscoveryClient.register(DiscoveryClient.java:828)
	at com.netflix.discovery.InstanceInfoReplicator.run(InstanceInfoReplicator.java:125)
	at com.netflix.discovery.InstanceInfoReplicator$2.run(InstanceInfoReplicator.java:105)
	at java.base/java.util.concurrent.Executors$RunnableAdapter.call(Executors.java:572)
	at java.base/java.util.concurrent.FutureTask.run(FutureTask.java:317)
	at java.base/java.util.concurrent.ScheduledThreadPoolExecutor$ScheduledFutureTask.run(ScheduledThreadPoolExecutor.java:304)
	at java.base/java.util.concurrent.ThreadPoolExecutor.runWorker(ThreadPoolExecutor.java:1144)
	at java.base/java.util.concurrent.ThreadPoolExecutor$Worker.run(ThreadPoolExecutor.java:642)
	at java.base/java.lang.Thread.run(Thread.java:1583)
Caused by: org.apache.hc.client5.http.HttpHostConnectException: Connect to http://127.0.0.1:8761 [/127.0.0.1] failed: Connection refused: getsockopt
	at java.base/sun.nio.ch.Net.pollConnect(Native Method)
	at java.base/sun.nio.ch.Net.pollConnectNow(Net.java:682)
	at java.base/sun.nio.ch.NioSocketImpl.timedFinishConnect(NioSocketImpl.java:542)
	at java.base/sun.nio.ch.NioSocketImpl.connect(NioSocketImpl.java:592)
	at java.base/java.net.SocksSocketImpl.connect(SocksSocketImpl.java:327)
	at java.base/java.net.Socket.connect(Socket.java:751)
	at org.apache.hc.client5.http.socket.PlainConnectionSocketFactory.lambda$connectSocket$0(PlainConnectionSocketFactory.java:91)
	at java.base/java.security.AccessController.doPrivileged(AccessController.java:571)
	at org.apache.hc.client5.http.socket.PlainConnectionSocketFactory.connectSocket(PlainConnectionSocketFactory.java:90)
	at org.apache.hc.client5.http.socket.ConnectionSocketFactory.connectSocket(ConnectionSocketFactory.java:123)
	at org.apache.hc.client5.http.impl.io.DefaultHttpClientConnectionOperator.connect(DefaultHttpClientConnectionOperator.java:189)
	at org.apache.hc.client5.http.impl.io.PoolingHttpClientConnectionManager.connect(PoolingHttpClientConnectionManager.java:450)
	at org.apache.hc.client5.http.impl.classic.InternalExecRuntime.connectEndpoint(InternalExecRuntime.java:162)
	at org.apache.hc.client5.http.impl.classic.InternalExecRuntime.connectEndpoint(InternalExecRuntime.java:172)
	at org.apache.hc.client5.http.impl.classic.ConnectExec.execute(ConnectExec.java:142)
	at org.apache.hc.client5.http.impl.classic.ExecChainElement.execute(ExecChainElement.java:51)
	at org.apache.hc.client5.http.impl.classic.ProtocolExec.execute(ProtocolExec.java:192)
	at org.apache.hc.client5.http.impl.classic.ExecChainElement.execute(ExecChainElement.java:51)
	at org.apache.hc.client5.http.impl.classic.HttpRequestRetryExec.execute(HttpRequestRetryExec.java:113)
	at org.apache.hc.client5.http.impl.classic.ExecChainElement.execute(ExecChainElement.java:51)
	at org.apache.hc.client5.http.impl.classic.ContentCompressionExec.execute(ContentCompressionExec.java:152)
	at org.apache.hc.client5.http.impl.classic.ExecChainElement.execute(ExecChainElement.java:51)
	at org.apache.hc.client5.http.impl.classic.RedirectExec.execute(RedirectExec.java:116)
	at org.apache.hc.client5.http.impl.classic.ExecChainElement.execute(ExecChainElement.java:51)
	at org.apache.hc.client5.http.impl.classic.InternalHttpClient.doExecute(InternalHttpClient.java:170)
	at org.apache.hc.client5.http.impl.classic.CloseableHttpClient.execute(CloseableHttpClient.java:87)
	at org.apache.hc.client5.http.impl.classic.CloseableHttpClient.execute(CloseableHttpClient.java:55)
	at org.apache.hc.client5.http.classic.HttpClient.executeOpen(HttpClient.java:183)
	at org.springframework.http.client.HttpComponentsClientHttpRequest.executeInternal(HttpComponentsClientHttpRequest.java:99)
	at org.springframework.http.client.AbstractStreamingClientHttpRequest.executeInternal(AbstractStreamingClientHttpRequest.java:70)
	at org.springframework.http.client.AbstractClientHttpRequest.execute(AbstractClientHttpRequest.java:66)
	at org.springframework.http.client.InterceptingClientHttpRequest$InterceptingRequestExecution.execute(InterceptingClientHttpRequest.java:112)
	at org.springframework.cloud.netflix.eureka.http.RestTemplateTransportClientFactory.lambda$restTemplate$3(RestTemplateTransportClientFactory.java:170)
	at org.springframework.http.client.InterceptingClientHttpRequest$InterceptingRequestExecution.execute(InterceptingClientHttpRequest.java:88)
	at org.springframework.http.client.InterceptingClientHttpRequest.executeInternal(InterceptingClientHttpRequest.java:72)
	at org.springframework.http.client.AbstractBufferingClientHttpRequest.executeInternal(AbstractBufferingClientHttpRequest.java:48)
	at org.springframework.http.client.AbstractClientHttpRequest.execute(AbstractClientHttpRequest.java:66)
	at org.springframework.web.client.RestTemplate.doExecute(RestTemplate.java:889)
	... 22 more

2026-03-27T12:00:46.212+05:30  WARN 24040 --- [Api-Gateway] [foReplicator-%d] c.n.d.s.t.d.RetryableEurekaHttpClient    : Request execution failed with message: I/O error on POST request for "http://127.0.0.1:8761/eureka/apps/API-GATEWAY": Connect to http://127.0.0.1:8761 [/127.0.0.1] failed: Connection refused: getsockopt
2026-03-27T12:00:46.213+05:30  WARN 24040 --- [Api-Gateway] [foReplicator-%d] com.netflix.discovery.DiscoveryClient    : DiscoveryClient_API-GATEWAY/localhost:Api-Gateway:7505 - registration failed Cannot execute request on any known server

com.netflix.discovery.shared.transport.TransportException: Cannot execute request on any known server
	at com.netflix.discovery.shared.transport.decorator.RetryableEurekaHttpClient.execute(RetryableEurekaHttpClient.java:112) ~[eureka-client-2.0.3.jar:2.0.3]
	at com.netflix.discovery.shared.transport.decorator.EurekaHttpClientDecorator.register(EurekaHttpClientDecorator.java:56) ~[eureka-client-2.0.3.jar:2.0.3]
	at com.netflix.discovery.shared.transport.decorator.EurekaHttpClientDecorator$1.execute(EurekaHttpClientDecorator.java:59) ~[eureka-client-2.0.3.jar:2.0.3]
	at com.netflix.discovery.shared.transport.decorator.SessionedEurekaHttpClient.execute(SessionedEurekaHttpClient.java:76) ~[eureka-client-2.0.3.jar:2.0.3]
	at com.netflix.discovery.shared.transport.decorator.EurekaHttpClientDecorator.register(EurekaHttpClientDecorator.java:56) ~[eureka-client-2.0.3.jar:2.0.3]
	at com.netflix.discovery.DiscoveryClient.register(DiscoveryClient.java:828) ~[eureka-client-2.0.3.jar:2.0.3]
	at com.netflix.discovery.InstanceInfoReplicator.run(InstanceInfoReplicator.java:125) ~[eureka-client-2.0.3.jar:2.0.3]
	at com.netflix.discovery.InstanceInfoReplicator$2.run(InstanceInfoReplicator.java:105) ~[eureka-client-2.0.3.jar:2.0.3]
	at java.base/java.util.concurrent.Executors$RunnableAdapter.call(Executors.java:572) ~[na:na]
	at java.base/java.util.concurrent.FutureTask.run(FutureTask.java:317) ~[na:na]
	at java.base/java.util.concurrent.ScheduledThreadPoolExecutor$ScheduledFutureTask.run(ScheduledThreadPoolExecutor.java:304) ~[na:na]
	at java.base/java.util.concurrent.ThreadPoolExecutor.runWorker(ThreadPoolExecutor.java:1144) ~[na:na]
	at java.base/java.util.concurrent.ThreadPoolExecutor$Worker.run(ThreadPoolExecutor.java:642) ~[na:na]
	at java.base/java.lang.Thread.run(Thread.java:1583) ~[na:na]

2026-03-27T12:00:46.214+05:30  WARN 24040 --- [Api-Gateway] [foReplicator-%d] c.n.discovery.InstanceInfoReplicator     : There was a problem with the instance info replicator

com.netflix.discovery.shared.transport.TransportException: Cannot execute request on any known server
	at com.netflix.discovery.shared.transport.decorator.RetryableEurekaHttpClient.execute(RetryableEurekaHttpClient.java:112) ~[eureka-client-2.0.3.jar:2.0.3]
	at com.netflix.discovery.shared.transport.decorator.EurekaHttpClientDecorator.register(EurekaHttpClientDecorator.java:56) ~[eureka-client-2.0.3.jar:2.0.3]
	at com.netflix.discovery.shared.transport.decorator.EurekaHttpClientDecorator$1.execute(EurekaHttpClientDecorator.java:59) ~[eureka-client-2.0.3.jar:2.0.3]
	at com.netflix.discovery.shared.transport.decorator.SessionedEurekaHttpClient.execute(SessionedEurekaHttpClient.java:76) ~[eureka-client-2.0.3.jar:2.0.3]
	at com.netflix.discovery.shared.transport.decorator.EurekaHttpClientDecorator.register(EurekaHttpClientDecorator.java:56) ~[eureka-client-2.0.3.jar:2.0.3]
	at com.netflix.discovery.DiscoveryClient.register(DiscoveryClient.java:828) ~[eureka-client-2.0.3.jar:2.0.3]
	at com.netflix.discovery.InstanceInfoReplicator.run(InstanceInfoReplicator.java:125) ~[eureka-client-2.0.3.jar:2.0.3]
	at com.netflix.discovery.InstanceInfoReplicator$2.run(InstanceInfoReplicator.java:105) ~[eureka-client-2.0.3.jar:2.0.3]
	at java.base/java.util.concurrent.Executors$RunnableAdapter.call(Executors.java:572) ~[na:na]
	at java.base/java.util.concurrent.FutureTask.run(FutureTask.java:317) ~[na:na]
	at java.base/java.util.concurrent.ScheduledThreadPoolExecutor$ScheduledFutureTask.run(ScheduledThreadPoolExecutor.java:304) ~[na:na]
	at java.base/java.util.concurrent.ThreadPoolExecutor.runWorker(ThreadPoolExecutor.java:1144) ~[na:na]
	at java.base/java.util.concurrent.ThreadPoolExecutor$Worker.run(ThreadPoolExecutor.java:642) ~[na:na]
	at java.base/java.lang.Thread.run(Thread.java:1583) ~[na:na]

2026-03-27T12:00:48.288+05:30  INFO 24040 --- [Api-Gateway] [ionShutdownHook] com.netflix.discovery.DiscoveryClient    : Shutting down DiscoveryClient ...
[INFO] ------------------------------------------------------------------------
[INFO] BUILD FAILURE
[INFO] ------------------------------------------------------------------------
[INFO] Total time:  27.548 s
[INFO] Finished at: 2026-03-27T12:00:48+05:30
[INFO] ------------------------------------------------------------------------
[ERROR] Failed to execute goal org.springframework.boot:spring-boot-maven-plugin:3.3.5:run (default-cli) on project Api-Gateway: Process terminated with exit code: 1 -> [Help 1]
[ERROR] 
[ERROR] To see the full stack trace of the errors, re-run Maven with the -e switch.
[ERROR] Re-run Maven using the -X switch to enable full debug logging.
[ERROR] 
[ERROR] For more information about the errors and possible solutions, please read the following articles:
[ERROR] [Help 1] http://cwiki.apache.org/confluence/display/MAVEN/MojoExecutionException
Terminate batch job (Y/N)? 