[INFO] Scanning for projects...
[INFO] 
[INFO] -------------------< com.payment-app:Config-Servier >-------------------
[INFO] Building Config-Servier 0.0.1-SNAPSHOT
[INFO]   from pom.xml
[INFO] --------------------------------[ jar ]---------------------------------
[INFO] 
[INFO] >>> spring-boot:3.3.5:run (default-cli) > test-compile @ Config-Servier >>>
[INFO] 
[INFO] --- resources:3.3.1:resources (default-resources) @ Config-Servier ---
[INFO] Copying 1 resource from src\main\resources to target\classes
[INFO] Copying 0 resource from src\main\resources to target\classes
[INFO] 
[INFO] --- compiler:3.13.0:compile (default-compile) @ Config-Servier ---
[INFO] Nothing to compile - all classes are up to date.
[INFO] 
[INFO] --- resources:3.3.1:testResources (default-testResources) @ Config-Servier ---
[INFO] skip non existing resourceDirectory C:\Users\Asus\Desktop\Payment-wallet\Config-Servier\src\test\resources
[INFO] 
[INFO] --- compiler:3.13.0:testCompile (default-testCompile) @ Config-Servier ---
[INFO] Recompiling the module because of changed source code.
[INFO] Compiling 1 source file with javac [debug parameters release 17] to target\test-classes
[INFO] 
[INFO] <<< spring-boot:3.3.5:run (default-cli) < test-compile @ Config-Servier <<<
[INFO] 
[INFO] 
[INFO] --- spring-boot:3.3.5:run (default-cli) @ Config-Servier ---
[INFO] Attaching agents: []

  .   ____          _            __ _ _
 /\\ / ___'_ __ _ _(_)_ __  __ _ \ \ \ \
( ( )\___ | '_ | '_| | '_ \/ _` | \ \ \ \
 \\/  ___)| |_)| | | | | || (_| |  ) ) ) )
  '  |____| .__|_| |_|_| |_\__, | / / / /
 =========|_|==============|___/=/_/_/_/

 :: Spring Boot ::                (v3.3.5)

2026-03-27T09:45:57.107+05:30  INFO 23728 --- [Config-Servier] [           main] com.admin.ConfigServierApplication       : Starting ConfigServierApplication using Java 21.0.6 with PID 23728 (C:\Users\Asus\Desktop\Payment-wallet\Config-Servier\target\classes started by Asus in C:\Users\Asus\Desktop\Payment-wallet\Config-Servier)
2026-03-27T09:45:57.111+05:30  INFO 23728 --- [Config-Servier] [           main] com.admin.ConfigServierApplication       : No active profile set, falling back to 1 default profile: "default"
2026-03-27T09:45:58.186+05:30  INFO 23728 --- [Config-Servier] [           main] o.s.cloud.context.scope.GenericScope     : BeanFactory id=06987e95-7906-3fb6-866c-edfcd8bfc534
2026-03-27T09:45:58.256+05:30  WARN 23728 --- [Config-Servier] [           main] trationDelegate$BeanPostProcessorChecker : Bean 'org.springframework.cloud.client.loadbalancer.LoadBalancerAutoConfiguration$DeferringLoadBalancerInterceptorConfig' of type [org.springframework.cloud.client.loadbalancer.LoadBalancerAutoConfiguration$DeferringLoadBalancerInterceptorConfig] is not eligible for getting processed by all BeanPostProcessors (for example: not eligible for auto-proxying). The currently created BeanPostProcessor [lbRestClientPostProcessor] is declared through a non-static factory method on that class; consider declaring it as static instead.
2026-03-27T09:45:58.258+05:30  WARN 23728 --- [Config-Servier] [           main] trationDelegate$BeanPostProcessorChecker : Bean 'deferringLoadBalancerInterceptor' of type [org.springframework.cloud.client.loadbalancer.DeferringLoadBalancerInterceptor] is not eligible for getting processed by all BeanPostProcessors (for example: not eligible for auto-proxying). Is this bean getting eagerly injected/applied to a currently created BeanPostProcessor [lbRestClientPostProcessor]? Check the corresponding BeanPostProcessor declaration and its dependencies/advisors. If this bean does not have to be post-processed, declare it with ROLE_INFRASTRUCTURE.
2026-03-27T09:45:58.450+05:30  INFO 23728 --- [Config-Servier] [           main] o.s.b.w.embedded.tomcat.TomcatWebServer  : Tomcat initialized with port 7512 (http)
2026-03-27T09:45:58.464+05:30  INFO 23728 --- [Config-Servier] [           main] o.apache.catalina.core.StandardService   : Starting service [Tomcat]
2026-03-27T09:45:58.466+05:30  INFO 23728 --- [Config-Servier] [           main] o.apache.catalina.core.StandardEngine    : Starting Servlet engine: [Apache Tomcat/10.1.31]
2026-03-27T09:45:58.547+05:30  INFO 23728 --- [Config-Servier] [           main] o.a.c.c.C.[Tomcat].[localhost].[/]       : Initializing Spring embedded WebApplicationContext
2026-03-27T09:45:58.548+05:30  INFO 23728 --- [Config-Servier] [           main] w.s.c.ServletWebServerApplicationContext : Root WebApplicationContext: initialization completed in 1391 ms
2026-03-27T09:46:00.138+05:30  INFO 23728 --- [Config-Servier] [           main] o.s.cloud.commons.util.InetUtils         : Cannot determine local hostname
2026-03-27T09:46:04.233+05:30  INFO 23728 --- [Config-Servier] [           main] o.s.cloud.commons.util.InetUtils         : Cannot determine local hostname
2026-03-27T09:46:04.262+05:30  INFO 23728 --- [Config-Servier] [           main] DiscoveryClientOptionalArgsConfiguration : Eureka HTTP Client uses RestTemplate.
2026-03-27T09:46:04.360+05:30  WARN 23728 --- [Config-Servier] [           main] iguration$LoadBalancerCaffeineWarnLogger : Spring Cloud LoadBalancer is currently working with the default cache. While this cache implementation is useful for development and tests, it's recommended to use Caffeine cache in production.You can switch to using Caffeine cache, by adding it and org.springframework.cache.caffeine.CaffeineCacheManager to the classpath.
2026-03-27T09:46:04.367+05:30  INFO 23728 --- [Config-Servier] [           main] o.s.b.a.e.web.EndpointLinksResolver      : Exposing 3 endpoints beneath base path '/actuator'
2026-03-27T09:46:04.412+05:30  INFO 23728 --- [Config-Servier] [           main] o.s.c.n.eureka.InstanceInfoFactory       : Setting initial instance status as: STARTING
2026-03-27T09:46:04.432+05:30  INFO 23728 --- [Config-Servier] [           main] com.netflix.discovery.DiscoveryClient    : Initializing Eureka in region us-east-1
2026-03-27T09:46:04.437+05:30  INFO 23728 --- [Config-Servier] [           main] c.n.d.s.r.aws.ConfigClusterResolver      : Resolving eureka endpoints via configuration
2026-03-27T09:46:04.445+05:30  INFO 23728 --- [Config-Servier] [           main] com.netflix.discovery.DiscoveryClient    : Disable delta property : false
2026-03-27T09:46:04.446+05:30  INFO 23728 --- [Config-Servier] [           main] com.netflix.discovery.DiscoveryClient    : Single vip registry refresh property : null
2026-03-27T09:46:04.446+05:30  INFO 23728 --- [Config-Servier] [           main] com.netflix.discovery.DiscoveryClient    : Force full registry fetch : false
2026-03-27T09:46:04.447+05:30  INFO 23728 --- [Config-Servier] [           main] com.netflix.discovery.DiscoveryClient    : Application is null : false
2026-03-27T09:46:04.447+05:30  INFO 23728 --- [Config-Servier] [           main] com.netflix.discovery.DiscoveryClient    : Registered Applications size is zero : true
2026-03-27T09:46:04.447+05:30  INFO 23728 --- [Config-Servier] [           main] com.netflix.discovery.DiscoveryClient    : Application version is -1: true
2026-03-27T09:46:04.448+05:30  INFO 23728 --- [Config-Servier] [           main] com.netflix.discovery.DiscoveryClient    : Getting all instance registry info from the eureka server
2026-03-27T09:46:04.875+05:30  INFO 23728 --- [Config-Servier] [           main] com.netflix.discovery.DiscoveryClient    : The response status is 200
2026-03-27T09:46:04.876+05:30  INFO 23728 --- [Config-Servier] [           main] com.netflix.discovery.DiscoveryClient    : Starting heartbeat executor: renew interval is: 30
2026-03-27T09:46:04.878+05:30  INFO 23728 --- [Config-Servier] [           main] c.n.discovery.InstanceInfoReplicator     : InstanceInfoReplicator onDemand update allowed rate per min is 4
2026-03-27T09:46:04.880+05:30  INFO 23728 --- [Config-Servier] [           main] com.netflix.discovery.DiscoveryClient    : Discovery Client initialized at timestamp 1774584964879 with initial instances count: 0
2026-03-27T09:46:04.882+05:30  INFO 23728 --- [Config-Servier] [           main] o.s.c.n.e.s.EurekaServiceRegistry        : Registering application CONFIG-SERVIER with eureka with status UP
2026-03-27T09:46:04.883+05:30  INFO 23728 --- [Config-Servier] [           main] com.netflix.discovery.DiscoveryClient    : Saw local status change event StatusChangeEvent [timestamp=1774584964882, current=UP, previous=STARTING]
2026-03-27T09:46:04.884+05:30  INFO 23728 --- [Config-Servier] [foReplicator-%d] com.netflix.discovery.DiscoveryClient    : DiscoveryClient_CONFIG-SERVIER/localhost:Config-Servier:7512: registering service...
2026-03-27T09:46:04.900+05:30  INFO 23728 --- [Config-Servier] [           main] o.s.b.w.embedded.tomcat.TomcatWebServer  : Tomcat started on port 7512 (http) with context path '/'
2026-03-27T09:46:04.901+05:30  INFO 23728 --- [Config-Servier] [           main] .s.c.n.e.s.EurekaAutoServiceRegistration : Updating port to 7512
2026-03-27T09:46:04.997+05:30  INFO 23728 --- [Config-Servier] [foReplicator-%d] com.netflix.discovery.DiscoveryClient    : DiscoveryClient_CONFIG-SERVIER/localhost:Config-Servier:7512 - registration status: 204
2026-03-27T09:46:05.910+05:30  INFO 23728 --- [Config-Servier] [           main] o.s.cloud.commons.util.InetUtils         : Cannot determine local hostname
2026-03-27T09:46:05.936+05:30  INFO 23728 --- [Config-Servier] [           main] com.admin.ConfigServierApplication       : Started ConfigServierApplication in 10.279 seconds (process running for 10.616)
2026-03-27T09:46:34.882+05:30  INFO 23728 --- [Config-Servier] [reshExecutor-%d] com.netflix.discovery.DiscoveryClient    : Disable delta property : false
2026-03-27T09:46:36.161+05:30  INFO 23728 --- [Config-Servier] [reshExecutor-%d] com.netflix.discovery.DiscoveryClient    : Single vip registry refresh property : null
2026-03-27T09:46:37.909+05:30  INFO 23728 --- [Config-Servier] [reshExecutor-%d] com.netflix.discovery.DiscoveryClient    : Force full registry fetch : false
2026-03-27T09:46:38.309+05:30  INFO 23728 --- [Config-Servier] [reshExecutor-%d] com.netflix.discovery.DiscoveryClient    : Application is null : false
2026-03-27T09:46:38.312+05:30  INFO 23728 --- [Config-Servier] [reshExecutor-%d] com.netflix.discovery.DiscoveryClient    : Registered Applications size is zero : true
2026-03-27T09:46:38.313+05:30  INFO 23728 --- [Config-Servier] [reshExecutor-%d] com.netflix.discovery.DiscoveryClient    : Application version is -1: false
2026-03-27T09:46:38.345+05:30  INFO 23728 --- [Config-Servier] [reshExecutor-%d] com.netflix.discovery.DiscoveryClient    : Getting all instance registry info from the eureka server
2026-03-27T09:46:38.471+05:30  INFO 23728 --- [Config-Servier] [reshExecutor-%d] com.netflix.discovery.DiscoveryClient    : The response status is 200
2026-03-27T09:51:04.461+05:30  INFO 23728 --- [Config-Servier] [rap-executor-%d] c.n.d.s.r.aws.ConfigClusterResolver      : Resolving eureka endpoints via configuration
2026-03-27T09:56:04.482+05:30  INFO 23728 --- [Config-Servier] [rap-executor-%d] c.n.d.s.r.aws.ConfigClusterResolver      : Resolving eureka endpoints via configuration
2026-03-27T10:01:04.491+05:30  INFO 23728 --- [Config-Servier] [rap-executor-%d] c.n.d.s.r.aws.ConfigClusterResolver      : Resolving eureka endpoints via configuration
2026-03-27T10:06:04.503+05:30  INFO 23728 --- [Config-Servier] [rap-executor-%d] c.n.d.s.r.aws.ConfigClusterResolver      : Resolving eureka endpoints via configuration
2026-03-27T10:11:04.520+05:30  INFO 23728 --- [Config-Servier] [rap-executor-%d] c.n.d.s.r.aws.ConfigClusterResolver      : Resolving eureka endpoints via configuration
2026-03-27T10:16:04.537+05:30  INFO 23728 --- [Config-Servier] [rap-executor-%d] c.n.d.s.r.aws.ConfigClusterResolver      : Resolving eureka endpoints via configuration
[INFO] ------------------------------------------------------------------------
[INFO] BUILD FAILURE
[INFO] ------------------------------------------------------------------------
[INFO] Total time:  32:18 min
[INFO] Finished at: 2026-03-27T10:18:10+05:30
[INFO] ------------------------------------------------------------------------
[ERROR] Failed to execute goal org.springframework.boot:spring-boot-maven-plugin:3.3.5:run (default-cli) on project Config-Servier: Process terminated with exit code: -1 -> [Help 1]
[ERROR] 
[ERROR] To see the full stack trace of the errors, re-run Maven with the -e switch.
[ERROR] Re-run Maven using the -X switch to enable full debug logging.
[ERROR] 
[ERROR] For more information about the errors and possible solutions, please read the following articles:
[ERROR] [Help 1] http://cwiki.apache.org/confluence/display/MAVEN/MojoExecutionException
