[INFO] Scanning for projects...
[INFO] 
[INFO] -------------------< com.payment-app:Config-Servier >-------------------
[INFO] Building Config-Servier 0.0.1-SNAPSHOT
[INFO]   from pom.xml
[INFO] --------------------------------[ jar ]---------------------------------
[INFO] 
[INFO] >>> spring-boot:3.3.5:run (default-cli) > test-compile @ Config-Servier >>>
[INFO] 
[INFO] --- resources:3.3.1:resources (default-resources) @ Config-Servier ---
[INFO] Copying 1 resource from src\main\resources to target\classes
[INFO] Copying 0 resource from src\main\resources to target\classes
[INFO] 
[INFO] --- compiler:3.13.0:compile (default-compile) @ Config-Servier ---
[INFO] Nothing to compile - all classes are up to date.
[INFO] 
[INFO] --- resources:3.3.1:testResources (default-testResources) @ Config-Servier ---
[INFO] skip non existing resourceDirectory C:\Users\Asus\Desktop\Payment-wallet\Config-Servier\src\test\resources
[INFO] 
[INFO] --- compiler:3.13.0:testCompile (default-testCompile) @ Config-Servier ---
[INFO] Nothing to compile - all classes are up to date.
[INFO] 
[INFO] <<< spring-boot:3.3.5:run (default-cli) < test-compile @ Config-Servier <<<
[INFO] 
[INFO] 
[INFO] --- spring-boot:3.3.5:run (default-cli) @ Config-Servier ---
[INFO] Attaching agents: []

  .   ____          _            __ _ _
 /\\ / ___'_ __ _ _(_)_ __  __ _ \ \ \ \
( ( )\___ | '_ | '_| | '_ \/ _` | \ \ \ \
 \\/  ___)| |_)| | | | | || (_| |  ) ) ) )
  '  |____| .__|_| |_|_| |_\__, | / / / /
 =========|_|==============|___/=/_/_/_/

 :: Spring Boot ::                (v3.3.5)

2026-03-27T10:52:12.300+05:30  INFO 54116 --- [Config-Servier] [           main] com.admin.ConfigServierApplication       : Starting ConfigServierApplication using Java 21.0.6 with PID 54116 (C:\Users\Asus\Desktop\Payment-wallet\Config-Servier\target\classes started by Asus in C:\Users\Asus\Desktop\Payment-wallet\Config-Servier)
2026-03-27T10:52:12.304+05:30  INFO 54116 --- [Config-Servier] [           main] com.admin.ConfigServierApplication       : No active profile set, falling back to 1 default profile: "default"
2026-03-27T10:52:13.370+05:30  INFO 54116 --- [Config-Servier] [           main] o.s.cloud.context.scope.GenericScope     : BeanFactory id=9fd71bb8-6670-32a5-9459-bc77f9918662
2026-03-27T10:52:13.437+05:30  WARN 54116 --- [Config-Servier] [           main] trationDelegate$BeanPostProcessorChecker : Bean 'org.springframework.cloud.client.loadbalancer.LoadBalancerAutoConfiguration$DeferringLoadBalancerInterceptorConfig' of type [org.springframework.cloud.client.loadbalancer.LoadBalancerAutoConfiguration$DeferringLoadBalancerInterceptorConfig] is not eligible for getting processed by all BeanPostProcessors (for example: not eligible for auto-proxying). The currently created BeanPostProcessor [lbRestClientPostProcessor] is declared through a non-static factory method on that class; consider declaring it as static instead.
2026-03-27T10:52:13.439+05:30  WARN 54116 --- [Config-Servier] [           main] trationDelegate$BeanPostProcessorChecker : Bean 'deferringLoadBalancerInterceptor' of type [org.springframework.cloud.client.loadbalancer.DeferringLoadBalancerInterceptor] is not eligible for getting processed by all BeanPostProcessors (for example: not eligible for auto-proxying). Is this bean getting eagerly injected/applied to a currently created BeanPostProcessor [lbRestClientPostProcessor]? Check the corresponding BeanPostProcessor declaration and its dependencies/advisors. If this bean does not have to be post-processed, declare it with ROLE_INFRASTRUCTURE.
2026-03-27T10:52:13.623+05:30  INFO 54116 --- [Config-Servier] [           main] o.s.b.w.embedded.tomcat.TomcatWebServer  : Tomcat initialized with port 7512 (http)
2026-03-27T10:52:13.639+05:30  INFO 54116 --- [Config-Servier] [           main] o.apache.catalina.core.StandardService   : Starting service [Tomcat]
2026-03-27T10:52:13.640+05:30  INFO 54116 --- [Config-Servier] [           main] o.apache.catalina.core.StandardEngine    : Starting Servlet engine: [Apache Tomcat/10.1.31]
2026-03-27T10:52:13.704+05:30  INFO 54116 --- [Config-Servier] [           main] o.a.c.c.C.[Tomcat].[localhost].[/]       : Initializing Spring embedded WebApplicationContext
2026-03-27T10:52:13.706+05:30  INFO 54116 --- [Config-Servier] [           main] w.s.c.ServletWebServerApplicationContext : Root WebApplicationContext: initialization completed in 1355 ms
2026-03-27T10:52:15.269+05:30  INFO 54116 --- [Config-Servier] [           main] o.s.cloud.commons.util.InetUtils         : Cannot determine local hostname
2026-03-27T10:52:19.001+05:30  INFO 54116 --- [Config-Servier] [           main] o.s.cloud.commons.util.InetUtils         : Cannot determine local hostname
2026-03-27T10:52:19.023+05:30  INFO 54116 --- [Config-Servier] [           main] DiscoveryClientOptionalArgsConfiguration : Eureka HTTP Client uses RestTemplate.
2026-03-27T10:52:19.104+05:30  WARN 54116 --- [Config-Servier] [           main] iguration$LoadBalancerCaffeineWarnLogger : Spring Cloud LoadBalancer is currently working with the default cache. While this cache implementation is useful for development and tests, it's recommended to use Caffeine cache in production.You can switch to using Caffeine cache, by adding it and org.springframework.cache.caffeine.CaffeineCacheManager to the classpath.
2026-03-27T10:52:19.113+05:30  INFO 54116 --- [Config-Servier] [           main] o.s.b.a.e.web.EndpointLinksResolver      : Exposing 3 endpoints beneath base path '/actuator'
2026-03-27T10:52:19.163+05:30  INFO 54116 --- [Config-Servier] [           main] o.s.c.n.eureka.InstanceInfoFactory       : Setting initial instance status as: STARTING
2026-03-27T10:52:19.188+05:30  INFO 54116 --- [Config-Servier] [           main] com.netflix.discovery.DiscoveryClient    : Initializing Eureka in region us-east-1
2026-03-27T10:52:19.194+05:30  INFO 54116 --- [Config-Servier] [           main] c.n.d.s.r.aws.ConfigClusterResolver      : Resolving eureka endpoints via configuration
2026-03-27T10:52:19.203+05:30  INFO 54116 --- [Config-Servier] [           main] com.netflix.discovery.DiscoveryClient    : Disable delta property : false
2026-03-27T10:52:19.204+05:30  INFO 54116 --- [Config-Servier] [           main] com.netflix.discovery.DiscoveryClient    : Single vip registry refresh property : null
2026-03-27T10:52:19.205+05:30  INFO 54116 --- [Config-Servier] [           main] com.netflix.discovery.DiscoveryClient    : Force full registry fetch : false
2026-03-27T10:52:19.205+05:30  INFO 54116 --- [Config-Servier] [           main] com.netflix.discovery.DiscoveryClient    : Application is null : false
2026-03-27T10:52:19.206+05:30  INFO 54116 --- [Config-Servier] [           main] com.netflix.discovery.DiscoveryClient    : Registered Applications size is zero : true
2026-03-27T10:52:19.206+05:30  INFO 54116 --- [Config-Servier] [           main] com.netflix.discovery.DiscoveryClient    : Application version is -1: true
2026-03-27T10:52:19.206+05:30  INFO 54116 --- [Config-Servier] [           main] com.netflix.discovery.DiscoveryClient    : Getting all instance registry info from the eureka server
2026-03-27T10:52:19.631+05:30  INFO 54116 --- [Config-Servier] [           main] com.netflix.discovery.DiscoveryClient    : The response status is 200
2026-03-27T10:52:19.632+05:30  INFO 54116 --- [Config-Servier] [           main] com.netflix.discovery.DiscoveryClient    : Starting heartbeat executor: renew interval is: 30
2026-03-27T10:52:19.635+05:30  INFO 54116 --- [Config-Servier] [           main] c.n.discovery.InstanceInfoReplicator     : InstanceInfoReplicator onDemand update allowed rate per min is 4
2026-03-27T10:52:19.639+05:30  INFO 54116 --- [Config-Servier] [           main] com.netflix.discovery.DiscoveryClient    : Discovery Client initialized at timestamp 1774588939637 with initial instances count: 0
2026-03-27T10:52:19.643+05:30  INFO 54116 --- [Config-Servier] [           main] o.s.c.n.e.s.EurekaServiceRegistry        : Registering application CONFIG-SERVIER with eureka with status UP
2026-03-27T10:52:19.644+05:30  INFO 54116 --- [Config-Servier] [           main] com.netflix.discovery.DiscoveryClient    : Saw local status change event StatusChangeEvent [timestamp=1774588939644, current=UP, previous=STARTING]
2026-03-27T10:52:19.647+05:30  INFO 54116 --- [Config-Servier] [foReplicator-%d] com.netflix.discovery.DiscoveryClient    : DiscoveryClient_CONFIG-SERVIER/localhost:Config-Servier:7512: registering service...
2026-03-27T10:52:19.669+05:30  INFO 54116 --- [Config-Servier] [           main] o.s.b.w.embedded.tomcat.TomcatWebServer  : Tomcat started on port 7512 (http) with context path '/'
2026-03-27T10:52:19.670+05:30  INFO 54116 --- [Config-Servier] [           main] .s.c.n.e.s.EurekaAutoServiceRegistration : Updating port to 7512
2026-03-27T10:52:19.788+05:30  INFO 54116 --- [Config-Servier] [foReplicator-%d] com.netflix.discovery.DiscoveryClient    : DiscoveryClient_CONFIG-SERVIER/localhost:Config-Servier:7512 - registration status: 204
2026-03-27T10:52:20.677+05:30  INFO 54116 --- [Config-Servier] [           main] o.s.cloud.commons.util.InetUtils         : Cannot determine local hostname
2026-03-27T10:52:20.690+05:30  INFO 54116 --- [Config-Servier] [           main] com.admin.ConfigServierApplication       : Started ConfigServierApplication in 9.85 seconds (process running for 10.171)
2026-03-27T10:52:49.636+05:30  INFO 54116 --- [Config-Servier] [reshExecutor-%d] com.netflix.discovery.DiscoveryClient    : Disable delta property : false
2026-03-27T10:52:49.648+05:30  INFO 54116 --- [Config-Servier] [reshExecutor-%d] com.netflix.discovery.DiscoveryClient    : Single vip registry refresh property : null
2026-03-27T10:52:49.649+05:30  INFO 54116 --- [Config-Servier] [reshExecutor-%d] com.netflix.discovery.DiscoveryClient    : Force full registry fetch : false
2026-03-27T10:52:49.650+05:30  INFO 54116 --- [Config-Servier] [reshExecutor-%d] com.netflix.discovery.DiscoveryClient    : Application is null : false
2026-03-27T10:52:49.651+05:30  INFO 54116 --- [Config-Servier] [reshExecutor-%d] com.netflix.discovery.DiscoveryClient    : Registered Applications size is zero : true
2026-03-27T10:52:49.652+05:30  INFO 54116 --- [Config-Servier] [reshExecutor-%d] com.netflix.discovery.DiscoveryClient    : Application version is -1: false
2026-03-27T10:52:49.653+05:30  INFO 54116 --- [Config-Servier] [reshExecutor-%d] com.netflix.discovery.DiscoveryClient    : Getting all instance registry info from the eureka server
2026-03-27T10:52:49.697+05:30  INFO 54116 --- [Config-Servier] [reshExecutor-%d] com.netflix.discovery.DiscoveryClient    : The response status is 200
2026-03-27T10:57:19.214+05:30  INFO 54116 --- [Config-Servier] [rap-executor-%d] c.n.d.s.r.aws.ConfigClusterResolver      : Resolving eureka endpoints via configuration
2026-03-27T11:02:19.234+05:30  INFO 54116 --- [Config-Servier] [rap-executor-%d] c.n.d.s.r.aws.ConfigClusterResolver      : Resolving eureka endpoints via configuration
2026-03-27T11:07:19.434+05:30  INFO 54116 --- [Config-Servier] [rap-executor-%d] c.n.d.s.r.aws.ConfigClusterResolver      : Resolving eureka endpoints via configuration
2026-03-27T11:12:19.443+05:30  INFO 54116 --- [Config-Servier] [rap-executor-%d] c.n.d.s.r.aws.ConfigClusterResolver      : Resolving eureka endpoints via configuration
2026-03-27T11:17:19.455+05:30  INFO 54116 --- [Config-Servier] [rap-executor-%d] c.n.d.s.r.aws.ConfigClusterResolver      : Resolving eureka endpoints via configuration
