[INFO] Scanning for projects...
[WARNING] 
[WARNING] Some problems were encountered while building the effective model for com.payment:Transaction-Service:jar:0.0.1-SNAPSHOT
[WARNING] 'dependencies.dependency.(groupId:artifactId:type:classifier)' must be unique: org.springframework.boot:spring-boot-starter-actuator:jar -> duplicate declaration of version (?) @ line 110, column 15
[WARNING] 
[WARNING] It is highly recommended to fix these problems because they threaten the stability of your build.
[WARNING] 
[WARNING] For this reason, future Maven versions might no longer support building such malformed projects.
[WARNING] 
[INFO] 
[INFO] ------------------< com.payment:Transaction-Service >-------------------
[INFO] Building Transaction-Service 0.0.1-SNAPSHOT
[INFO]   from pom.xml
[INFO] --------------------------------[ jar ]---------------------------------
[INFO] 
[INFO] >>> spring-boot:3.3.5:run (default-cli) > test-compile @ Transaction-Service >>>
[INFO] 
[INFO] --- resources:3.3.1:resources (default-resources) @ Transaction-Service ---
[INFO] Copying 1 resource from src\main\resources to target\classes
[INFO] Copying 0 resource from src\main\resources to target\classes
[INFO] 
[INFO] --- compiler:3.13.0:compile (default-compile) @ Transaction-Service ---
[INFO] Nothing to compile - all classes are up to date.
[INFO] 
[INFO] --- resources:3.3.1:testResources (default-testResources) @ Transaction-Service ---
[INFO] skip non existing resourceDirectory C:\Users\Asus\Desktop\Payment-wallet\Transaction-Service\src\test\resources
[INFO] 
[INFO] --- compiler:3.13.0:testCompile (default-testCompile) @ Transaction-Service ---
[INFO] Nothing to compile - all classes are up to date.
[INFO] 
[INFO] <<< spring-boot:3.3.5:run (default-cli) < test-compile @ Transaction-Service <<<
[INFO] 
[INFO] 
[INFO] --- spring-boot:3.3.5:run (default-cli) @ Transaction-Service ---
[INFO] Attaching agents: []

  .   ____          _            __ _ _
 /\\ / ___'_ __ _ _(_)_ __  __ _ \ \ \ \
( ( )\___ | '_ | '_| | '_ \/ _` | \ \ \ \
 \\/  ___)| |_)| | | | | || (_| |  ) ) ) )
  '  |____| .__|_| |_|_| |_\__, | / / / /
 =========|_|==============|___/=/_/_/_/

 :: Spring Boot ::                (v3.3.5)

2026-03-27T09:46:48.390+05:30  INFO 7424 --- [Transaction-Service] [  restartedMain] c.t.TransactionServiceApplication        : Starting TransactionServiceApplication using Java 21.0.6 with PID 7424 (C:\Users\Asus\Desktop\Payment-wallet\Transaction-Service\target\classes started by Asus in C:\Users\Asus\Desktop\Payment-wallet\Transaction-Service)
2026-03-27T09:46:48.509+05:30 DEBUG 7424 --- [Transaction-Service] [  restartedMain] c.t.TransactionServiceApplication        : Running with Spring Boot v3.3.5, Spring v6.1.14
2026-03-27T09:46:48.510+05:30  INFO 7424 --- [Transaction-Service] [  restartedMain] c.t.TransactionServiceApplication        : No active profile set, falling back to 1 default profile: "default"
2026-03-27T09:46:48.638+05:30  INFO 7424 --- [Transaction-Service] [  restartedMain] .e.DevToolsPropertyDefaultsPostProcessor : Devtools property defaults active! Set 'spring.devtools.add-properties' to 'false' to disable
2026-03-27T09:46:48.649+05:30  INFO 7424 --- [Transaction-Service] [  restartedMain] .e.DevToolsPropertyDefaultsPostProcessor : For additional web related logging consider setting the 'logging.level.web' property to 'DEBUG'
2026-03-27T09:46:49.988+05:30  INFO 7424 --- [Transaction-Service] [  restartedMain] .s.d.r.c.RepositoryConfigurationDelegate : Bootstrapping Spring Data JPA repositories in DEFAULT mode.
2026-03-27T09:46:50.178+05:30  INFO 7424 --- [Transaction-Service] [  restartedMain] .s.d.r.c.RepositoryConfigurationDelegate : Finished Spring Data repository scanning in 150 ms. Found 2 JPA repository interfaces.
2026-03-27T09:46:50.640+05:30  INFO 7424 --- [Transaction-Service] [  restartedMain] o.s.cloud.context.scope.GenericScope     : BeanFactory id=ec47b5cd-c280-3e7c-bd11-f310ae4dc668
2026-03-27T09:46:51.017+05:30  WARN 7424 --- [Transaction-Service] [  restartedMain] trationDelegate$BeanPostProcessorChecker : Bean 'org.springframework.cloud.client.loadbalancer.LoadBalancerAutoConfiguration$DeferringLoadBalancerInterceptorConfig' of type [org.springframework.cloud.client.loadbalancer.LoadBalancerAutoConfiguration$DeferringLoadBalancerInterceptorConfig] is not eligible for getting processed by all BeanPostProcessors (for example: not eligible for auto-proxying). The currently created BeanPostProcessor [lbRestClientPostProcessor] is declared through a non-static factory method on that class; consider declaring it as static instead.
2026-03-27T09:46:51.127+05:30  WARN 7424 --- [Transaction-Service] [  restartedMain] trationDelegate$BeanPostProcessorChecker : Bean 'deferringLoadBalancerInterceptor' of type [org.springframework.cloud.client.loadbalancer.DeferringLoadBalancerInterceptor] is not eligible for getting processed by all BeanPostProcessors (for example: not eligible for auto-proxying). Is this bean getting eagerly injected/applied to a currently created BeanPostProcessor [lbRestClientPostProcessor]? Check the corresponding BeanPostProcessor declaration and its dependencies/advisors. If this bean does not have to be post-processed, declare it with ROLE_INFRASTRUCTURE.
2026-03-27T09:46:51.794+05:30  INFO 7424 --- [Transaction-Service] [  restartedMain] o.s.b.w.embedded.tomcat.TomcatWebServer  : Tomcat initialized with port 7506 (http)
2026-03-27T09:46:51.825+05:30  INFO 7424 --- [Transaction-Service] [  restartedMain] o.apache.catalina.core.StandardService   : Starting service [Tomcat]
2026-03-27T09:46:51.865+05:30  INFO 7424 --- [Transaction-Service] [  restartedMain] o.apache.catalina.core.StandardEngine    : Starting Servlet engine: [Apache Tomcat/10.1.31]
2026-03-27T09:46:51.990+05:30  INFO 7424 --- [Transaction-Service] [  restartedMain] o.a.c.c.C.[Tomcat].[localhost].[/]       : Initializing Spring embedded WebApplicationContext
2026-03-27T09:46:51.991+05:30  INFO 7424 --- [Transaction-Service] [  restartedMain] w.s.c.ServletWebServerApplicationContext : Root WebApplicationContext: initialization completed in 3279 ms
2026-03-27T09:46:52.427+05:30  INFO 7424 --- [Transaction-Service] [  restartedMain] com.zaxxer.hikari.HikariDataSource       : HikariPool-1 - Starting...
2026-03-27T09:46:52.920+05:30  INFO 7424 --- [Transaction-Service] [  restartedMain] com.zaxxer.hikari.pool.HikariPool        : HikariPool-1 - Added connection org.postgresql.jdbc.PgConnection@3b9c97c4
2026-03-27T09:46:52.980+05:30  INFO 7424 --- [Transaction-Service] [  restartedMain] com.zaxxer.hikari.HikariDataSource       : HikariPool-1 - Start completed.
2026-03-27T09:46:53.025+05:30  INFO 7424 --- [Transaction-Service] [  restartedMain] o.hibernate.jpa.internal.util.LogHelper  : HHH000204: Processing PersistenceUnitInfo [name: default]
2026-03-27T09:46:53.100+05:30  INFO 7424 --- [Transaction-Service] [  restartedMain] org.hibernate.Version                    : HHH000412: Hibernate ORM core version 6.5.3.Final
2026-03-27T09:46:53.167+05:30  INFO 7424 --- [Transaction-Service] [  restartedMain] o.h.c.internal.RegionFactoryInitiator    : HHH000026: Second-level cache disabled
2026-03-27T09:46:53.855+05:30  INFO 7424 --- [Transaction-Service] [  restartedMain] o.s.o.j.p.SpringPersistenceUnitInfo      : No LoadTimeWeaver setup: ignoring JPA class transformer
2026-03-27T09:46:54.963+05:30  INFO 7424 --- [Transaction-Service] [  restartedMain] o.h.e.t.j.p.i.JtaPlatformInitiator       : HHH000489: No JTA platform available (set 'hibernate.transaction.jta.platform' to enable JTA platform integration)
2026-03-27T09:46:55.080+05:30  INFO 7424 --- [Transaction-Service] [  restartedMain] j.LocalContainerEntityManagerFactoryBean : Initialized JPA EntityManagerFactory for persistence unit 'default'
2026-03-27T09:46:55.911+05:30  WARN 7424 --- [Transaction-Service] [  restartedMain] JpaBaseConfiguration$JpaWebConfiguration : spring.jpa.open-in-view is enabled by default. Therefore, database queries may be performed during view rendering. Explicitly configure spring.jpa.open-in-view to disable this warning
2026-03-27T09:46:58.217+05:30  INFO 7424 --- [Transaction-Service] [  restartedMain] o.s.cloud.commons.util.InetUtils         : Cannot determine local hostname
2026-03-27T09:46:58.793+05:30  WARN 7424 --- [Transaction-Service] [  restartedMain] o.s.b.d.a.OptionalLiveReloadServer       : Unable to start LiveReload server
2026-03-27T09:46:59.903+05:30  INFO 7424 --- [Transaction-Service] [  restartedMain] o.s.cloud.commons.util.InetUtils         : Cannot determine local hostname
2026-03-27T09:46:59.984+05:30  INFO 7424 --- [Transaction-Service] [  restartedMain] DiscoveryClientOptionalArgsConfiguration : Eureka HTTP Client uses RestTemplate.
2026-03-27T09:47:00.211+05:30  WARN 7424 --- [Transaction-Service] [  restartedMain] iguration$LoadBalancerCaffeineWarnLogger : Spring Cloud LoadBalancer is currently working with the default cache. While this cache implementation is useful for development and tests, it's recommended to use Caffeine cache in production.You can switch to using Caffeine cache, by adding it and org.springframework.cache.caffeine.CaffeineCacheManager to the classpath.
2026-03-27T09:47:00.331+05:30  INFO 7424 --- [Transaction-Service] [  restartedMain] o.s.b.a.e.web.EndpointLinksResolver      : Exposing 3 endpoints beneath base path '/actuator'
2026-03-27T09:47:00.429+05:30  INFO 7424 --- [Transaction-Service] [  restartedMain] o.s.c.n.eureka.InstanceInfoFactory       : Setting initial instance status as: STARTING
2026-03-27T09:47:00.553+05:30  INFO 7424 --- [Transaction-Service] [  restartedMain] com.netflix.discovery.DiscoveryClient    : Initializing Eureka in region us-east-1
2026-03-27T09:47:00.663+05:30  INFO 7424 --- [Transaction-Service] [  restartedMain] c.n.d.s.r.aws.ConfigClusterResolver      : Resolving eureka endpoints via configuration
2026-03-27T09:47:00.730+05:30  INFO 7424 --- [Transaction-Service] [  restartedMain] com.netflix.discovery.DiscoveryClient    : Disable delta property : false
2026-03-27T09:47:00.731+05:30  INFO 7424 --- [Transaction-Service] [  restartedMain] com.netflix.discovery.DiscoveryClient    : Single vip registry refresh property : null
2026-03-27T09:47:00.731+05:30  INFO 7424 --- [Transaction-Service] [  restartedMain] com.netflix.discovery.DiscoveryClient    : Force full registry fetch : false
2026-03-27T09:47:00.731+05:30  INFO 7424 --- [Transaction-Service] [  restartedMain] com.netflix.discovery.DiscoveryClient    : Application is null : false
2026-03-27T09:47:00.732+05:30  INFO 7424 --- [Transaction-Service] [  restartedMain] com.netflix.discovery.DiscoveryClient    : Registered Applications size is zero : true
2026-03-27T09:47:00.733+05:30  INFO 7424 --- [Transaction-Service] [  restartedMain] com.netflix.discovery.DiscoveryClient    : Application version is -1: true
2026-03-27T09:47:00.733+05:30  INFO 7424 --- [Transaction-Service] [  restartedMain] com.netflix.discovery.DiscoveryClient    : Getting all instance registry info from the eureka server
2026-03-27T09:47:01.112+05:30  INFO 7424 --- [Transaction-Service] [  restartedMain] com.netflix.discovery.DiscoveryClient    : The response status is 200
2026-03-27T09:47:01.130+05:30  INFO 7424 --- [Transaction-Service] [  restartedMain] com.netflix.discovery.DiscoveryClient    : Starting heartbeat executor: renew interval is: 30
2026-03-27T09:47:01.190+05:30  INFO 7424 --- [Transaction-Service] [  restartedMain] c.n.discovery.InstanceInfoReplicator     : InstanceInfoReplicator onDemand update allowed rate per min is 4
2026-03-27T09:47:01.194+05:30  INFO 7424 --- [Transaction-Service] [  restartedMain] com.netflix.discovery.DiscoveryClient    : Discovery Client initialized at timestamp 1774585021194 with initial instances count: 5
2026-03-27T09:47:01.263+05:30  INFO 7424 --- [Transaction-Service] [  restartedMain] o.s.c.n.e.s.EurekaServiceRegistry        : Registering application TRANSACTION-SERVICE with eureka with status UP
2026-03-27T09:47:01.264+05:30  INFO 7424 --- [Transaction-Service] [  restartedMain] com.netflix.discovery.DiscoveryClient    : Saw local status change event StatusChangeEvent [timestamp=1774585021264, current=UP, previous=STARTING]
2026-03-27T09:47:01.266+05:30  INFO 7424 --- [Transaction-Service] [foReplicator-%d] com.netflix.discovery.DiscoveryClient    : DiscoveryClient_TRANSACTION-SERVICE/localhost:Transaction-Service:7506: registering service...
2026-03-27T09:47:01.285+05:30  INFO 7424 --- [Transaction-Service] [  restartedMain] o.s.b.w.embedded.tomcat.TomcatWebServer  : Tomcat started on port 7506 (http) with context path '/'
2026-03-27T09:47:01.309+05:30  INFO 7424 --- [Transaction-Service] [foReplicator-%d] com.netflix.discovery.DiscoveryClient    : DiscoveryClient_TRANSACTION-SERVICE/localhost:Transaction-Service:7506 - registration status: 204
2026-03-27T09:47:01.336+05:30  INFO 7424 --- [Transaction-Service] [  restartedMain] .s.c.n.e.s.EurekaAutoServiceRegistration : Updating port to 7506
2026-03-27T09:47:02.421+05:30  INFO 7424 --- [Transaction-Service] [  restartedMain] o.s.cloud.commons.util.InetUtils         : Cannot determine local hostname
2026-03-27T09:47:02.441+05:30  INFO 7424 --- [Transaction-Service] [  restartedMain] c.t.TransactionServiceApplication        : Started TransactionServiceApplication in 15.701 seconds (process running for 16.184)
2026-03-27T09:52:00.738+05:30  INFO 7424 --- [Transaction-Service] [rap-executor-%d] c.n.d.s.r.aws.ConfigClusterResolver      : Resolving eureka endpoints via configuration
2026-03-27T09:52:42.615+05:30  INFO 7424 --- [Transaction-Service] [nio-7506-exec-1] o.a.c.c.C.[Tomcat].[localhost].[/]       : Initializing Spring DispatcherServlet 'dispatcherServlet'
2026-03-27T09:52:42.620+05:30  INFO 7424 --- [Transaction-Service] [nio-7506-exec-1] o.s.web.servlet.DispatcherServlet        : Initializing Servlet 'dispatcherServlet'
2026-03-27T09:52:42.642+05:30  INFO 7424 --- [Transaction-Service] [nio-7506-exec-1] o.s.web.servlet.DispatcherServlet        : Completed initialization in 21 ms
2026-03-27T09:52:43.657+05:30  INFO 7424 --- [Transaction-Service] [nio-7506-exec-1] o.springdoc.api.AbstractOpenApiResource  : Init duration for springdoc-openapi is: 860 ms
2026-03-27T09:57:00.754+05:30  INFO 7424 --- [Transaction-Service] [rap-executor-%d] c.n.d.s.r.aws.ConfigClusterResolver      : Resolving eureka endpoints via configuration
2026-03-27T10:02:00.764+05:30  INFO 7424 --- [Transaction-Service] [rap-executor-%d] c.n.d.s.r.aws.ConfigClusterResolver      : Resolving eureka endpoints via configuration
2026-03-27T10:07:00.786+05:30  INFO 7424 --- [Transaction-Service] [rap-executor-%d] c.n.d.s.r.aws.ConfigClusterResolver      : Resolving eureka endpoints via configuration
2026-03-27T10:12:00.802+05:30  INFO 7424 --- [Transaction-Service] [rap-executor-%d] c.n.d.s.r.aws.ConfigClusterResolver      : Resolving eureka endpoints via configuration
2026-03-27T10:17:00.813+05:30  INFO 7424 --- [Transaction-Service] [rap-executor-%d] c.n.d.s.r.aws.ConfigClusterResolver      : Resolving eureka endpoints via configuration
2026-03-27T10:17:12.538+05:30  INFO 7424 --- [Transaction-Service] [   File Watcher] rtingClassPathChangeChangedEventListener : Restarting due to 1 class path change (0 additions, 0 deletions, 1 modification)
2026-03-27T10:17:12.547+05:30  INFO 7424 --- [Transaction-Service] [       Thread-1] o.s.c.n.e.s.EurekaServiceRegistry        : Unregistering application TRANSACTION-SERVICE with eureka with status DOWN
2026-03-27T10:17:12.548+05:30  INFO 7424 --- [Transaction-Service] [       Thread-1] com.netflix.discovery.DiscoveryClient    : Saw local status change event StatusChangeEvent [timestamp=1774586832548, current=DOWN, previous=UP]
2026-03-27T10:17:12.549+05:30  INFO 7424 --- [Transaction-Service] [foReplicator-%d] com.netflix.discovery.DiscoveryClient    : DiscoveryClient_TRANSACTION-SERVICE/localhost:Transaction-Service:7506: registering service...
2026-03-27T10:17:12.567+05:30  INFO 7424 --- [Transaction-Service] [foReplicator-%d] com.netflix.discovery.DiscoveryClient    : DiscoveryClient_TRANSACTION-SERVICE/localhost:Transaction-Service:7506 - registration status: 204
2026-03-27T10:17:12.574+05:30  INFO 7424 --- [Transaction-Service] [       Thread-1] j.LocalContainerEntityManagerFactoryBean : Closing JPA EntityManagerFactory for persistence unit 'default'
2026-03-27T10:17:12.578+05:30  INFO 7424 --- [Transaction-Service] [       Thread-1] com.zaxxer.hikari.HikariDataSource       : HikariPool-1 - Shutdown initiated...
2026-03-27T10:17:12.585+05:30  INFO 7424 --- [Transaction-Service] [       Thread-1] com.zaxxer.hikari.HikariDataSource       : HikariPool-1 - Shutdown completed.
2026-03-27T10:17:12.590+05:30  INFO 7424 --- [Transaction-Service] [       Thread-1] com.netflix.discovery.DiscoveryClient    : Shutting down DiscoveryClient ...
2026-03-27T10:17:15.603+05:30  INFO 7424 --- [Transaction-Service] [       Thread-1] com.netflix.discovery.DiscoveryClient    : Unregistering ...
2026-03-27T10:17:15.622+05:30  INFO 7424 --- [Transaction-Service] [       Thread-1] com.netflix.discovery.DiscoveryClient    : DiscoveryClient_TRANSACTION-SERVICE/localhost:Transaction-Service:7506 - deregister  status: 200
2026-03-27T10:17:15.623+05:30  INFO 7424 --- [Transaction-Service] [       Thread-1] com.netflix.discovery.DiscoveryClient    : Completed shut down of DiscoveryClient

  .   ____          _            __ _ _
 /\\ / ___'_ __ _ _(_)_ __  __ _ \ \ \ \
( ( )\___ | '_ | '_| | '_ \/ _` | \ \ \ \
 \\/  ___)| |_)| | | | | || (_| |  ) ) ) )
  '  |____| .__|_| |_|_| |_\__, | / / / /
 =========|_|==============|___/=/_/_/_/

 :: Spring Boot ::                (v3.3.5)

2026-03-27T10:17:16.768+05:30  INFO 7424 --- [Transaction-Service] [  restartedMain] c.t.TransactionServiceApplication        : Starting TransactionServiceApplication using Java 21.0.6 with PID 7424 (C:\Users\Asus\Desktop\Payment-wallet\Transaction-Service\target\classes started by Asus in C:\Users\Asus\Desktop\Payment-wallet\Transaction-Service)
2026-03-27T10:17:16.769+05:30 DEBUG 7424 --- [Transaction-Service] [  restartedMain] c.t.TransactionServiceApplication        : Running with Spring Boot v3.3.5, Spring v6.1.14
2026-03-27T10:17:16.770+05:30  INFO 7424 --- [Transaction-Service] [  restartedMain] c.t.TransactionServiceApplication        : No active profile set, falling back to 1 default profile: "default"
2026-03-27T10:17:17.237+05:30  INFO 7424 --- [Transaction-Service] [  restartedMain] .s.d.r.c.RepositoryConfigurationDelegate : Bootstrapping Spring Data JPA repositories in DEFAULT mode.
2026-03-27T10:17:17.250+05:30  INFO 7424 --- [Transaction-Service] [  restartedMain] .s.d.r.c.RepositoryConfigurationDelegate : Finished Spring Data repository scanning in 9 ms. Found 2 JPA repository interfaces.
2026-03-27T10:17:17.338+05:30  INFO 7424 --- [Transaction-Service] [  restartedMain] o.s.cloud.context.scope.GenericScope     : BeanFactory id=22820c86-fb1e-34eb-b9db-47a399f29fe9
2026-03-27T10:17:17.418+05:30  WARN 7424 --- [Transaction-Service] [  restartedMain] trationDelegate$BeanPostProcessorChecker : Bean 'org.springframework.cloud.client.loadbalancer.LoadBalancerAutoConfiguration$DeferringLoadBalancerInterceptorConfig' of type [org.springframework.cloud.client.loadbalancer.LoadBalancerAutoConfiguration$DeferringLoadBalancerInterceptorConfig] is not eligible for getting processed by all BeanPostProcessors (for example: not eligible for auto-proxying). The currently created BeanPostProcessor [lbRestClientPostProcessor] is declared through a non-static factory method on that class; consider declaring it as static instead.
2026-03-27T10:17:17.422+05:30  WARN 7424 --- [Transaction-Service] [  restartedMain] trationDelegate$BeanPostProcessorChecker : Bean 'deferringLoadBalancerInterceptor' of type [org.springframework.cloud.client.loadbalancer.DeferringLoadBalancerInterceptor] is not eligible for getting processed by all BeanPostProcessors (for example: not eligible for auto-proxying). Is this bean getting eagerly injected/applied to a currently created BeanPostProcessor [lbRestClientPostProcessor]? Check the corresponding BeanPostProcessor declaration and its dependencies/advisors. If this bean does not have to be post-processed, declare it with ROLE_INFRASTRUCTURE.
2026-03-27T10:17:17.600+05:30  INFO 7424 --- [Transaction-Service] [  restartedMain] o.s.b.w.embedded.tomcat.TomcatWebServer  : Tomcat initialized with port 7506 (http)
2026-03-27T10:17:17.602+05:30  INFO 7424 --- [Transaction-Service] [  restartedMain] o.apache.catalina.core.StandardService   : Starting service [Tomcat]
2026-03-27T10:17:17.603+05:30  INFO 7424 --- [Transaction-Service] [  restartedMain] o.apache.catalina.core.StandardEngine    : Starting Servlet engine: [Apache Tomcat/10.1.31]
2026-03-27T10:17:17.628+05:30  INFO 7424 --- [Transaction-Service] [  restartedMain] o.a.c.c.C.[Tomcat].[localhost].[/]       : Initializing Spring embedded WebApplicationContext
2026-03-27T10:17:17.629+05:30  INFO 7424 --- [Transaction-Service] [  restartedMain] w.s.c.ServletWebServerApplicationContext : Root WebApplicationContext: initialization completed in 857 ms
2026-03-27T10:17:17.900+05:30  INFO 7424 --- [Transaction-Service] [  restartedMain] com.zaxxer.hikari.HikariDataSource       : HikariPool-2 - Starting...
2026-03-27T10:17:17.946+05:30  INFO 7424 --- [Transaction-Service] [  restartedMain] com.zaxxer.hikari.pool.HikariPool        : HikariPool-2 - Added connection org.postgresql.jdbc.PgConnection@68a06fb2
2026-03-27T10:17:17.948+05:30  INFO 7424 --- [Transaction-Service] [  restartedMain] com.zaxxer.hikari.HikariDataSource       : HikariPool-2 - Start completed.
2026-03-27T10:17:17.950+05:30  INFO 7424 --- [Transaction-Service] [  restartedMain] o.hibernate.jpa.internal.util.LogHelper  : HHH000204: Processing PersistenceUnitInfo [name: default]
2026-03-27T10:17:17.954+05:30  INFO 7424 --- [Transaction-Service] [  restartedMain] o.h.c.internal.RegionFactoryInitiator    : HHH000026: Second-level cache disabled
2026-03-27T10:17:17.972+05:30  INFO 7424 --- [Transaction-Service] [  restartedMain] o.s.o.j.p.SpringPersistenceUnitInfo      : No LoadTimeWeaver setup: ignoring JPA class transformer
2026-03-27T10:17:18.083+05:30  INFO 7424 --- [Transaction-Service] [  restartedMain] o.h.e.t.j.p.i.JtaPlatformInitiator       : HHH000489: No JTA platform available (set 'hibernate.transaction.jta.platform' to enable JTA platform integration)
2026-03-27T10:17:18.084+05:30  INFO 7424 --- [Transaction-Service] [  restartedMain] j.LocalContainerEntityManagerFactoryBean : Initialized JPA EntityManagerFactory for persistence unit 'default'
2026-03-27T10:17:18.411+05:30  WARN 7424 --- [Transaction-Service] [  restartedMain] JpaBaseConfiguration$JpaWebConfiguration : spring.jpa.open-in-view is enabled by default. Therefore, database queries may be performed during view rendering. Explicitly configure spring.jpa.open-in-view to disable this warning
2026-03-27T10:17:20.176+05:30  INFO 7424 --- [Transaction-Service] [  restartedMain] o.s.cloud.commons.util.InetUtils         : Cannot determine local hostname
2026-03-27T10:17:20.529+05:30  WARN 7424 --- [Transaction-Service] [  restartedMain] o.s.b.d.a.OptionalLiveReloadServer       : Unable to start LiveReload server
2026-03-27T10:17:21.575+05:30  INFO 7424 --- [Transaction-Service] [  restartedMain] o.s.cloud.commons.util.InetUtils         : Cannot determine local hostname
2026-03-27T10:17:21.606+05:30  INFO 7424 --- [Transaction-Service] [  restartedMain] DiscoveryClientOptionalArgsConfiguration : Eureka HTTP Client uses RestTemplate.
2026-03-27T10:17:21.692+05:30  WARN 7424 --- [Transaction-Service] [  restartedMain] iguration$LoadBalancerCaffeineWarnLogger : Spring Cloud LoadBalancer is currently working with the default cache. While this cache implementation is useful for development and tests, it's recommended to use Caffeine cache in production.You can switch to using Caffeine cache, by adding it and org.springframework.cache.caffeine.CaffeineCacheManager to the classpath.
2026-03-27T10:17:21.729+05:30  INFO 7424 --- [Transaction-Service] [  restartedMain] o.s.b.a.e.web.EndpointLinksResolver      : Exposing 3 endpoints beneath base path '/actuator'
2026-03-27T10:17:21.775+05:30  INFO 7424 --- [Transaction-Service] [  restartedMain] o.s.c.n.eureka.InstanceInfoFactory       : Setting initial instance status as: STARTING
2026-03-27T10:17:21.782+05:30  INFO 7424 --- [Transaction-Service] [  restartedMain] com.netflix.discovery.DiscoveryClient    : Initializing Eureka in region us-east-1
2026-03-27T10:17:21.783+05:30  INFO 7424 --- [Transaction-Service] [  restartedMain] c.n.d.s.r.aws.ConfigClusterResolver      : Resolving eureka endpoints via configuration
2026-03-27T10:17:21.784+05:30  INFO 7424 --- [Transaction-Service] [  restartedMain] com.netflix.discovery.DiscoveryClient    : Disable delta property : false
2026-03-27T10:17:21.784+05:30  INFO 7424 --- [Transaction-Service] [  restartedMain] com.netflix.discovery.DiscoveryClient    : Single vip registry refresh property : null
2026-03-27T10:17:21.784+05:30  INFO 7424 --- [Transaction-Service] [  restartedMain] com.netflix.discovery.DiscoveryClient    : Force full registry fetch : false
2026-03-27T10:17:21.784+05:30  INFO 7424 --- [Transaction-Service] [  restartedMain] com.netflix.discovery.DiscoveryClient    : Application is null : false
2026-03-27T10:17:21.784+05:30  INFO 7424 --- [Transaction-Service] [  restartedMain] com.netflix.discovery.DiscoveryClient    : Registered Applications size is zero : true
2026-03-27T10:17:21.785+05:30  INFO 7424 --- [Transaction-Service] [  restartedMain] com.netflix.discovery.DiscoveryClient    : Application version is -1: true
2026-03-27T10:17:21.785+05:30  INFO 7424 --- [Transaction-Service] [  restartedMain] com.netflix.discovery.DiscoveryClient    : Getting all instance registry info from the eureka server
2026-03-27T10:17:21.844+05:30  INFO 7424 --- [Transaction-Service] [  restartedMain] com.netflix.discovery.DiscoveryClient    : The response status is 200
2026-03-27T10:17:21.943+05:30  INFO 7424 --- [Transaction-Service] [  restartedMain] com.netflix.discovery.DiscoveryClient    : Starting heartbeat executor: renew interval is: 30
2026-03-27T10:17:21.947+05:30  INFO 7424 --- [Transaction-Service] [  restartedMain] c.n.discovery.InstanceInfoReplicator     : InstanceInfoReplicator onDemand update allowed rate per min is 4
2026-03-27T10:17:21.948+05:30  INFO 7424 --- [Transaction-Service] [  restartedMain] com.netflix.discovery.DiscoveryClient    : Discovery Client initialized at timestamp 1774586841948 with initial instances count: 10
2026-03-27T10:17:21.982+05:30  INFO 7424 --- [Transaction-Service] [  restartedMain] o.s.c.n.e.s.EurekaServiceRegistry        : Registering application TRANSACTION-SERVICE with eureka with status UP
2026-03-27T10:17:22.144+05:30  INFO 7424 --- [Transaction-Service] [  restartedMain] com.netflix.discovery.DiscoveryClient    : Saw local status change event StatusChangeEvent [timestamp=1774586842144, current=UP, previous=STARTING]
2026-03-27T10:17:22.146+05:30  INFO 7424 --- [Transaction-Service] [foReplicator-%d] com.netflix.discovery.DiscoveryClient    : DiscoveryClient_TRANSACTION-SERVICE/localhost:Transaction-Service:7506: registering service...
2026-03-27T10:17:22.158+05:30  INFO 7424 --- [Transaction-Service] [  restartedMain] o.s.b.w.embedded.tomcat.TomcatWebServer  : Tomcat started on port 7506 (http) with context path '/'
2026-03-27T10:17:22.163+05:30  INFO 7424 --- [Transaction-Service] [  restartedMain] .s.c.n.e.s.EurekaAutoServiceRegistration : Updating port to 7506
2026-03-27T10:17:22.192+05:30  INFO 7424 --- [Transaction-Service] [foReplicator-%d] com.netflix.discovery.DiscoveryClient    : DiscoveryClient_TRANSACTION-SERVICE/localhost:Transaction-Service:7506 - registration status: 204
2026-03-27T10:17:23.195+05:30  INFO 7424 --- [Transaction-Service] [  restartedMain] o.s.cloud.commons.util.InetUtils         : Cannot determine local hostname
2026-03-27T10:17:23.212+05:30  INFO 7424 --- [Transaction-Service] [  restartedMain] c.t.TransactionServiceApplication        : Started TransactionServiceApplication in 7.512 seconds (process running for 1836.956)
2026-03-27T10:17:23.219+05:30  INFO 7424 --- [Transaction-Service] [  restartedMain] .ConditionEvaluationDeltaLoggingListener : Condition evaluation delta:


==========================
CONDITION EVALUATION DELTA
==========================


Positive matches:
-----------------

   ServletWebServerFactoryAutoConfiguration.ForwardedHeaderFilterConfiguration matched:
      - @ConditionalOnProperty (server.forward-headers-strategy=framework) matched (OnPropertyCondition)
      - @ConditionalOnMissingBean (types: org.springframework.web.filter.ForwardedHeaderFilter; SearchStrategy: all) did not find any beans (OnBeanCondition)

   ServletWebServerFactoryAutoConfiguration.ForwardedHeaderFilterConfiguration#tomcatForwardedHeaderFilterCustomizer matched:
      - @ConditionalOnClass found required class 'org.apache.catalina.startup.Tomcat' (OnClassCondition)


Negative matches:
-----------------

    None


Exclusions:
-----------

    None


Unconditional classes:
----------------------

    None



[INFO] ------------------------------------------------------------------------
[INFO] BUILD FAILURE
[INFO] ------------------------------------------------------------------------
[INFO] Total time:  31:35 min
[INFO] Finished at: 2026-03-27T10:18:18+05:30
[INFO] ------------------------------------------------------------------------
[ERROR] Failed to execute goal org.springframework.boot:spring-boot-maven-plugin:3.3.5:run (default-cli) on project Transaction-Service: Process terminated with exit code: -1 -> [Help 1]
[ERROR] 
[ERROR] To see the full stack trace of the errors, re-run Maven with the -e switch.
[ERROR] Re-run Maven using the -X switch to enable full debug logging.
[ERROR] 
[ERROR] For more information about the errors and possible solutions, please read the following articles:
[ERROR] [Help 1] http://cwiki.apache.org/confluence/display/MAVEN/MojoExecutionException
