[INFO] Scanning for projects...
[INFO] 
[INFO] -------------------< com.payment-app:Config-Servier >-------------------
[INFO] Building Config-Servier 0.0.1-SNAPSHOT
[INFO]   from pom.xml
[INFO] --------------------------------[ jar ]---------------------------------
[INFO] 
[INFO] >>> spring-boot:3.3.5:run (default-cli) > test-compile @ Config-Servier >>>
[INFO] 
[INFO] --- resources:3.3.1:resources (default-resources) @ Config-Servier ---
[INFO] Copying 1 resource from src\main\resources to target\classes
[INFO] Copying 0 resource from src\main\resources to target\classes
[INFO] 
[INFO] --- compiler:3.13.0:compile (default-compile) @ Config-Servier ---
[INFO] Nothing to compile - all classes are up to date.
[INFO] 
[INFO] --- resources:3.3.1:testResources (default-testResources) @ Config-Servier ---
[INFO] skip non existing resourceDirectory C:\Users\Asus\Desktop\Payment-wallet\Config-Servier\src\test\resources
[INFO] 
[INFO] --- compiler:3.13.0:testCompile (default-testCompile) @ Config-Servier ---
[INFO] Nothing to compile - all classes are up to date.
[INFO] 
[INFO] <<< spring-boot:3.3.5:run (default-cli) < test-compile @ Config-Servier <<<
[INFO] 
[INFO] 
[INFO] --- spring-boot:3.3.5:run (default-cli) @ Config-Servier ---
Terminate batch job (Y/N)? 