[INFO] Scanning for projects...
[WARNING] 
[WARNING] Some problems were encountered while building the effective model for com.payment:Payment-Services:jar:0.0.1-SNAPSHOT
[WARNING] 'dependencies.dependency.(groupId:artifactId:type:classifier)' must be unique: org.springframework.boot:spring-boot-starter-actuator:jar -> duplicate declaration of version (?) @ line 110, column 15
[WARNING] 
[WARNING] It is highly recommended to fix these problems because they threaten the stability of your build.
[WARNING] 
[WARNING] For this reason, future Maven versions might no longer support building such malformed projects.
[WARNING] 
[INFO] 
[INFO] --------------------< com.payment:Payment-Services >--------------------
[INFO] Building Payment-Services 0.0.1-SNAPSHOT
[INFO]   from pom.xml
[INFO] --------------------------------[ jar ]---------------------------------
[INFO] 
[INFO] >>> spring-boot:3.3.5:run (default-cli) > test-compile @ Payment-Services >>>
[INFO] 
[INFO] --- resources:3.3.1:resources (default-resources) @ Payment-Services ---
[INFO] Copying 1 resource from src\main\resources to target\classes
[INFO] Copying 0 resource from src\main\resources to target\classes
[INFO] 
[INFO] --- compiler:3.13.0:compile (default-compile) @ Payment-Services ---
[INFO] Recompiling the module because of added or removed source files.
[INFO] Compiling 27 source files with javac [debug parameters release 17] to target\classes
[INFO] 
[INFO] --- resources:3.3.1:testResources (default-testResources) @ Payment-Services ---
[INFO] skip non existing resourceDirectory C:\Users\Asus\Desktop\Payment-wallet\Payment-Services\src\test\resources
[INFO] 
[INFO] --- compiler:3.13.0:testCompile (default-testCompile) @ Payment-Services ---
[INFO] Recompiling the module because of changed dependency.
[INFO] Compiling 2 source files with javac [debug parameters release 17] to target\test-classes
[INFO] 
[INFO] <<< spring-boot:3.3.5:run (default-cli) < test-compile @ Payment-Services <<<
[INFO] 
[INFO] 
[INFO] --- spring-boot:3.3.5:run (default-cli) @ Payment-Services ---
[INFO] Attaching agents: []

  .   ____          _            __ _ _
 /\\ / ___'_ __ _ _(_)_ __  __ _ \ \ \ \
( ( )\___ | '_ | '_| | '_ \/ _` | \ \ \ \
 \\/  ___)| |_)| | | | | || (_| |  ) ) ) )
  '  |____| .__|_| |_|_| |_\__, | / / / /
 =========|_|==============|___/=/_/_/_/

 :: Spring Boot ::                (v3.3.5)

2026-03-27T10:53:20.557+05:30  INFO 51488 --- [PAYMENT-SERVICES] [  restartedMain] c.payments.PaymentServicesApplication    : Starting PaymentServicesApplication using Java 21.0.6 with PID 51488 (C:\Users\Asus\Desktop\Payment-wallet\Payment-Services\target\classes started by Asus in C:\Users\Asus\Desktop\Payment-wallet\Payment-Services)
2026-03-27T10:53:20.560+05:30 DEBUG 51488 --- [PAYMENT-SERVICES] [  restartedMain] c.payments.PaymentServicesApplication    : Running with Spring Boot v3.3.5, Spring v6.1.14
2026-03-27T10:53:20.561+05:30  INFO 51488 --- [PAYMENT-SERVICES] [  restartedMain] c.payments.PaymentServicesApplication    : No active profile set, falling back to 1 default profile: "default"
2026-03-27T10:53:20.610+05:30  INFO 51488 --- [PAYMENT-SERVICES] [  restartedMain] .e.DevToolsPropertyDefaultsPostProcessor : Devtools property defaults active! Set 'spring.devtools.add-properties' to 'false' to disable
2026-03-27T10:53:20.611+05:30  INFO 51488 --- [PAYMENT-SERVICES] [  restartedMain] .e.DevToolsPropertyDefaultsPostProcessor : For additional web related logging consider setting the 'logging.level.web' property to 'DEBUG'
2026-03-27T10:53:21.710+05:30  INFO 51488 --- [PAYMENT-SERVICES] [  restartedMain] .s.d.r.c.RepositoryConfigurationDelegate : Bootstrapping Spring Data JPA repositories in DEFAULT mode.
2026-03-27T10:53:21.849+05:30  INFO 51488 --- [PAYMENT-SERVICES] [  restartedMain] .s.d.r.c.RepositoryConfigurationDelegate : Finished Spring Data repository scanning in 130 ms. Found 1 JPA repository interface.
2026-03-27T10:53:22.243+05:30  INFO 51488 --- [PAYMENT-SERVICES] [  restartedMain] o.s.cloud.context.scope.GenericScope     : BeanFactory id=9bc1e8bc-f357-35f9-beaa-005409e0ea1e
2026-03-27T10:53:22.707+05:30  WARN 51488 --- [PAYMENT-SERVICES] [  restartedMain] trationDelegate$BeanPostProcessorChecker : Bean 'org.springframework.cloud.client.loadbalancer.LoadBalancerAutoConfiguration$DeferringLoadBalancerInterceptorConfig' of type [org.springframework.cloud.client.loadbalancer.LoadBalancerAutoConfiguration$DeferringLoadBalancerInterceptorConfig] is not eligible for getting processed by all BeanPostProcessors (for example: not eligible for auto-proxying). The currently created BeanPostProcessor [lbRestClientPostProcessor] is declared through a non-static factory method on that class; consider declaring it as static instead.
2026-03-27T10:53:22.714+05:30  WARN 51488 --- [PAYMENT-SERVICES] [  restartedMain] trationDelegate$BeanPostProcessorChecker : Bean 'deferringLoadBalancerInterceptor' of type [org.springframework.cloud.client.loadbalancer.DeferringLoadBalancerInterceptor] is not eligible for getting processed by all BeanPostProcessors (for example: not eligible for auto-proxying). Is this bean getting eagerly injected/applied to a currently created BeanPostProcessor [lbRestClientPostProcessor]? Check the corresponding BeanPostProcessor declaration and its dependencies/advisors. If this bean does not have to be post-processed, declare it with ROLE_INFRASTRUCTURE.
2026-03-27T10:53:23.199+05:30  INFO 51488 --- [PAYMENT-SERVICES] [  restartedMain] o.s.b.w.embedded.tomcat.TomcatWebServer  : Tomcat initialized with port 7504 (http)
2026-03-27T10:53:23.213+05:30  INFO 51488 --- [PAYMENT-SERVICES] [  restartedMain] o.apache.catalina.core.StandardService   : Starting service [Tomcat]
2026-03-27T10:53:23.214+05:30  INFO 51488 --- [PAYMENT-SERVICES] [  restartedMain] o.apache.catalina.core.StandardEngine    : Starting Servlet engine: [Apache Tomcat/10.1.31]
2026-03-27T10:53:23.266+05:30  INFO 51488 --- [PAYMENT-SERVICES] [  restartedMain] o.a.c.c.C.[Tomcat].[localhost].[/]       : Initializing Spring embedded WebApplicationContext
2026-03-27T10:53:23.267+05:30  INFO 51488 --- [PAYMENT-SERVICES] [  restartedMain] w.s.c.ServletWebServerApplicationContext : Root WebApplicationContext: initialization completed in 2655 ms
2026-03-27T10:53:23.697+05:30  INFO 51488 --- [PAYMENT-SERVICES] [  restartedMain] com.zaxxer.hikari.HikariDataSource       : HikariPool-1 - Starting...
2026-03-27T10:53:23.844+05:30  INFO 51488 --- [PAYMENT-SERVICES] [  restartedMain] com.zaxxer.hikari.pool.HikariPool        : HikariPool-1 - Added connection org.postgresql.jdbc.PgConnection@2a0521d5
2026-03-27T10:53:23.847+05:30  INFO 51488 --- [PAYMENT-SERVICES] [  restartedMain] com.zaxxer.hikari.HikariDataSource       : HikariPool-1 - Start completed.
2026-03-27T10:53:23.879+05:30  INFO 51488 --- [PAYMENT-SERVICES] [  restartedMain] o.hibernate.jpa.internal.util.LogHelper  : HHH000204: Processing PersistenceUnitInfo [name: default]
2026-03-27T10:53:23.925+05:30  INFO 51488 --- [PAYMENT-SERVICES] [  restartedMain] org.hibernate.Version                    : HHH000412: Hibernate ORM core version 6.5.3.Final
2026-03-27T10:53:23.959+05:30  INFO 51488 --- [PAYMENT-SERVICES] [  restartedMain] o.h.c.internal.RegionFactoryInitiator    : HHH000026: Second-level cache disabled
2026-03-27T10:53:24.201+05:30  INFO 51488 --- [PAYMENT-SERVICES] [  restartedMain] o.s.o.j.p.SpringPersistenceUnitInfo      : No LoadTimeWeaver setup: ignoring JPA class transformer
2026-03-27T10:53:25.002+05:30  INFO 51488 --- [PAYMENT-SERVICES] [  restartedMain] o.h.e.t.j.p.i.JtaPlatformInitiator       : HHH000489: No JTA platform available (set 'hibernate.transaction.jta.platform' to enable JTA platform integration)
2026-03-27T10:53:25.006+05:30  INFO 51488 --- [PAYMENT-SERVICES] [  restartedMain] j.LocalContainerEntityManagerFactoryBean : Initialized JPA EntityManagerFactory for persistence unit 'default'
2026-03-27T10:53:25.584+05:30  WARN 51488 --- [PAYMENT-SERVICES] [  restartedMain] JpaBaseConfiguration$JpaWebConfiguration : spring.jpa.open-in-view is enabled by default. Therefore, database queries may be performed during view rendering. Explicitly configure spring.jpa.open-in-view to disable this warning
2026-03-27T10:53:25.664+05:30  WARN 51488 --- [PAYMENT-SERVICES] [  restartedMain] o.s.b.d.a.OptionalLiveReloadServer       : Unable to start LiveReload server
2026-03-27T10:53:26.788+05:30  INFO 51488 --- [PAYMENT-SERVICES] [  restartedMain] o.s.cloud.commons.util.InetUtils         : Cannot determine local hostname
2026-03-27T10:53:26.854+05:30  INFO 51488 --- [PAYMENT-SERVICES] [  restartedMain] o.s.c.openfeign.FeignClientFactoryBean   : For 'Wallet-Service' URL not provided. Will try picking an instance via load-balancing.
2026-03-27T10:53:26.938+05:30  INFO 51488 --- [PAYMENT-SERVICES] [  restartedMain] o.s.c.openfeign.FeignClientFactoryBean   : For 'Transaction-Service' URL not provided. Will try picking an instance via load-balancing.
2026-03-27T10:53:26.958+05:30  INFO 51488 --- [PAYMENT-SERVICES] [  restartedMain] o.s.c.openfeign.FeignClientFactoryBean   : For 'user-service' URL not provided. Will try picking an instance via load-balancing.
2026-03-27T10:53:30.126+05:30  INFO 51488 --- [PAYMENT-SERVICES] [  restartedMain] o.s.cloud.commons.util.InetUtils         : Cannot determine local hostname
2026-03-27T10:53:30.154+05:30  INFO 51488 --- [PAYMENT-SERVICES] [  restartedMain] DiscoveryClientOptionalArgsConfiguration : Eureka HTTP Client uses RestTemplate.
2026-03-27T10:53:30.242+05:30  WARN 51488 --- [PAYMENT-SERVICES] [  restartedMain] iguration$LoadBalancerCaffeineWarnLogger : Spring Cloud LoadBalancer is currently working with the default cache. While this cache implementation is useful for development and tests, it's recommended to use Caffeine cache in production.You can switch to using Caffeine cache, by adding it and org.springframework.cache.caffeine.CaffeineCacheManager to the classpath.
2026-03-27T10:53:30.270+05:30  INFO 51488 --- [PAYMENT-SERVICES] [  restartedMain] o.s.b.a.e.web.EndpointLinksResolver      : Exposing 3 endpoints beneath base path '/actuator'
2026-03-27T10:53:30.354+05:30  INFO 51488 --- [PAYMENT-SERVICES] [  restartedMain] o.s.c.n.eureka.InstanceInfoFactory       : Setting initial instance status as: STARTING
2026-03-27T10:53:30.381+05:30  INFO 51488 --- [PAYMENT-SERVICES] [  restartedMain] com.netflix.discovery.DiscoveryClient    : Initializing Eureka in region us-east-1
2026-03-27T10:53:30.385+05:30  INFO 51488 --- [PAYMENT-SERVICES] [  restartedMain] c.n.d.s.r.aws.ConfigClusterResolver      : Resolving eureka endpoints via configuration
2026-03-27T10:53:30.395+05:30  INFO 51488 --- [PAYMENT-SERVICES] [  restartedMain] com.netflix.discovery.DiscoveryClient    : Disable delta property : false
2026-03-27T10:53:30.396+05:30  INFO 51488 --- [PAYMENT-SERVICES] [  restartedMain] com.netflix.discovery.DiscoveryClient    : Single vip registry refresh property : null
2026-03-27T10:53:30.396+05:30  INFO 51488 --- [PAYMENT-SERVICES] [  restartedMain] com.netflix.discovery.DiscoveryClient    : Force full registry fetch : false
2026-03-27T10:53:30.397+05:30  INFO 51488 --- [PAYMENT-SERVICES] [  restartedMain] com.netflix.discovery.DiscoveryClient    : Application is null : false
2026-03-27T10:53:30.397+05:30  INFO 51488 --- [PAYMENT-SERVICES] [  restartedMain] com.netflix.discovery.DiscoveryClient    : Registered Applications size is zero : true
2026-03-27T10:53:30.397+05:30  INFO 51488 --- [PAYMENT-SERVICES] [  restartedMain] com.netflix.discovery.DiscoveryClient    : Application version is -1: true
2026-03-27T10:53:30.397+05:30  INFO 51488 --- [PAYMENT-SERVICES] [  restartedMain] com.netflix.discovery.DiscoveryClient    : Getting all instance registry info from the eureka server
2026-03-27T10:53:30.694+05:30  INFO 51488 --- [PAYMENT-SERVICES] [  restartedMain] com.netflix.discovery.DiscoveryClient    : The response status is 200
2026-03-27T10:53:30.701+05:30  INFO 51488 --- [PAYMENT-SERVICES] [  restartedMain] com.netflix.discovery.DiscoveryClient    : Starting heartbeat executor: renew interval is: 30
2026-03-27T10:53:30.705+05:30  INFO 51488 --- [PAYMENT-SERVICES] [  restartedMain] c.n.discovery.InstanceInfoReplicator     : InstanceInfoReplicator onDemand update allowed rate per min is 4
2026-03-27T10:53:30.707+05:30  INFO 51488 --- [PAYMENT-SERVICES] [  restartedMain] com.netflix.discovery.DiscoveryClient    : Discovery Client initialized at timestamp 1774589010706 with initial instances count: 5
2026-03-27T10:53:30.720+05:30  INFO 51488 --- [PAYMENT-SERVICES] [  restartedMain] o.s.c.n.e.s.EurekaServiceRegistry        : Registering application PAYMENT-SERVICES with eureka with status UP
2026-03-27T10:53:30.721+05:30  INFO 51488 --- [PAYMENT-SERVICES] [  restartedMain] com.netflix.discovery.DiscoveryClient    : Saw local status change event StatusChangeEvent [timestamp=1774589010721, current=UP, previous=STARTING]
2026-03-27T10:53:30.723+05:30  INFO 51488 --- [PAYMENT-SERVICES] [foReplicator-%d] com.netflix.discovery.DiscoveryClient    : DiscoveryClient_PAYMENT-SERVICES/localhost:PAYMENT-SERVICES:7504: registering service...
2026-03-27T10:53:30.745+05:30  INFO 51488 --- [PAYMENT-SERVICES] [  restartedMain] o.s.b.w.embedded.tomcat.TomcatWebServer  : Tomcat started on port 7504 (http) with context path '/'
2026-03-27T10:53:30.747+05:30  INFO 51488 --- [PAYMENT-SERVICES] [  restartedMain] .s.c.n.e.s.EurekaAutoServiceRegistration : Updating port to 7504
2026-03-27T10:53:30.764+05:30  INFO 51488 --- [PAYMENT-SERVICES] [foReplicator-%d] com.netflix.discovery.DiscoveryClient    : DiscoveryClient_PAYMENT-SERVICES/localhost:PAYMENT-SERVICES:7504 - registration status: 204
2026-03-27T10:53:31.761+05:30  INFO 51488 --- [PAYMENT-SERVICES] [  restartedMain] o.s.cloud.commons.util.InetUtils         : Cannot determine local hostname
2026-03-27T10:53:31.775+05:30  INFO 51488 --- [PAYMENT-SERVICES] [  restartedMain] c.payments.PaymentServicesApplication    : Started PaymentServicesApplication in 12.66 seconds (process running for 13.125)
2026-03-27T10:58:30.404+05:30  INFO 51488 --- [PAYMENT-SERVICES] [rap-executor-%d] c.n.d.s.r.aws.ConfigClusterResolver      : Resolving eureka endpoints via configuration
2026-03-27T11:03:30.419+05:30  INFO 51488 --- [PAYMENT-SERVICES] [rap-executor-%d] c.n.d.s.r.aws.ConfigClusterResolver      : Resolving eureka endpoints via configuration
2026-03-27T11:08:30.428+05:30  INFO 51488 --- [PAYMENT-SERVICES] [rap-executor-%d] c.n.d.s.r.aws.ConfigClusterResolver      : Resolving eureka endpoints via configuration
2026-03-27T11:13:30.435+05:30  INFO 51488 --- [PAYMENT-SERVICES] [rap-executor-%d] c.n.d.s.r.aws.ConfigClusterResolver      : Resolving eureka endpoints via configuration
