[INFO] Scanning for projects...
[INFO] 
[INFO] --------------------< com.payment-app:KYC-Services >--------------------
[INFO] Building KYC-Services 0.0.1-SNAPSHOT
[INFO]   from pom.xml
[INFO] --------------------------------[ jar ]---------------------------------
[INFO] 
[INFO] >>> spring-boot:3.3.5:run (default-cli) > test-compile @ KYC-Services >>>
[INFO] 
[INFO] --- resources:3.3.1:resources (default-resources) @ KYC-Services ---
[INFO] Copying 1 resource from src\main\resources to target\classes
[INFO] Copying 0 resource from src\main\resources to target\classes
[INFO] 
[INFO] --- compiler:3.13.0:compile (default-compile) @ KYC-Services ---
[INFO] Nothing to compile - all classes are up to date.
[INFO] 
[INFO] --- resources:3.3.1:testResources (default-testResources) @ KYC-Services ---
[INFO] skip non existing resourceDirectory C:\Users\Asus\Desktop\Payment-wallet\KYC-Services\src\test\resources
[INFO] 
[INFO] --- compiler:3.13.0:testCompile (default-testCompile) @ KYC-Services ---
[INFO] Nothing to compile - all classes are up to date.
[INFO] 
[INFO] <<< spring-boot:3.3.5:run (default-cli) < test-compile @ KYC-Services <<<
[INFO] 
[INFO] 
[INFO] --- spring-boot:3.3.5:run (default-cli) @ KYC-Services ---
[INFO] Attaching agents: []

  .   ____          _            __ _ _
 /\\ / ___'_ __ _ _(_)_ __  __ _ \ \ \ \
( ( )\___ | '_ | '_| | '_ \/ _` | \ \ \ \
 \\/  ___)| |_)| | | | | || (_| |  ) ) ) )
  '  |____| .__|_| |_|_| |_\__, | / / / /
 =========|_|==============|___/=/_/_/_/

 :: Spring Boot ::                (v3.3.5)

2026-03-27T09:46:18.114+05:30  INFO 42152 --- [KYC-SERVICE] [  restartedMain] com.kyc.KycServicesApplication           : Starting KycServicesApplication using Java 21.0.6 with PID 42152 (C:\Users\Asus\Desktop\Payment-wallet\KYC-Services\target\classes started by Asus in C:\Users\Asus\Desktop\Payment-wallet\KYC-Services)
2026-03-27T09:46:18.122+05:30 DEBUG 42152 --- [KYC-SERVICE] [  restartedMain] com.kyc.KycServicesApplication           : Running with Spring Boot v3.3.5, Spring v6.1.14
2026-03-27T09:46:18.123+05:30  INFO 42152 --- [KYC-SERVICE] [  restartedMain] com.kyc.KycServicesApplication           : No active profile set, falling back to 1 default profile: "default"
2026-03-27T09:46:18.178+05:30  INFO 42152 --- [KYC-SERVICE] [  restartedMain] .e.DevToolsPropertyDefaultsPostProcessor : Devtools property defaults active! Set 'spring.devtools.add-properties' to 'false' to disable
2026-03-27T09:46:18.180+05:30  INFO 42152 --- [KYC-SERVICE] [  restartedMain] .e.DevToolsPropertyDefaultsPostProcessor : For additional web related logging consider setting the 'logging.level.web' property to 'DEBUG'
2026-03-27T09:46:19.365+05:30  INFO 42152 --- [KYC-SERVICE] [  restartedMain] .s.d.r.c.RepositoryConfigurationDelegate : Bootstrapping Spring Data JPA repositories in DEFAULT mode.
2026-03-27T09:46:19.502+05:30  INFO 42152 --- [KYC-SERVICE] [  restartedMain] .s.d.r.c.RepositoryConfigurationDelegate : Finished Spring Data repository scanning in 129 ms. Found 1 JPA repository interface.
2026-03-27T09:46:19.798+05:30  INFO 42152 --- [KYC-SERVICE] [  restartedMain] o.s.cloud.context.scope.GenericScope     : BeanFactory id=69039bf8-1c64-3944-b6a0-964bb484de31
2026-03-27T09:46:20.113+05:30  WARN 42152 --- [KYC-SERVICE] [  restartedMain] trationDelegate$BeanPostProcessorChecker : Bean 'org.springframework.cloud.client.loadbalancer.LoadBalancerAutoConfiguration$DeferringLoadBalancerInterceptorConfig' of type [org.springframework.cloud.client.loadbalancer.LoadBalancerAutoConfiguration$DeferringLoadBalancerInterceptorConfig] is not eligible for getting processed by all BeanPostProcessors (for example: not eligible for auto-proxying). The currently created BeanPostProcessor [lbRestClientPostProcessor] is declared through a non-static factory method on that class; consider declaring it as static instead.
2026-03-27T09:46:20.118+05:30  WARN 42152 --- [KYC-SERVICE] [  restartedMain] trationDelegate$BeanPostProcessorChecker : Bean 'deferringLoadBalancerInterceptor' of type [org.springframework.cloud.client.loadbalancer.DeferringLoadBalancerInterceptor] is not eligible for getting processed by all BeanPostProcessors (for example: not eligible for auto-proxying). Is this bean getting eagerly injected/applied to a currently created BeanPostProcessor [lbRestClientPostProcessor]? Check the corresponding BeanPostProcessor declaration and its dependencies/advisors. If this bean does not have to be post-processed, declare it with ROLE_INFRASTRUCTURE.
2026-03-27T09:46:20.547+05:30  INFO 42152 --- [KYC-SERVICE] [  restartedMain] o.s.b.w.embedded.tomcat.TomcatWebServer  : Tomcat initialized with port 7502 (http)
2026-03-27T09:46:20.562+05:30  INFO 42152 --- [KYC-SERVICE] [  restartedMain] o.apache.catalina.core.StandardService   : Starting service [Tomcat]
2026-03-27T09:46:20.562+05:30  INFO 42152 --- [KYC-SERVICE] [  restartedMain] o.apache.catalina.core.StandardEngine    : Starting Servlet engine: [Apache Tomcat/10.1.31]
2026-03-27T09:46:20.621+05:30  INFO 42152 --- [KYC-SERVICE] [  restartedMain] o.a.c.c.C.[Tomcat].[localhost].[/]       : Initializing Spring embedded WebApplicationContext
2026-03-27T09:46:20.622+05:30  INFO 42152 --- [KYC-SERVICE] [  restartedMain] w.s.c.ServletWebServerApplicationContext : Root WebApplicationContext: initialization completed in 2441 ms
2026-03-27T09:46:20.963+05:30  INFO 42152 --- [KYC-SERVICE] [  restartedMain] com.zaxxer.hikari.HikariDataSource       : HikariPool-1 - Starting...
2026-03-27T09:46:21.130+05:30  INFO 42152 --- [KYC-SERVICE] [  restartedMain] com.zaxxer.hikari.pool.HikariPool        : HikariPool-1 - Added connection org.postgresql.jdbc.PgConnection@52bc0406
2026-03-27T09:46:21.142+05:30  INFO 42152 --- [KYC-SERVICE] [  restartedMain] com.zaxxer.hikari.HikariDataSource       : HikariPool-1 - Start completed.
2026-03-27T09:46:21.177+05:30  INFO 42152 --- [KYC-SERVICE] [  restartedMain] o.hibernate.jpa.internal.util.LogHelper  : HHH000204: Processing PersistenceUnitInfo [name: default]
2026-03-27T09:46:21.239+05:30  INFO 42152 --- [KYC-SERVICE] [  restartedMain] org.hibernate.Version                    : HHH000412: Hibernate ORM core version 6.5.3.Final
2026-03-27T09:46:21.287+05:30  INFO 42152 --- [KYC-SERVICE] [  restartedMain] o.h.c.internal.RegionFactoryInitiator    : HHH000026: Second-level cache disabled
2026-03-27T09:46:21.551+05:30  INFO 42152 --- [KYC-SERVICE] [  restartedMain] o.s.o.j.p.SpringPersistenceUnitInfo      : No LoadTimeWeaver setup: ignoring JPA class transformer
2026-03-27T09:46:22.351+05:30  INFO 42152 --- [KYC-SERVICE] [  restartedMain] o.h.e.t.j.p.i.JtaPlatformInitiator       : HHH000489: No JTA platform available (set 'hibernate.transaction.jta.platform' to enable JTA platform integration)
2026-03-27T09:46:22.356+05:30  INFO 42152 --- [KYC-SERVICE] [  restartedMain] j.LocalContainerEntityManagerFactoryBean : Initialized JPA EntityManagerFactory for persistence unit 'default'
2026-03-27T09:46:22.802+05:30  WARN 42152 --- [KYC-SERVICE] [  restartedMain] JpaBaseConfiguration$JpaWebConfiguration : spring.jpa.open-in-view is enabled by default. Therefore, database queries may be performed during view rendering. Explicitly configure spring.jpa.open-in-view to disable this warning
2026-03-27T09:46:22.854+05:30  WARN 42152 --- [KYC-SERVICE] [  restartedMain] .s.s.UserDetailsServiceAutoConfiguration : 

Using generated security password: ef5a9fe5-235b-4fe6-a362-0c4482c48741

This generated password is for development use only. Your security configuration must be updated before running your application in production.

2026-03-27T09:46:22.873+05:30  INFO 42152 --- [KYC-SERVICE] [  restartedMain] r$InitializeUserDetailsManagerConfigurer : Global AuthenticationManager configured with UserDetailsService bean with name inMemoryUserDetailsManager
2026-03-27T09:46:24.269+05:30  INFO 42152 --- [KYC-SERVICE] [  restartedMain] o.s.cloud.commons.util.InetUtils         : Cannot determine local hostname
2026-03-27T09:46:24.467+05:30  INFO 42152 --- [KYC-SERVICE] [  restartedMain] o.s.b.a.e.web.EndpointLinksResolver      : Exposing 3 endpoints beneath base path '/actuator'
2026-03-27T09:46:25.143+05:30  WARN 42152 --- [KYC-SERVICE] [  restartedMain] o.s.b.d.a.OptionalLiveReloadServer       : Unable to start LiveReload server
2026-03-27T09:46:26.174+05:30  INFO 42152 --- [KYC-SERVICE] [  restartedMain] o.s.cloud.commons.util.InetUtils         : Cannot determine local hostname
2026-03-27T09:46:26.217+05:30  INFO 42152 --- [KYC-SERVICE] [  restartedMain] DiscoveryClientOptionalArgsConfiguration : Eureka HTTP Client uses RestTemplate.
2026-03-27T09:46:26.375+05:30  WARN 42152 --- [KYC-SERVICE] [  restartedMain] iguration$LoadBalancerCaffeineWarnLogger : Spring Cloud LoadBalancer is currently working with the default cache. While this cache implementation is useful for development and tests, it's recommended to use Caffeine cache in production.You can switch to using Caffeine cache, by adding it and org.springframework.cache.caffeine.CaffeineCacheManager to the classpath.
2026-03-27T09:46:26.453+05:30  INFO 42152 --- [KYC-SERVICE] [  restartedMain] o.s.c.n.eureka.InstanceInfoFactory       : Setting initial instance status as: STARTING
2026-03-27T09:46:26.490+05:30  INFO 42152 --- [KYC-SERVICE] [  restartedMain] com.netflix.discovery.DiscoveryClient    : Initializing Eureka in region us-east-1
2026-03-27T09:46:26.494+05:30  INFO 42152 --- [KYC-SERVICE] [  restartedMain] c.n.d.s.r.aws.ConfigClusterResolver      : Resolving eureka endpoints via configuration
2026-03-27T09:46:26.503+05:30  INFO 42152 --- [KYC-SERVICE] [  restartedMain] com.netflix.discovery.DiscoveryClient    : Disable delta property : false
2026-03-27T09:46:26.503+05:30  INFO 42152 --- [KYC-SERVICE] [  restartedMain] com.netflix.discovery.DiscoveryClient    : Single vip registry refresh property : null
2026-03-27T09:46:26.504+05:30  INFO 42152 --- [KYC-SERVICE] [  restartedMain] com.netflix.discovery.DiscoveryClient    : Force full registry fetch : false
2026-03-27T09:46:26.504+05:30  INFO 42152 --- [KYC-SERVICE] [  restartedMain] com.netflix.discovery.DiscoveryClient    : Application is null : false
2026-03-27T09:46:26.504+05:30  INFO 42152 --- [KYC-SERVICE] [  restartedMain] com.netflix.discovery.DiscoveryClient    : Registered Applications size is zero : true
2026-03-27T09:46:26.505+05:30  INFO 42152 --- [KYC-SERVICE] [  restartedMain] com.netflix.discovery.DiscoveryClient    : Application version is -1: true
2026-03-27T09:46:26.505+05:30  INFO 42152 --- [KYC-SERVICE] [  restartedMain] com.netflix.discovery.DiscoveryClient    : Getting all instance registry info from the eureka server
2026-03-27T09:46:26.864+05:30  INFO 42152 --- [KYC-SERVICE] [  restartedMain] com.netflix.discovery.DiscoveryClient    : The response status is 200
2026-03-27T09:46:28.555+05:30  INFO 42152 --- [KYC-SERVICE] [  restartedMain] com.netflix.discovery.DiscoveryClient    : Starting heartbeat executor: renew interval is: 30
2026-03-27T09:46:29.623+05:30  INFO 42152 --- [KYC-SERVICE] [  restartedMain] c.n.discovery.InstanceInfoReplicator     : InstanceInfoReplicator onDemand update allowed rate per min is 4
2026-03-27T09:46:30.425+05:30  INFO 42152 --- [KYC-SERVICE] [  restartedMain] com.netflix.discovery.DiscoveryClient    : Discovery Client initialized at timestamp 1774584990424 with initial instances count: 0
2026-03-27T09:46:30.533+05:30  INFO 42152 --- [KYC-SERVICE] [  restartedMain] o.s.c.n.e.s.EurekaServiceRegistry        : Registering application KYC-SERVICE with eureka with status UP
2026-03-27T09:46:30.543+05:30  INFO 42152 --- [KYC-SERVICE] [  restartedMain] com.netflix.discovery.DiscoveryClient    : Saw local status change event StatusChangeEvent [timestamp=1774584990543, current=UP, previous=STARTING]
2026-03-27T09:46:30.644+05:30  INFO 42152 --- [KYC-SERVICE] [foReplicator-%d] com.netflix.discovery.DiscoveryClient    : DiscoveryClient_KYC-SERVICE/localhost:KYC-SERVICE:7502: registering service...
2026-03-27T09:46:30.665+05:30  INFO 42152 --- [KYC-SERVICE] [  restartedMain] o.s.b.w.embedded.tomcat.TomcatWebServer  : Tomcat started on port 7502 (http) with context path '/'
2026-03-27T09:46:30.666+05:30  INFO 42152 --- [KYC-SERVICE] [  restartedMain] .s.c.n.e.s.EurekaAutoServiceRegistration : Updating port to 7502
2026-03-27T09:46:30.693+05:30  INFO 42152 --- [KYC-SERVICE] [foReplicator-%d] com.netflix.discovery.DiscoveryClient    : DiscoveryClient_KYC-SERVICE/localhost:KYC-SERVICE:7502 - registration status: 204
2026-03-27T09:46:31.683+05:30  INFO 42152 --- [KYC-SERVICE] [  restartedMain] o.s.cloud.commons.util.InetUtils         : Cannot determine local hostname
2026-03-27T09:46:32.781+05:30  INFO 42152 --- [KYC-SERVICE] [  restartedMain] com.kyc.KycServicesApplication           : Started KycServicesApplication in 16.138 seconds (process running for 16.585)
2026-03-27T09:46:58.558+05:30  INFO 42152 --- [KYC-SERVICE] [reshExecutor-%d] com.netflix.discovery.DiscoveryClient    : Disable delta property : false
2026-03-27T09:46:58.826+05:30  INFO 42152 --- [KYC-SERVICE] [reshExecutor-%d] com.netflix.discovery.DiscoveryClient    : Single vip registry refresh property : null
2026-03-27T09:46:58.828+05:30  INFO 42152 --- [KYC-SERVICE] [reshExecutor-%d] com.netflix.discovery.DiscoveryClient    : Force full registry fetch : false
2026-03-27T09:46:58.830+05:30  INFO 42152 --- [KYC-SERVICE] [reshExecutor-%d] com.netflix.discovery.DiscoveryClient    : Application is null : false
2026-03-27T09:46:58.831+05:30  INFO 42152 --- [KYC-SERVICE] [reshExecutor-%d] com.netflix.discovery.DiscoveryClient    : Registered Applications size is zero : true
2026-03-27T09:46:58.832+05:30  INFO 42152 --- [KYC-SERVICE] [reshExecutor-%d] com.netflix.discovery.DiscoveryClient    : Application version is -1: false
2026-03-27T09:46:58.832+05:30  INFO 42152 --- [KYC-SERVICE] [reshExecutor-%d] com.netflix.discovery.DiscoveryClient    : Getting all instance registry info from the eureka server
2026-03-27T09:46:58.881+05:30  INFO 42152 --- [KYC-SERVICE] [reshExecutor-%d] com.netflix.discovery.DiscoveryClient    : The response status is 200
2026-03-27T09:51:26.520+05:30  INFO 42152 --- [KYC-SERVICE] [rap-executor-%d] c.n.d.s.r.aws.ConfigClusterResolver      : Resolving eureka endpoints via configuration
2026-03-27T09:52:28.277+05:30  INFO 42152 --- [KYC-SERVICE] [nio-7502-exec-1] o.a.c.c.C.[Tomcat].[localhost].[/]       : Initializing Spring DispatcherServlet 'dispatcherServlet'
2026-03-27T09:52:28.280+05:30  INFO 42152 --- [KYC-SERVICE] [nio-7502-exec-1] o.s.web.servlet.DispatcherServlet        : Initializing Servlet 'dispatcherServlet'
2026-03-27T09:52:28.322+05:30  INFO 42152 --- [KYC-SERVICE] [nio-7502-exec-1] o.s.web.servlet.DispatcherServlet        : Completed initialization in 41 ms
2026-03-27T09:52:29.060+05:30  INFO 42152 --- [KYC-SERVICE] [nio-7502-exec-1] o.springdoc.api.AbstractOpenApiResource  : Init duration for springdoc-openapi is: 458 ms
2026-03-27T09:56:26.536+05:30  INFO 42152 --- [KYC-SERVICE] [rap-executor-%d] c.n.d.s.r.aws.ConfigClusterResolver      : Resolving eureka endpoints via configuration
2026-03-27T10:01:26.541+05:30  INFO 42152 --- [KYC-SERVICE] [rap-executor-%d] c.n.d.s.r.aws.ConfigClusterResolver      : Resolving eureka endpoints via configuration
2026-03-27T10:06:26.556+05:30  INFO 42152 --- [KYC-SERVICE] [rap-executor-%d] c.n.d.s.r.aws.ConfigClusterResolver      : Resolving eureka endpoints via configuration
2026-03-27T10:11:26.564+05:30  INFO 42152 --- [KYC-SERVICE] [rap-executor-%d] c.n.d.s.r.aws.ConfigClusterResolver      : Resolving eureka endpoints via configuration
2026-03-27T10:16:26.576+05:30  INFO 42152 --- [KYC-SERVICE] [rap-executor-%d] c.n.d.s.r.aws.ConfigClusterResolver      : Resolving eureka endpoints via configuration
2026-03-27T10:17:14.324+05:30  INFO 42152 --- [KYC-SERVICE] [   File Watcher] rtingClassPathChangeChangedEventListener : Restarting due to 1 class path change (0 additions, 0 deletions, 1 modification)
2026-03-27T10:17:14.331+05:30  INFO 42152 --- [KYC-SERVICE] [       Thread-1] o.s.c.n.e.s.EurekaServiceRegistry        : Unregistering application KYC-SERVICE with eureka with status DOWN
2026-03-27T10:17:14.331+05:30  INFO 42152 --- [KYC-SERVICE] [       Thread-1] com.netflix.discovery.DiscoveryClient    : Saw local status change event StatusChangeEvent [timestamp=1774586834331, current=DOWN, previous=UP]
2026-03-27T10:17:14.333+05:30  INFO 42152 --- [KYC-SERVICE] [foReplicator-%d] com.netflix.discovery.DiscoveryClient    : DiscoveryClient_KYC-SERVICE/localhost:KYC-SERVICE:7502: registering service...
2026-03-27T10:17:14.348+05:30  INFO 42152 --- [KYC-SERVICE] [foReplicator-%d] com.netflix.discovery.DiscoveryClient    : DiscoveryClient_KYC-SERVICE/localhost:KYC-SERVICE:7502 - registration status: 204
2026-03-27T10:17:14.359+05:30  INFO 42152 --- [KYC-SERVICE] [       Thread-1] j.LocalContainerEntityManagerFactoryBean : Closing JPA EntityManagerFactory for persistence unit 'default'
2026-03-27T10:17:14.364+05:30  INFO 42152 --- [KYC-SERVICE] [       Thread-1] com.zaxxer.hikari.HikariDataSource       : HikariPool-1 - Shutdown initiated...
2026-03-27T10:17:14.372+05:30  INFO 42152 --- [KYC-SERVICE] [       Thread-1] com.zaxxer.hikari.HikariDataSource       : HikariPool-1 - Shutdown completed.
2026-03-27T10:17:14.376+05:30  INFO 42152 --- [KYC-SERVICE] [       Thread-1] com.netflix.discovery.DiscoveryClient    : Shutting down DiscoveryClient ...
2026-03-27T10:17:17.390+05:30  INFO 42152 --- [KYC-SERVICE] [       Thread-1] com.netflix.discovery.DiscoveryClient    : Unregistering ...
2026-03-27T10:17:17.406+05:30  INFO 42152 --- [KYC-SERVICE] [       Thread-1] com.netflix.discovery.DiscoveryClient    : DiscoveryClient_KYC-SERVICE/localhost:KYC-SERVICE:7502 - deregister  status: 200
2026-03-27T10:17:17.406+05:30  INFO 42152 --- [KYC-SERVICE] [       Thread-1] com.netflix.discovery.DiscoveryClient    : Completed shut down of DiscoveryClient

  .   ____          _            __ _ _
 /\\ / ___'_ __ _ _(_)_ __  __ _ \ \ \ \
( ( )\___ | '_ | '_| | '_ \/ _` | \ \ \ \
 \\/  ___)| |_)| | | | | || (_| |  ) ) ) )
  '  |____| .__|_| |_|_| |_\__, | / / / /
 =========|_|==============|___/=/_/_/_/

 :: Spring Boot ::                (v3.3.5)

2026-03-27T10:17:18.524+05:30  INFO 42152 --- [KYC-SERVICE] [  restartedMain] com.kyc.KycServicesApplication           : Starting KycServicesApplication using Java 21.0.6 with PID 42152 (C:\Users\Asus\Desktop\Payment-wallet\KYC-Services\target\classes started by Asus in C:\Users\Asus\Desktop\Payment-wallet\KYC-Services)
2026-03-27T10:17:18.525+05:30 DEBUG 42152 --- [KYC-SERVICE] [  restartedMain] com.kyc.KycServicesApplication           : Running with Spring Boot v3.3.5, Spring v6.1.14
2026-03-27T10:17:18.525+05:30  INFO 42152 --- [KYC-SERVICE] [  restartedMain] com.kyc.KycServicesApplication           : No active profile set, falling back to 1 default profile: "default"
2026-03-27T10:17:18.935+05:30  INFO 42152 --- [KYC-SERVICE] [  restartedMain] .s.d.r.c.RepositoryConfigurationDelegate : Bootstrapping Spring Data JPA repositories in DEFAULT mode.
2026-03-27T10:17:18.947+05:30  INFO 42152 --- [KYC-SERVICE] [  restartedMain] .s.d.r.c.RepositoryConfigurationDelegate : Finished Spring Data repository scanning in 8 ms. Found 1 JPA repository interface.
2026-03-27T10:17:19.061+05:30  INFO 42152 --- [KYC-SERVICE] [  restartedMain] o.s.cloud.context.scope.GenericScope     : BeanFactory id=6bec6ea4-965f-397b-b9b1-46e15f65eab5
2026-03-27T10:17:19.105+05:30  WARN 42152 --- [KYC-SERVICE] [  restartedMain] trationDelegate$BeanPostProcessorChecker : Bean 'org.springframework.cloud.client.loadbalancer.LoadBalancerAutoConfiguration$DeferringLoadBalancerInterceptorConfig' of type [org.springframework.cloud.client.loadbalancer.LoadBalancerAutoConfiguration$DeferringLoadBalancerInterceptorConfig] is not eligible for getting processed by all BeanPostProcessors (for example: not eligible for auto-proxying). The currently created BeanPostProcessor [lbRestClientPostProcessor] is declared through a non-static factory method on that class; consider declaring it as static instead.
2026-03-27T10:17:19.106+05:30  WARN 42152 --- [KYC-SERVICE] [  restartedMain] trationDelegate$BeanPostProcessorChecker : Bean 'deferringLoadBalancerInterceptor' of type [org.springframework.cloud.client.loadbalancer.DeferringLoadBalancerInterceptor] is not eligible for getting processed by all BeanPostProcessors (for example: not eligible for auto-proxying). Is this bean getting eagerly injected/applied to a currently created BeanPostProcessor [lbRestClientPostProcessor]? Check the corresponding BeanPostProcessor declaration and its dependencies/advisors. If this bean does not have to be post-processed, declare it with ROLE_INFRASTRUCTURE.
2026-03-27T10:17:19.194+05:30  INFO 42152 --- [KYC-SERVICE] [  restartedMain] o.s.b.w.embedded.tomcat.TomcatWebServer  : Tomcat initialized with port 7502 (http)
2026-03-27T10:17:19.197+05:30  INFO 42152 --- [KYC-SERVICE] [  restartedMain] o.apache.catalina.core.StandardService   : Starting service [Tomcat]
2026-03-27T10:17:19.198+05:30  INFO 42152 --- [KYC-SERVICE] [  restartedMain] o.apache.catalina.core.StandardEngine    : Starting Servlet engine: [Apache Tomcat/10.1.31]
2026-03-27T10:17:19.225+05:30  INFO 42152 --- [KYC-SERVICE] [  restartedMain] o.a.c.c.C.[Tomcat].[localhost].[/]       : Initializing Spring embedded WebApplicationContext
2026-03-27T10:17:19.226+05:30  INFO 42152 --- [KYC-SERVICE] [  restartedMain] w.s.c.ServletWebServerApplicationContext : Root WebApplicationContext: initialization completed in 698 ms
2026-03-27T10:17:19.371+05:30  INFO 42152 --- [KYC-SERVICE] [  restartedMain] com.zaxxer.hikari.HikariDataSource       : HikariPool-2 - Starting...
2026-03-27T10:17:19.415+05:30  INFO 42152 --- [KYC-SERVICE] [  restartedMain] com.zaxxer.hikari.pool.HikariPool        : HikariPool-2 - Added connection org.postgresql.jdbc.PgConnection@396273fe
2026-03-27T10:17:19.416+05:30  INFO 42152 --- [KYC-SERVICE] [  restartedMain] com.zaxxer.hikari.HikariDataSource       : HikariPool-2 - Start completed.
2026-03-27T10:17:19.418+05:30  INFO 42152 --- [KYC-SERVICE] [  restartedMain] o.hibernate.jpa.internal.util.LogHelper  : HHH000204: Processing PersistenceUnitInfo [name: default]
2026-03-27T10:17:19.422+05:30  INFO 42152 --- [KYC-SERVICE] [  restartedMain] o.h.c.internal.RegionFactoryInitiator    : HHH000026: Second-level cache disabled
2026-03-27T10:17:19.435+05:30  INFO 42152 --- [KYC-SERVICE] [  restartedMain] o.s.o.j.p.SpringPersistenceUnitInfo      : No LoadTimeWeaver setup: ignoring JPA class transformer
2026-03-27T10:17:19.514+05:30  INFO 42152 --- [KYC-SERVICE] [  restartedMain] o.h.e.t.j.p.i.JtaPlatformInitiator       : HHH000489: No JTA platform available (set 'hibernate.transaction.jta.platform' to enable JTA platform integration)
2026-03-27T10:17:19.515+05:30  INFO 42152 --- [KYC-SERVICE] [  restartedMain] j.LocalContainerEntityManagerFactoryBean : Initialized JPA EntityManagerFactory for persistence unit 'default'
2026-03-27T10:17:19.660+05:30  WARN 42152 --- [KYC-SERVICE] [  restartedMain] JpaBaseConfiguration$JpaWebConfiguration : spring.jpa.open-in-view is enabled by default. Therefore, database queries may be performed during view rendering. Explicitly configure spring.jpa.open-in-view to disable this warning
2026-03-27T10:17:19.691+05:30  WARN 42152 --- [KYC-SERVICE] [  restartedMain] .s.s.UserDetailsServiceAutoConfiguration : 

Using generated security password: 54e1adc1-04d7-48b6-96b2-5b29422ffcb4

This generated password is for development use only. Your security configuration must be updated before running your application in production.

2026-03-27T10:17:19.694+05:30  INFO 42152 --- [KYC-SERVICE] [  restartedMain] r$InitializeUserDetailsManagerConfigurer : Global AuthenticationManager configured with UserDetailsService bean with name inMemoryUserDetailsManager
2026-03-27T10:17:20.851+05:30  INFO 42152 --- [KYC-SERVICE] [  restartedMain] o.s.cloud.commons.util.InetUtils         : Cannot determine local hostname
2026-03-27T10:17:20.940+05:30  INFO 42152 --- [KYC-SERVICE] [  restartedMain] o.s.b.a.e.web.EndpointLinksResolver      : Exposing 3 endpoints beneath base path '/actuator'
2026-03-27T10:17:21.243+05:30  WARN 42152 --- [KYC-SERVICE] [  restartedMain] o.s.b.d.a.OptionalLiveReloadServer       : Unable to start LiveReload server
2026-03-27T10:17:22.260+05:30  INFO 42152 --- [KYC-SERVICE] [  restartedMain] o.s.cloud.commons.util.InetUtils         : Cannot determine local hostname
2026-03-27T10:17:22.277+05:30  INFO 42152 --- [KYC-SERVICE] [  restartedMain] DiscoveryClientOptionalArgsConfiguration : Eureka HTTP Client uses RestTemplate.
2026-03-27T10:17:22.323+05:30  WARN 42152 --- [KYC-SERVICE] [  restartedMain] iguration$LoadBalancerCaffeineWarnLogger : Spring Cloud LoadBalancer is currently working with the default cache. While this cache implementation is useful for development and tests, it's recommended to use Caffeine cache in production.You can switch to using Caffeine cache, by adding it and org.springframework.cache.caffeine.CaffeineCacheManager to the classpath.
2026-03-27T10:17:22.345+05:30  INFO 42152 --- [KYC-SERVICE] [  restartedMain] o.s.c.n.eureka.InstanceInfoFactory       : Setting initial instance status as: STARTING
2026-03-27T10:17:22.350+05:30  INFO 42152 --- [KYC-SERVICE] [  restartedMain] com.netflix.discovery.DiscoveryClient    : Initializing Eureka in region us-east-1
2026-03-27T10:17:22.350+05:30  INFO 42152 --- [KYC-SERVICE] [  restartedMain] c.n.d.s.r.aws.ConfigClusterResolver      : Resolving eureka endpoints via configuration
2026-03-27T10:17:22.351+05:30  INFO 42152 --- [KYC-SERVICE] [  restartedMain] com.netflix.discovery.DiscoveryClient    : Disable delta property : false
2026-03-27T10:17:22.351+05:30  INFO 42152 --- [KYC-SERVICE] [  restartedMain] com.netflix.discovery.DiscoveryClient    : Single vip registry refresh property : null
2026-03-27T10:17:22.351+05:30  INFO 42152 --- [KYC-SERVICE] [  restartedMain] com.netflix.discovery.DiscoveryClient    : Force full registry fetch : false
2026-03-27T10:17:22.351+05:30  INFO 42152 --- [KYC-SERVICE] [  restartedMain] com.netflix.discovery.DiscoveryClient    : Application is null : false
2026-03-27T10:17:22.351+05:30  INFO 42152 --- [KYC-SERVICE] [  restartedMain] com.netflix.discovery.DiscoveryClient    : Registered Applications size is zero : true
2026-03-27T10:17:22.351+05:30  INFO 42152 --- [KYC-SERVICE] [  restartedMain] com.netflix.discovery.DiscoveryClient    : Application version is -1: true
2026-03-27T10:17:22.352+05:30  INFO 42152 --- [KYC-SERVICE] [  restartedMain] com.netflix.discovery.DiscoveryClient    : Getting all instance registry info from the eureka server
2026-03-27T10:17:22.397+05:30  INFO 42152 --- [KYC-SERVICE] [  restartedMain] com.netflix.discovery.DiscoveryClient    : The response status is 200
2026-03-27T10:17:22.398+05:30  INFO 42152 --- [KYC-SERVICE] [  restartedMain] com.netflix.discovery.DiscoveryClient    : Starting heartbeat executor: renew interval is: 30
2026-03-27T10:17:22.399+05:30  INFO 42152 --- [KYC-SERVICE] [  restartedMain] c.n.discovery.InstanceInfoReplicator     : InstanceInfoReplicator onDemand update allowed rate per min is 4
2026-03-27T10:17:22.400+05:30  INFO 42152 --- [KYC-SERVICE] [  restartedMain] com.netflix.discovery.DiscoveryClient    : Discovery Client initialized at timestamp 1774586842400 with initial instances count: 10
2026-03-27T10:17:22.406+05:30  INFO 42152 --- [KYC-SERVICE] [  restartedMain] o.s.c.n.e.s.EurekaServiceRegistry        : Registering application KYC-SERVICE with eureka with status UP
2026-03-27T10:17:22.407+05:30  INFO 42152 --- [KYC-SERVICE] [  restartedMain] com.netflix.discovery.DiscoveryClient    : Saw local status change event StatusChangeEvent [timestamp=1774586842407, current=UP, previous=STARTING]
2026-03-27T10:17:22.408+05:30  INFO 42152 --- [KYC-SERVICE] [foReplicator-%d] com.netflix.discovery.DiscoveryClient    : DiscoveryClient_KYC-SERVICE/localhost:KYC-SERVICE:7502: registering service...
2026-03-27T10:17:22.411+05:30  INFO 42152 --- [KYC-SERVICE] [  restartedMain] o.s.b.w.embedded.tomcat.TomcatWebServer  : Tomcat started on port 7502 (http) with context path '/'
2026-03-27T10:17:22.412+05:30  INFO 42152 --- [KYC-SERVICE] [  restartedMain] .s.c.n.e.s.EurekaAutoServiceRegistration : Updating port to 7502
2026-03-27T10:17:22.420+05:30  INFO 42152 --- [KYC-SERVICE] [foReplicator-%d] com.netflix.discovery.DiscoveryClient    : DiscoveryClient_KYC-SERVICE/localhost:KYC-SERVICE:7502 - registration status: 204
2026-03-27T10:17:23.430+05:30  INFO 42152 --- [KYC-SERVICE] [  restartedMain] o.s.cloud.commons.util.InetUtils         : Cannot determine local hostname
2026-03-27T10:17:23.442+05:30  INFO 42152 --- [KYC-SERVICE] [  restartedMain] com.kyc.KycServicesApplication           : Started KycServicesApplication in 5.966 seconds (process running for 1867.247)
2026-03-27T10:17:23.456+05:30  INFO 42152 --- [KYC-SERVICE] [  restartedMain] .ConditionEvaluationDeltaLoggingListener : Condition evaluation delta:


==========================
CONDITION EVALUATION DELTA
==========================


Positive matches:
-----------------

   ServletWebServerFactoryAutoConfiguration.ForwardedHeaderFilterConfiguration matched:
      - @ConditionalOnProperty (server.forward-headers-strategy=framework) matched (OnPropertyCondition)
      - @ConditionalOnMissingBean (types: org.springframework.web.filter.ForwardedHeaderFilter; SearchStrategy: all) did not find any beans (OnBeanCondition)

   ServletWebServerFactoryAutoConfiguration.ForwardedHeaderFilterConfiguration#tomcatForwardedHeaderFilterCustomizer matched:
      - @ConditionalOnClass found required class 'org.apache.catalina.startup.Tomcat' (OnClassCondition)


Negative matches:
-----------------

    None


Exclusions:
-----------

    None


Unconditional classes:
----------------------

    None



[INFO] ------------------------------------------------------------------------
[INFO] BUILD FAILURE
[INFO] ------------------------------------------------------------------------
[INFO] Total time:  32:00 min
[INFO] Finished at: 2026-03-27T10:18:14+05:30
[INFO] ------------------------------------------------------------------------
[ERROR] Failed to execute goal org.springframework.boot:spring-boot-maven-plugin:3.3.5:run (default-cli) on project KYC-Services: Process terminated with exit code: -1 -> [Help 1]
[ERROR] 
[ERROR] To see the full stack trace of the errors, re-run Maven with the -e switch.
[ERROR] Re-run Maven using the -X switch to enable full debug logging.
[ERROR] 
[ERROR] For more information about the errors and possible solutions, please read the following articles:
[ERROR] [Help 1] http://cwiki.apache.org/confluence/display/MAVEN/MojoExecutionException
