[INFO] Scanning for projects...
[WARNING] 
[WARNING] Some problems were encountered while building the effective model for com.payment:Rewards-Service:jar:0.0.1-SNAPSHOT
[WARNING] 'dependencies.dependency.(groupId:artifactId:type:classifier)' must be unique: org.springframework.boot:spring-boot-starter-actuator:jar -> duplicate declaration of version (?) @ line 81, column 23
[WARNING] 
[WARNING] It is highly recommended to fix these problems because they threaten the stability of your build.
[WARNING] 
[WARNING] For this reason, future Maven versions might no longer support building such malformed projects.
[WARNING] 
[INFO] 
[INFO] --------------------< com.payment:Rewards-Service >---------------------
[INFO] Building Rewards-Service 0.0.1-SNAPSHOT
[INFO]   from pom.xml
[INFO] --------------------------------[ jar ]---------------------------------
[INFO] 
[INFO] >>> spring-boot:3.3.5:run (default-cli) > test-compile @ Rewards-Service >>>
[INFO] 
[INFO] --- resources:3.3.1:resources (default-resources) @ Rewards-Service ---
[INFO] Copying 1 resource from src\main\resources to target\classes
[INFO] Copying 0 resource from src\main\resources to target\classes
[INFO] 
[INFO] --- compiler:3.13.0:compile (default-compile) @ Rewards-Service ---
[INFO] Nothing to compile - all classes are up to date.
[INFO] 
[INFO] --- resources:3.3.1:testResources (default-testResources) @ Rewards-Service ---
[INFO] skip non existing resourceDirectory C:\Users\Asus\Desktop\Payment-wallet\Rewards-Service\src\test\resources
[INFO] 
[INFO] --- compiler:3.13.0:testCompile (default-testCompile) @ Rewards-Service ---
[INFO] Nothing to compile - all classes are up to date.
[INFO] 
[INFO] <<< spring-boot:3.3.5:run (default-cli) < test-compile @ Rewards-Service <<<
[INFO] 
[INFO] 
[INFO] --- spring-boot:3.3.5:run (default-cli) @ Rewards-Service ---
[INFO] Attaching agents: []

  .   ____          _            __ _ _
 /\\ / ___'_ __ _ _(_)_ __  __ _ \ \ \ \
( ( )\___ | '_ | '_| | '_ \/ _` | \ \ \ \
 \\/  ___)| |_)| | | | | || (_| |  ) ) ) )
  '  |____| .__|_| |_|_| |_\__, | / / / /
 =========|_|==============|___/=/_/_/_/

 :: Spring Boot ::                (v3.3.5)

2026-03-27T10:54:07.318+05:30  INFO 34076 --- [Rewards-Service] [  restartedMain] com.rewards.RewardsServiceApplication    : Starting RewardsServiceApplication using Java 21.0.6 with PID 34076 (C:\Users\Asus\Desktop\Payment-wallet\Rewards-Service\target\classes started by Asus in C:\Users\Asus\Desktop\Payment-wallet\Rewards-Service)
2026-03-27T10:54:07.320+05:30 DEBUG 34076 --- [Rewards-Service] [  restartedMain] com.rewards.RewardsServiceApplication    : Running with Spring Boot v3.3.5, Spring v6.1.14
2026-03-27T10:54:07.322+05:30  INFO 34076 --- [Rewards-Service] [  restartedMain] com.rewards.RewardsServiceApplication    : No active profile set, falling back to 1 default profile: "default"
2026-03-27T10:54:07.374+05:30  INFO 34076 --- [Rewards-Service] [  restartedMain] .e.DevToolsPropertyDefaultsPostProcessor : Devtools property defaults active! Set 'spring.devtools.add-properties' to 'false' to disable
2026-03-27T10:54:07.374+05:30  INFO 34076 --- [Rewards-Service] [  restartedMain] .e.DevToolsPropertyDefaultsPostProcessor : For additional web related logging consider setting the 'logging.level.web' property to 'DEBUG'
2026-03-27T10:54:08.597+05:30  INFO 34076 --- [Rewards-Service] [  restartedMain] .s.d.r.c.RepositoryConfigurationDelegate : Bootstrapping Spring Data JPA repositories in DEFAULT mode.
2026-03-27T10:54:08.729+05:30  INFO 34076 --- [Rewards-Service] [  restartedMain] .s.d.r.c.RepositoryConfigurationDelegate : Finished Spring Data repository scanning in 126 ms. Found 6 JPA repository interfaces.
2026-03-27T10:54:09.083+05:30  INFO 34076 --- [Rewards-Service] [  restartedMain] o.s.cloud.context.scope.GenericScope     : BeanFactory id=59514101-4c72-3478-bd32-022d72891227
2026-03-27T10:54:09.420+05:30  WARN 34076 --- [Rewards-Service] [  restartedMain] trationDelegate$BeanPostProcessorChecker : Bean 'org.springframework.cloud.client.loadbalancer.LoadBalancerAutoConfiguration$DeferringLoadBalancerInterceptorConfig' of type [org.springframework.cloud.client.loadbalancer.LoadBalancerAutoConfiguration$DeferringLoadBalancerInterceptorConfig] is not eligible for getting processed by all BeanPostProcessors (for example: not eligible for auto-proxying). The currently created BeanPostProcessor [lbRestClientPostProcessor] is declared through a non-static factory method on that class; consider declaring it as static instead.
2026-03-27T10:54:09.426+05:30  WARN 34076 --- [Rewards-Service] [  restartedMain] trationDelegate$BeanPostProcessorChecker : Bean 'deferringLoadBalancerInterceptor' of type [org.springframework.cloud.client.loadbalancer.DeferringLoadBalancerInterceptor] is not eligible for getting processed by all BeanPostProcessors (for example: not eligible for auto-proxying). Is this bean getting eagerly injected/applied to a currently created BeanPostProcessor [lbRestClientPostProcessor]? Check the corresponding BeanPostProcessor declaration and its dependencies/advisors. If this bean does not have to be post-processed, declare it with ROLE_INFRASTRUCTURE.
2026-03-27T10:54:09.888+05:30  INFO 34076 --- [Rewards-Service] [  restartedMain] o.s.b.w.embedded.tomcat.TomcatWebServer  : Tomcat initialized with port 7511 (http)
2026-03-27T10:54:09.900+05:30  INFO 34076 --- [Rewards-Service] [  restartedMain] o.apache.catalina.core.StandardService   : Starting service [Tomcat]
2026-03-27T10:54:09.901+05:30  INFO 34076 --- [Rewards-Service] [  restartedMain] o.apache.catalina.core.StandardEngine    : Starting Servlet engine: [Apache Tomcat/10.1.31]
2026-03-27T10:54:09.952+05:30  INFO 34076 --- [Rewards-Service] [  restartedMain] o.a.c.c.C.[Tomcat].[localhost].[/]       : Initializing Spring embedded WebApplicationContext
2026-03-27T10:54:09.953+05:30  INFO 34076 --- [Rewards-Service] [  restartedMain] w.s.c.ServletWebServerApplicationContext : Root WebApplicationContext: initialization completed in 2577 ms
2026-03-27T10:54:10.417+05:30  INFO 34076 --- [Rewards-Service] [  restartedMain] o.hibernate.jpa.internal.util.LogHelper  : HHH000204: Processing PersistenceUnitInfo [name: default]
2026-03-27T10:54:10.466+05:30  INFO 34076 --- [Rewards-Service] [  restartedMain] org.hibernate.Version                    : HHH000412: Hibernate ORM core version 6.5.3.Final
2026-03-27T10:54:10.499+05:30  INFO 34076 --- [Rewards-Service] [  restartedMain] o.h.c.internal.RegionFactoryInitiator    : HHH000026: Second-level cache disabled
2026-03-27T10:54:10.792+05:30  INFO 34076 --- [Rewards-Service] [  restartedMain] o.s.o.j.p.SpringPersistenceUnitInfo      : No LoadTimeWeaver setup: ignoring JPA class transformer
2026-03-27T10:54:10.817+05:30  INFO 34076 --- [Rewards-Service] [  restartedMain] com.zaxxer.hikari.HikariDataSource       : HikariPool-1 - Starting...
2026-03-27T10:54:10.967+05:30  INFO 34076 --- [Rewards-Service] [  restartedMain] com.zaxxer.hikari.pool.HikariPool        : HikariPool-1 - Added connection org.postgresql.jdbc.PgConnection@698576f5
2026-03-27T10:54:10.968+05:30  INFO 34076 --- [Rewards-Service] [  restartedMain] com.zaxxer.hikari.HikariDataSource       : HikariPool-1 - Start completed.
2026-03-27T10:54:10.998+05:30  WARN 34076 --- [Rewards-Service] [  restartedMain] org.hibernate.orm.deprecation            : HHH90000025: PostgreSQLDialect does not need to be specified explicitly using 'hibernate.dialect' (remove the property setting and it will be selected by default)
2026-03-27T10:54:11.959+05:30  INFO 34076 --- [Rewards-Service] [  restartedMain] o.h.e.t.j.p.i.JtaPlatformInitiator       : HHH000489: No JTA platform available (set 'hibernate.transaction.jta.platform' to enable JTA platform integration)
2026-03-27T10:54:16.773+05:30  INFO 34076 --- [Rewards-Service] [  restartedMain] j.LocalContainerEntityManagerFactoryBean : Initialized JPA EntityManagerFactory for persistence unit 'default'
2026-03-27T10:54:17.920+05:30  WARN 34076 --- [Rewards-Service] [  restartedMain] JpaBaseConfiguration$JpaWebConfiguration : spring.jpa.open-in-view is enabled by default. Therefore, database queries may be performed during view rendering. Explicitly configure spring.jpa.open-in-view to disable this warning
2026-03-27T10:54:18.155+05:30  WARN 34076 --- [Rewards-Service] [  restartedMain] o.s.b.d.a.OptionalLiveReloadServer       : Unable to start LiveReload server
2026-03-27T10:54:19.236+05:30  INFO 34076 --- [Rewards-Service] [  restartedMain] o.s.cloud.commons.util.InetUtils         : Cannot determine local hostname
2026-03-27T10:54:19.386+05:30  INFO 34076 --- [Rewards-Service] [  restartedMain] o.s.c.openfeign.FeignClientFactoryBean   : For 'Wallet-Service' URL not provided. Will try picking an instance via load-balancing.
2026-03-27T10:54:25.770+05:30  INFO 34076 --- [Rewards-Service] [  restartedMain] o.s.cloud.commons.util.InetUtils         : Cannot determine local hostname
2026-03-27T10:54:25.899+05:30  INFO 34076 --- [Rewards-Service] [  restartedMain] DiscoveryClientOptionalArgsConfiguration : Eureka HTTP Client uses RestTemplate.
2026-03-27T10:54:26.191+05:30  WARN 34076 --- [Rewards-Service] [  restartedMain] iguration$LoadBalancerCaffeineWarnLogger : Spring Cloud LoadBalancer is currently working with the default cache. While this cache implementation is useful for development and tests, it's recommended to use Caffeine cache in production.You can switch to using Caffeine cache, by adding it and org.springframework.cache.caffeine.CaffeineCacheManager to the classpath.
2026-03-27T10:54:26.291+05:30  INFO 34076 --- [Rewards-Service] [  restartedMain] o.s.b.a.e.web.EndpointLinksResolver      : Exposing 3 endpoints beneath base path '/actuator'
2026-03-27T10:54:26.605+05:30  INFO 34076 --- [Rewards-Service] [  restartedMain] o.s.c.n.eureka.InstanceInfoFactory       : Setting initial instance status as: STARTING
2026-03-27T10:54:26.659+05:30  INFO 34076 --- [Rewards-Service] [  restartedMain] com.netflix.discovery.DiscoveryClient    : Initializing Eureka in region us-east-1
2026-03-27T10:54:26.667+05:30  INFO 34076 --- [Rewards-Service] [  restartedMain] c.n.d.s.r.aws.ConfigClusterResolver      : Resolving eureka endpoints via configuration
2026-03-27T10:54:26.682+05:30  INFO 34076 --- [Rewards-Service] [  restartedMain] com.netflix.discovery.DiscoveryClient    : Disable delta property : false
2026-03-27T10:54:26.683+05:30  INFO 34076 --- [Rewards-Service] [  restartedMain] com.netflix.discovery.DiscoveryClient    : Single vip registry refresh property : null
2026-03-27T10:54:26.683+05:30  INFO 34076 --- [Rewards-Service] [  restartedMain] com.netflix.discovery.DiscoveryClient    : Force full registry fetch : false
2026-03-27T10:54:26.684+05:30  INFO 34076 --- [Rewards-Service] [  restartedMain] com.netflix.discovery.DiscoveryClient    : Application is null : false
2026-03-27T10:54:26.685+05:30  INFO 34076 --- [Rewards-Service] [  restartedMain] com.netflix.discovery.DiscoveryClient    : Registered Applications size is zero : true
2026-03-27T10:54:26.686+05:30  INFO 34076 --- [Rewards-Service] [  restartedMain] com.netflix.discovery.DiscoveryClient    : Application version is -1: true
2026-03-27T10:54:26.686+05:30  INFO 34076 --- [Rewards-Service] [  restartedMain] com.netflix.discovery.DiscoveryClient    : Getting all instance registry info from the eureka server
2026-03-27T10:54:27.286+05:30  INFO 34076 --- [Rewards-Service] [  restartedMain] com.netflix.discovery.DiscoveryClient    : The response status is 200
2026-03-27T10:54:27.295+05:30  INFO 34076 --- [Rewards-Service] [  restartedMain] com.netflix.discovery.DiscoveryClient    : Starting heartbeat executor: renew interval is: 30
2026-03-27T10:54:27.299+05:30  INFO 34076 --- [Rewards-Service] [  restartedMain] c.n.discovery.InstanceInfoReplicator     : InstanceInfoReplicator onDemand update allowed rate per min is 4
2026-03-27T10:54:27.305+05:30  INFO 34076 --- [Rewards-Service] [  restartedMain] com.netflix.discovery.DiscoveryClient    : Discovery Client initialized at timestamp 1774589067302 with initial instances count: 8
2026-03-27T10:54:27.335+05:30  INFO 34076 --- [Rewards-Service] [  restartedMain] o.s.c.n.e.s.EurekaServiceRegistry        : Registering application REWARDS-SERVICE with eureka with status UP
2026-03-27T10:54:27.339+05:30  INFO 34076 --- [Rewards-Service] [  restartedMain] com.netflix.discovery.DiscoveryClient    : Saw local status change event StatusChangeEvent [timestamp=1774589067339, current=UP, previous=STARTING]
2026-03-27T10:54:27.344+05:30  INFO 34076 --- [Rewards-Service] [foReplicator-%d] com.netflix.discovery.DiscoveryClient    : DiscoveryClient_REWARDS-SERVICE/localhost:Rewards-Service:7511: registering service...
2026-03-27T10:54:27.383+05:30  INFO 34076 --- [Rewards-Service] [  restartedMain] o.s.b.w.embedded.tomcat.TomcatWebServer  : Tomcat started on port 7511 (http) with context path '/'
2026-03-27T10:54:27.385+05:30  INFO 34076 --- [Rewards-Service] [  restartedMain] .s.c.n.e.s.EurekaAutoServiceRegistration : Updating port to 7511
2026-03-27T10:54:27.413+05:30  INFO 34076 --- [Rewards-Service] [foReplicator-%d] com.netflix.discovery.DiscoveryClient    : DiscoveryClient_REWARDS-SERVICE/localhost:Rewards-Service:7511 - registration status: 204
2026-03-27T10:54:28.407+05:30  INFO 34076 --- [Rewards-Service] [  restartedMain] o.s.cloud.commons.util.InetUtils         : Cannot determine local hostname
2026-03-27T10:54:28.417+05:30  INFO 34076 --- [Rewards-Service] [  restartedMain] o.s.a.r.c.CachingConnectionFactory       : Attempting to connect to: [localhost:5672]
2026-03-27T10:54:28.589+05:30  INFO 34076 --- [Rewards-Service] [  restartedMain] o.s.a.r.c.CachingConnectionFactory       : Created new connection: rabbitConnectionFactory#642c62f1:0/SimpleConnection@5e68832f [delegate=amqp://guest@127.0.0.1:5672/, localPort=56606]
2026-03-27T10:54:28.779+05:30  INFO 34076 --- [Rewards-Service] [  restartedMain] com.rewards.RewardsServiceApplication    : Started RewardsServiceApplication in 22.894 seconds (process running for 23.329)
2026-03-27T10:59:26.699+05:30  INFO 34076 --- [Rewards-Service] [rap-executor-%d] c.n.d.s.r.aws.ConfigClusterResolver      : Resolving eureka endpoints via configuration
2026-03-27T11:04:26.724+05:30  INFO 34076 --- [Rewards-Service] [rap-executor-%d] c.n.d.s.r.aws.ConfigClusterResolver      : Resolving eureka endpoints via configuration
2026-03-27T11:09:26.735+05:30  INFO 34076 --- [Rewards-Service] [rap-executor-%d] c.n.d.s.r.aws.ConfigClusterResolver      : Resolving eureka endpoints via configuration
2026-03-27T11:14:26.741+05:30  INFO 34076 --- [Rewards-Service] [rap-executor-%d] c.n.d.s.r.aws.ConfigClusterResolver      : Resolving eureka endpoints via configuration
